Archive member included because of file (symbol)

c:/altera/12.1sp1/nios2eds/bin/gnu/h-i686-mingw32/bin/../lib/gcc/nios2-elf/4.1.2/../../../../nios2-elf/lib\libstdc++.a(functexcept.o)
                              obj/default/socketserver.o (std::__throw_bad_alloc())
c:/altera/12.1sp1/nios2eds/bin/gnu/h-i686-mingw32/bin/../lib/gcc/nios2-elf/4.1.2/../../../../nios2-elf/lib\libstdc++.a(ios_failure.o)
                              c:/altera/12.1sp1/nios2eds/bin/gnu/h-i686-mingw32/bin/../lib/gcc/nios2-elf/4.1.2/../../../../nios2-elf/lib\libstdc++.a(functexcept.o) (std::ios_base::failure::~failure())
c:/altera/12.1sp1/nios2eds/bin/gnu/h-i686-mingw32/bin/../lib/gcc/nios2-elf/4.1.2/../../../../nios2-elf/lib\libstdc++.a(stdexcept.o)
                              c:/altera/12.1sp1/nios2eds/bin/gnu/h-i686-mingw32/bin/../lib/gcc/nios2-elf/4.1.2/../../../../nios2-elf/lib\libstdc++.a(functexcept.o) (std::runtime_error::what() const)
c:/altera/12.1sp1/nios2eds/bin/gnu/h-i686-mingw32/bin/../lib/gcc/nios2-elf/4.1.2/../../../../nios2-elf/lib\libstdc++.a(string-inst.o)
                              c:/altera/12.1sp1/nios2eds/bin/gnu/h-i686-mingw32/bin/../lib/gcc/nios2-elf/4.1.2/../../../../nios2-elf/lib\libstdc++.a(functexcept.o) (std::string::_Rep::_S_empty_rep_storage)
c:/altera/12.1sp1/nios2eds/bin/gnu/h-i686-mingw32/bin/../lib/gcc/nios2-elf/4.1.2/../../../../nios2-elf/lib\libstdc++.a(atomicity.o)
                              c:/altera/12.1sp1/nios2eds/bin/gnu/h-i686-mingw32/bin/../lib/gcc/nios2-elf/4.1.2/../../../../nios2-elf/lib\libstdc++.a(functexcept.o) (__gnu_cxx::__exchange_and_add(int volatile*, int))
c:/altera/12.1sp1/nios2eds/bin/gnu/h-i686-mingw32/bin/../lib/gcc/nios2-elf/4.1.2/../../../../nios2-elf/lib\libstdc++.a(eh_exception.o)
                              c:/altera/12.1sp1/nios2eds/bin/gnu/h-i686-mingw32/bin/../lib/gcc/nios2-elf/4.1.2/../../../../nios2-elf/lib\libstdc++.a(ios_failure.o) (std::exception::~exception())
c:/altera/12.1sp1/nios2eds/bin/gnu/h-i686-mingw32/bin/../lib/gcc/nios2-elf/4.1.2/../../../../nios2-elf/lib\libstdc++.a(new_handler.o)
                              c:/altera/12.1sp1/nios2eds/bin/gnu/h-i686-mingw32/bin/../lib/gcc/nios2-elf/4.1.2/../../../../nios2-elf/lib\libstdc++.a(functexcept.o) (vtable for std::bad_alloc)
c:/altera/12.1sp1/nios2eds/bin/gnu/h-i686-mingw32/bin/../lib/gcc/nios2-elf/4.1.2/../../../../nios2-elf/lib\libstdc++.a(class_type_info.o)
                              obj/default/sensors/SensorState.o (vtable for __cxxabiv1::__class_type_info)
c:/altera/12.1sp1/nios2eds/bin/gnu/h-i686-mingw32/bin/../lib/gcc/nios2-elf/4.1.2/../../../../nios2-elf/lib\libstdc++.a(guard.o)
                              obj/default/socketserver.o (__cxa_guard_release)
c:/altera/12.1sp1/nios2eds/bin/gnu/h-i686-mingw32/bin/../lib/gcc/nios2-elf/4.1.2/../../../../nios2-elf/lib\libstdc++.a(eh_personality.o)
                              obj/default/sensors/ADCSensor.o (__gxx_personality_sj0)
c:/altera/12.1sp1/nios2eds/bin/gnu/h-i686-mingw32/bin/../lib/gcc/nios2-elf/4.1.2/../../../../nios2-elf/lib\libstdc++.a(eh_terminate.o)
                              c:/altera/12.1sp1/nios2eds/bin/gnu/h-i686-mingw32/bin/../lib/gcc/nios2-elf/4.1.2/../../../../nios2-elf/lib\libstdc++.a(eh_personality.o) (__cxxabiv1::__terminate(void (*)()))
c:/altera/12.1sp1/nios2eds/bin/gnu/h-i686-mingw32/bin/../lib/gcc/nios2-elf/4.1.2/../../../../nios2-elf/lib\libstdc++.a(eh_term_handler.o)
                              c:/altera/12.1sp1/nios2eds/bin/gnu/h-i686-mingw32/bin/../lib/gcc/nios2-elf/4.1.2/../../../../nios2-elf/lib\libstdc++.a(eh_terminate.o) (__cxxabiv1::__terminate_handler)
c:/altera/12.1sp1/nios2eds/bin/gnu/h-i686-mingw32/bin/../lib/gcc/nios2-elf/4.1.2/../../../../nios2-elf/lib\libstdc++.a(eh_catch.o)
                              c:/altera/12.1sp1/nios2eds/bin/gnu/h-i686-mingw32/bin/../lib/gcc/nios2-elf/4.1.2/../../../../nios2-elf/lib\libstdc++.a(eh_personality.o) (__cxa_end_catch)
c:/altera/12.1sp1/nios2eds/bin/gnu/h-i686-mingw32/bin/../lib/gcc/nios2-elf/4.1.2/../../../../nios2-elf/lib\libstdc++.a(del_op.o)
                              obj/default/sensors/ADCSensor.o (operator delete(void*))
c:/altera/12.1sp1/nios2eds/bin/gnu/h-i686-mingw32/bin/../lib/gcc/nios2-elf/4.1.2/../../../../nios2-elf/lib\libstdc++.a(eh_throw.o)
                              c:/altera/12.1sp1/nios2eds/bin/gnu/h-i686-mingw32/bin/../lib/gcc/nios2-elf/4.1.2/../../../../nios2-elf/lib\libstdc++.a(eh_personality.o) (__cxa_rethrow)
c:/altera/12.1sp1/nios2eds/bin/gnu/h-i686-mingw32/bin/../lib/gcc/nios2-elf/4.1.2/../../../../nios2-elf/lib\libstdc++.a(bad_typeid.o)
                              c:/altera/12.1sp1/nios2eds/bin/gnu/h-i686-mingw32/bin/../lib/gcc/nios2-elf/4.1.2/../../../../nios2-elf/lib\libstdc++.a(functexcept.o) (vtable for std::bad_typeid)
c:/altera/12.1sp1/nios2eds/bin/gnu/h-i686-mingw32/bin/../lib/gcc/nios2-elf/4.1.2/../../../../nios2-elf/lib\libstdc++.a(si_class_type_info.o)
[...]
Memory Configuration

Name             Origin             Length             Attributes
com_memory_BEFORE_RESET 0x04000000         0x00005000
reset            0x04005000         0x00000020
com_memory       0x04005020         0x03ffafe0
ethernet_subsystem_descriptor_memory 0x08000000         0x00002000
shared_memory    0x08002000         0x00001000
*default*        0x00000000         0xffffffff

Linker script and memory map

LOAD ../Car2X_communication_bsp//obj/HAL/src/crt0.o
LOAD obj/default/alt_error_handler.o
LOAD obj/default/main.o
LOAD obj/default/network_utilities.o
LOAD obj/default/tse_my_system.o
LOAD obj/default/etc/utility.o
LOAD obj/default/external_drivers/accelerometer_interface.o
LOAD obj/default/external_drivers/adc_interface.o
LOAD obj/default/external_drivers/ultrasound_interface.o
LOAD obj/default/pendingAnswers.o
LOAD obj/default/sensors/ADCSensor.o
LOAD obj/default/sensors/AccelerationSensor.o
LOAD obj/default/sensors/SensorState.o
LOAD obj/default/sensors/UltrasoundSensor.o
LOAD obj/default/socketserver.o
LOAD obj/default/terasic_lib/I2C.o
LOAD obj/default/terasic_lib/accelerometer_adxl345_spi.o
LOAD obj/default/terasic_lib/adc_spi_read.o
LOAD obj/default/terasic_lib/terasic_spi.o
LOAD obj/default/ADCInfoMessage.o
LOAD obj/default/ADCValuesMessage.o
LOAD obj/default/AccelerationValuesMessage.o
LOAD obj/default/CControlMessage.o
LOAD obj/default/CEmergencyBrakeMessage.o
LOAD obj/default/CInfoSensorMessage.o
LOAD obj/default/CInfoStateMessage.o
LOAD obj/default/CRemoteControlMessage.o
LOAD obj/default/CarMessage.o
LOAD obj/default/CarProtocol.o
LOAD obj/default/MotorMeasurementMessage.o
LOAD obj/default/MotorVelocityMessage.o
LOAD obj/default/UltrasoundDistanceMessage.o
LOAD obj/default/WelcomeMessage.o
LOAD obj/default/MemSharedArea.o
LOAD c:/altera/12.1sp1/nios2eds/bin/gnu/h-i686-mingw32/bin/../lib/gcc/nios2-elf/4.1.2/../../../../nios2-elf/lib\libstdc++.a
LOAD c:/altera/12.1sp1/nios2eds/bin/gnu/h-i686-mingw32/bin/../lib/gcc/nios2-elf/4.1.2/../../../../nios2-elf/lib\libm.a
LOAD c:/altera/12.1sp1/nios2eds/bin/gnu/h-i686-mingw32/bin/../lib/gcc/nios2-elf/4.1.2\libgcc.a
START GROUP
LOAD c:/altera/12.1sp1/nios2eds/bin/gnu/h-i686-mingw32/bin/../lib/gcc/nios2-elf/4.1.2/../../../../nios2-elf/lib\libc.a
LOAD c:/altera/12.1sp1/nios2eds/bin/gnu/h-i686-mingw32/bin/../lib/gcc/nios2-elf/4.1.2\libgcc.a
LOAD ../Car2X_communication_bsp/\libucosii_bsp.a
END GROUP
LOAD c:/altera/12.1sp1/nios2eds/bin/gnu/h-i686-mingw32/bin/../lib/gcc/nios2-elf/4.1.2\libgcc.a
                0x04000000                __alt_mem_com_memory = 0x4000000
                0x08000000                __alt_mem_ethernet_subsystem_descriptor_memory = 0x8000000
                0x08002000                __alt_mem_shared_memory = 0x8002000

.entry          0x04005000       0x20
 *(.entry)
 .entry         0x04005000       0x20 ../Car2X_communication_bsp//obj/HAL/src/crt0.o
                0x04005000                __reset

.exceptions     0x04005020      0x19c
                0x04005020                PROVIDE (__ram_exceptions_start, ABSOLUTE (.))
                0x04005020                . = ALIGN (0x20)
 *(.irq)
 *(.exceptions.entry.label)
 .exceptions.entry.label
                0x04005020        0x0 ../Car2X_communication_bsp/\libucosii_bsp.a(alt_irq_entry.o)
                0x04005020                alt_irq_entry
 .exceptions.entry.label
                0x04005020        0x0 ../Car2X_communication_bsp/\libucosii_bsp.a(alt_exception_entry.o)
                0x04005020                alt_exception
 *(.exceptions.entry.user)
 *(.exceptions.entry)
 .exceptions.entry
                0x04005020       0x54 ../Car2X_communication_bsp/\libucosii_bsp.a(alt_exception_entry.o)
 *(.exceptions.irqtest.user)
 *(.exceptions.irqtest)
 .exceptions.irqtest
                0x04005074       0x10 ../Car2X_communication_bsp/\libucosii_bsp.a(alt_irq_entry.o)
 *(.exceptions.irqhandler.user)
 *(.exceptions.irqhandler)
 .exceptions.irqhandler
                0x04005084        0x4 ../Car2X_communication_bsp/\libucosii_bsp.a(alt_irq_entry.o)
 *(.exceptions.irqreturn.user)
 *(.exceptions.irqreturn)
 .exceptions.irqreturn
                0x04005088        0x4 ../Car2X_communication_bsp/\libucosii_bsp.a(alt_irq_entry.o)
 *(.exceptions.notirq.label)
 .exceptions.notirq.label
                0x0400508c        0x0 ../Car2X_communication_bsp/\libucosii_bsp.a(alt_irq_entry.o)
 *(.exceptions.notirq.user)
 *(.exceptions.notirq)
 .exceptions.notirq
                0x0400508c        0x8 ../Car2X_communication_bsp/\libucosii_bsp.a(alt_exception_entry.o)
 *(.exceptions.soft.user)
 *(.exceptions.soft)
 *(.exceptions.unknown.user)
 *(.exceptions.unknown)
 .exceptions.unknown
                0x04005094        0x4 ../Car2X_communication_bsp/\libucosii_bsp.a(alt_exception_entry.o)
 *(.exceptions.exit.label)
 .exceptions.exit.label
                0x04005098        0x0 ../Car2X_communication_bsp/\libucosii_bsp.a(alt_irq_entry.o)
 .exceptions.exit.label
                0x04005098        0x0 ../Car2X_communication_bsp/\libucosii_bsp.a(alt_exception_entry.o)
 *(.exceptions.exit.user)
 *(.exceptions.exit)
 .exceptions.exit
                0x04005098       0x54 ../Car2X_communication_bsp/\libucosii_bsp.a(alt_exception_entry.o)
 *(.exceptions)
 .exceptions    0x040050ec       0xd0 ../Car2X_communication_bsp/\libucosii_bsp.a(alt_irq_handler.o)
                0x040050ec                alt_irq_handler
                0x040051bc                PROVIDE (__ram_exceptions_end, ABSOLUTE (.))
                0x04005020                PROVIDE (__flash_exceptions_start, LOADADDR (.exceptions))

.text           0x040051bc    0x5ca30
                0x040051bc                PROVIDE (stext, ABSOLUTE (.))
 *(.interp)
 *(.hash)
 *(.dynsym)
 *(.dynstr)
 *(.gnu.version)
 *(.gnu.version_d)
 *(.gnu.version_r)
 *(.rel.init)
 *(.rela.init)
 *(.rel.text .rel.text.* .rel.gnu.linkonce.t.*)
 *(.rela.text .rela.text.* .rela.gnu.linkonce.t.*)
 *(.rel.fini)
 *(.rela.fini)
 *(.rel.rodata .rel.rodata.* .rel.gnu.linkonce.r.*)
 *(.rela.rodata .rela.rodata.* .rela.gnu.linkonce.r.*)
 *(.rel.data .rel.data.* .rel.gnu.linkonce.d.*)
 *(.rela.data .rela.data.* .rela.gnu.linkonce.d.*)
 *(.rel.tdata .rel.tdata.* .rel.gnu.linkonce.td.*)
 *(.rela.tdata .rela.tdata.* .rela.gnu.linkonce.td.*)
 *(.rel.tbss .rel.tbss.* .rel.gnu.linkonce.tb.*)
 *(.rela.tbss .rela.tbss.* .rela.gnu.linkonce.tb.*)
 *(.rel.ctors)
 *(.rela.ctors)
 *(.rel.dtors)
 *(.rela.dtors)
 *(.rel.got)
 *(.rela.got)
 *(.rel.sdata .rel.sdata.* .rel.gnu.linkonce.s.*)
 *(.rela.sdata .rela.sdata.* .rela.gnu.linkonce.s.*)
 *(.rel.sbss .rel.sbss.* .rel.gnu.linkonce.sb.*)
 *(.rela.sbss .rela.sbss.* .rela.gnu.linkonce.sb.*)
 *(.rel.sdata2 .rel.sdata2.* .rel.gnu.linkonce.s2.*)
 *(.rela.sdata2 .rela.sdata2.* .rela.gnu.linkonce.s2.*)
 *(.rel.sbss2 .rel.sbss2.* .rel.gnu.linkonce.sb2.*)
 *(.rela.sbss2 .rela.sbss2.* .rela.gnu.linkonce.sb2.*)
 *(.rel.bss .rel.bss.* .rel.gnu.linkonce.b.*)
 *(.rela.bss .rela.bss.* .rela.gnu.linkonce.b.*)
 *(.rel.plt)
 *(.rela.plt)
 *(.rel.dyn)
 *(.init)
 *(.plt)
 *(.text .stub .text.* .gnu.linkonce.t.*)
 .text          0x040051bc       0x4c ../Car2X_communication_bsp//obj/HAL/src/crt0.o
                0x040051bc                _start
 .text          0x04005208      0xba8 obj/default/alt_error_handler.o
                0x04005208                alt_uCOSIIErrorHandler
                0x0400582c                alt_NetworkErrorHandler
                0x04005ac4                alt_SSSErrorHandler
 .text          0x04005db0       0xec obj/default/main.o
                0x04005db0                SSSInitialTask
                0x04005e20                main
 .text          0x04005e9c      0x5f8 obj/default/network_utilities.o
                0x04005e9c                get_mac_addr
                0x04005ef4                get_ip_addr
                0x040060b8                get_serial_number
                0x04006294                generate_and_store_mac_addr
                0x040062c0                generate_mac_addr
                0x040063fc                get_board_mac_addr
                0x0400646c                FindLastFlashSectorOffset
 .text          0x04006494        0x0 obj/default/tse_my_system.o
 .text          0x04006494       0xf8 obj/default/etc/utility.o
                0x04006494                delay(unsigned int)
                0x040064dc                swapEndianess(unsigned char*, unsigned long)
 .text          0x0400658c      0x110 obj/default/external_drivers/accelerometer_interface.o
                0x0400658c                getAcceleration(short*)
 .text          0x0400669c      0x1fc obj/default/external_drivers/adc_interface.o
                0x0400669c                ReadADCChannels(unsigned char*, unsigned char, unsigned long*)
 .text          0x04006898      0x104 obj/default/external_drivers/ultrasound_interface.o
                0x04006898                measuredistance(unsigned long)
 .text          0x0400699c       0x1c obj/default/pendingAnswers.o
                0x0400699c                processPendingAnswers()
 .text          0x040069b8      0x4c4 obj/default/sensors/ADCSensor.o
                0x040069b8                CADCSensor::updateSensorState(CCarMessage*)
                0x040069e0                CADCSensor::getValueByChannel(unsigned char)
                0x04006a60                CADCSensor::getChannelAliasStrings()
                0x04006a88                CADCSensor::getCarMessage()
                0x04006c9c                CADCSensor::~CADCSensor()
                0x04006cf4                CADCSensor::~CADCSensor()
                0x04006d4c                CADCSensor::~CADCSensor()
                0x04006da4                CADCSensor::CADCSensor()
                0x04006e10                CADCSensor::CADCSensor()
 .text          0x04006e7c      0x3bc obj/default/sensors/AccelerationSensor.o
                0x04006e7c                CAccelerationSensor::updateSensorState(CCarMessage*)
                0x04006ea4                CAccelerationSensor::getXAcceleration()
                0x04006ed8                CAccelerationSensor::getYAcceleration()
                0x04006f0c                CAccelerationSensor::getZAcceleration()
                0x04006f40                CAccelerationSensor::isAccelerationValid()
                0x04006f6c                CAccelerationSensor::getCarMessage()
                0x04007088                CAccelerationSensor::~CAccelerationSensor()
                0x040070e0                CAccelerationSensor::~CAccelerationSensor()
                0x04007138                CAccelerationSensor::~CAccelerationSensor()
                0x04007190                CAccelerationSensor::CAccelerationSensor()
                0x040071e4                CAccelerationSensor::CAccelerationSensor()
 .text          0x04007238      0x1f4 obj/default/sensors/SensorState.o
                0x04007238                CSensorState::CSensorState()
                0x04007268                CSensorState::CSensorState()
                0x04007298                CSensorState::getCarMessage()
                0x040072bc                CSensorState::updateSensorState(CCarMessage*)
                0x040072e4                CSensorState::getType()
                0x04007310                CSensorState::isValid()
                0x0400733c                CSensorState::~CSensorState()
                0x0400738c                CSensorState::~CSensorState()
                0x040073dc                CSensorState::~CSensorState()
 .text          0x0400742c      0x340 obj/default/sensors/UltrasoundSensor.o
                0x0400742c                CUltrasoundSensor::updateSensorState(CCarMessage*)
                0x04007454                CUltrasoundSensor::getDistance()
                0x04007480                CUltrasoundSensor::isDistanceValid()
                0x040074b0                CUltrasoundSensor::getCarMessage()
                0x040075cc                CUltrasoundSensor::~CUltrasoundSensor()
                0x04007624                CUltrasoundSensor::~CUltrasoundSensor()
                0x0400767c                CUltrasoundSensor::~CUltrasoundSensor()
                0x040076d4                CUltrasoundSensor::CUltrasoundSensor()
                0x04007720                CUltrasoundSensor::CUltrasoundSensor()
 .text          0x0400776c     0x54a0 obj/default/socketserver.o
                0x0400776c                processPendingAnswers
                0x04007788                swapEndianess
                0x04007868                sss_reset_connection(SSS_SOCKET*)
                0x040078d0                receive_bytes(SSS_SOCKET*)
                0x0400795c                sss_exec_command(CCarProtocol*, SSS_SOCKET*, currEmReqAnswer*, currRemCtrlAnswer*, currCCtrlAnswer*)
                0x0400a13c                sss_handle_receive_new(SSS_SOCKET*, currEmReqAnswer*, currRemCtrlAnswer*, currCCtrlAnswer*)
                0x0400a4cc                sss_handle_accept(int, SSS_SOCKET*)
                0x0400a6dc                SSSSimpleSocketServerTask
 .text._ZNK12CCarProtocol17getUiPacketNumberEv
                0x0400cc0c       0x2c obj/default/socketserver.o
                0x0400cc0c                CCarProtocol::getUiPacketNumber() const
 .text._ZnwmPv  0x0400cc38       0x28 obj/default/socketserver.o
                0x0400cc38                operator new(unsigned long, void*)
 .text._ZNK24CMotorMeasurementMessage9getIDTypeEv
                0x0400cc60       0x34 obj/default/socketserver.o
                0x0400cc60                CMotorMeasurementMessage::getIDType() const
 .text._ZNK24CMotorMeasurementMessage9getIITypeEv
                0x0400cc94       0x34 obj/default/socketserver.o
                0x0400cc94                CMotorMeasurementMessage::getIIType() const
 .text._ZNK24CMotorMeasurementMessage12getIMaxSpeedEv
                0x0400ccc8       0x34 obj/default/socketserver.o
                0x0400ccc8                CMotorMeasurementMessage::getIMaxSpeed() const
 .text._ZNK24CMotorMeasurementMessage9getIPTypeEv
                0x0400ccfc       0x34 obj/default/socketserver.o
                0x0400ccfc                CMotorMeasurementMessage::getIPType() const
 .text._ZNK24CMotorMeasurementMessage23getUiWheelCircumferenceEv
                0x0400cd30       0x2c obj/default/socketserver.o
                0x0400cd30                CMotorMeasurementMessage::getUiWheelCircumference() const
 .text._ZNK21CMotorVelocityMessage16getICurrentSpeedEv
                0x0400cd5c       0x34 obj/default/socketserver.o
                0x0400cd5c                CMotorVelocityMessage::getICurrentSpeed() const
 .text._ZNK21CMotorVelocityMessage16getIDesiredSpeedEv
                0x0400cd90       0x34 obj/default/socketserver.o
                0x0400cd90                CMotorVelocityMessage::getIDesiredSpeed() const
 .text._ZN15CControlMessage19get_siVelFrontRightEv
                0x0400cdc4       0x34 obj/default/socketserver.o
                0x0400cdc4                CControlMessage::get_siVelFrontRight()
 .text._ZN15CControlMessage18get_siVelFrontLeftEv
                0x0400cdf8       0x34 obj/default/socketserver.o
                0x0400cdf8                CControlMessage::get_siVelFrontLeft()
 .text._ZN15CControlMessage18get_siVelRearRightEv
                0x0400ce2c       0x34 obj/default/socketserver.o
                0x0400ce2c                CControlMessage::get_siVelRearRight()
 .text._ZN15CControlMessage17get_siVelRearLeftEv
                0x0400ce60       0x34 obj/default/socketserver.o
                0x0400ce60                CControlMessage::get_siVelRearLeft()
 .text._ZN21CRemoteControlMessage11get_ipPart1Ev
                0x0400ce94       0x2c obj/default/socketserver.o
                0x0400ce94                CRemoteControlMessage::get_ipPart1()
 .text._ZN21CRemoteControlMessage11get_ipPart2Ev
                0x0400cec0       0x2c obj/default/socketserver.o
                0x0400cec0                CRemoteControlMessage::get_ipPart2()
 .text._ZN21CRemoteControlMessage11get_ipPart3Ev
                0x0400ceec       0x2c obj/default/socketserver.o
                0x0400ceec                CRemoteControlMessage::get_ipPart3()
 .text._ZN21CRemoteControlMessage11get_ipPart4Ev
                0x0400cf18       0x2c obj/default/socketserver.o
                0x0400cf18                CRemoteControlMessage::get_ipPart4()
 .text._ZN11CCarMessageC2ERKS_
                0x0400cf44       0x84 obj/default/socketserver.o
                0x0400cf44                CCarMessage::CCarMessage(CCarMessage const&)
 .text._ZN15CWelcomeMessageC1ERKS_
                0x0400cfc8       0xb0 obj/default/socketserver.o
                0x0400cfc8                CWelcomeMessage::CWelcomeMessage(CWelcomeMessage const&)
 .text._ZN9__gnu_cxx13new_allocatorIP10SSS_SOCKETEC2Ev
                0x0400d078       0x20 obj/default/socketserver.o
                0x0400d078                __gnu_cxx::new_allocator<SSS_SOCKET*>::new_allocator()
 .text._ZNSaIP10SSS_SOCKETEC1Ev
                0x0400d098       0x30 obj/default/socketserver.o
                0x0400d098                std::allocator<SSS_SOCKET*>::allocator()
 .text._ZN9__gnu_cxx13new_allocatorIP10SSS_SOCKETED2Ev
                0x0400d0c8       0x20 obj/default/socketserver.o
                0x0400d0c8                __gnu_cxx::new_allocator<SSS_SOCKET*>::~new_allocator()
 .text._ZNSaIP10SSS_SOCKETED1Ev
                0x0400d0e8       0x30 obj/default/socketserver.o
                0x0400d0e8                std::allocator<SSS_SOCKET*>::~allocator()
 .text._ZNSaIP10SSS_SOCKETED2Ev
                0x0400d118       0x30 obj/default/socketserver.o
                0x0400d118                std::allocator<SSS_SOCKET*>::~allocator()
 .text._ZN9__gnu_cxx13new_allocatorIP10SSS_SOCKETEC2ERKS3_
                0x0400d148       0x24 obj/default/socketserver.o
                0x0400d148                __gnu_cxx::new_allocator<SSS_SOCKET*>::new_allocator(__gnu_cxx::new_allocator<SSS_SOCKET*> const&)
 .text._ZNSaIP10SSS_SOCKETEC2ERKS1_
                0x0400d16c       0x38 obj/default/socketserver.o
                0x0400d16c                std::allocator<SSS_SOCKET*>::allocator(std::allocator<SSS_SOCKET*> const&)
 .text._ZNSaIP10SSS_SOCKETEC1ERKS1_
                0x0400d1a4       0x38 obj/default/socketserver.o
                0x0400d1a4                std::allocator<SSS_SOCKET*>::allocator(std::allocator<SSS_SOCKET*> const&)
 .text._ZNSt12_Vector_baseIP10SSS_SOCKETSaIS1_EE12_Vector_implD1Ev
                0x0400d1dc       0x30 obj/default/socketserver.o
                0x0400d1dc                std::_Vector_base<SSS_SOCKET*, std::allocator<SSS_SOCKET*> >::_Vector_impl::~_Vector_impl()
 .text._ZNSt12_Vector_baseIP10SSS_SOCKETSaIS1_EE19_M_get_Tp_allocatorEv
                0x0400d20c       0x24 obj/default/socketserver.o
                0x0400d20c                std::_Vector_base<SSS_SOCKET*, std::allocator<SSS_SOCKET*> >::_M_get_Tp_allocator()
 .text._ZNK9__gnu_cxx17__normal_iteratorIPP10SSS_SOCKETSt6vectorIS2_SaIS2_EEEdeEv
                0x0400d230       0x28 obj/default/socketserver.o
                0x0400d230                __gnu_cxx::__normal_iterator<SSS_SOCKET**, std::vector<SSS_SOCKET*, std::allocator<SSS_SOCKET*> > >::operator*() const
 .text._ZN9__gnu_cxx17__normal_iteratorIPP10SSS_SOCKETSt6vectorIS2_SaIS2_EEEC1ERKS3_
                0x0400d258       0x34 obj/default/socketserver.o
                0x0400d258                __gnu_cxx::__normal_iterator<SSS_SOCKET**, std::vector<SSS_SOCKET*, std::allocator<SSS_SOCKET*> > >::__normal_iterator(SSS_SOCKET** const&)
 .text._ZNSt6vectorIP10SSS_SOCKETSaIS1_EE5beginEv
                0x0400d28c       0x38 obj/default/socketserver.o
                0x0400d28c                std::vector<SSS_SOCKET*, std::allocator<SSS_SOCKET*> >::begin()
 .text._ZNK9__gnu_cxx17__normal_iteratorIPP10SSS_SOCKETSt6vectorIS2_SaIS2_EEEplERKl
                0x0400d2c4       0x5c obj/default/socketserver.o
                0x0400d2c4                __gnu_cxx::__normal_iterator<SSS_SOCKET**, std::vector<SSS_SOCKET*, std::allocator<SSS_SOCKET*> > >::operator+(long const&) const
 .text._ZNSt6vectorIP10SSS_SOCKETSaIS1_EEixEm
                0x0400d320       0x58 obj/default/socketserver.o
                0x0400d320                std::vector<SSS_SOCKET*, std::allocator<SSS_SOCKET*> >::operator[](unsigned long)
 .text._ZNSt6vectorIP10SSS_SOCKETSaIS1_EE3endEv
                0x0400d378       0x3c obj/default/socketserver.o
                0x0400d378                std::vector<SSS_SOCKET*, std::allocator<SSS_SOCKET*> >::end()
 .text._ZN9__gnu_cxx13new_allocatorIP10SSS_SOCKETE7destroyEPS2_
                0x0400d3b4       0x24 obj/default/socketserver.o
                0x0400d3b4                __gnu_cxx::new_allocator<SSS_SOCKET*>::destroy(SSS_SOCKET**)
 .text._ZN9__gnu_cxx13new_allocatorIP10SSS_SOCKETE9constructEPS2_RKS2_
                0x0400d3d8       0x5c obj/default/socketserver.o
                0x0400d3d8                __gnu_cxx::new_allocator<SSS_SOCKET*>::construct(SSS_SOCKET**, SSS_SOCKET* const&)
 .text._ZNSt12_Vector_baseIP10SSS_SOCKETSaIS1_EE12_Vector_implC1ERKS2_
                0x0400d434       0x50 obj/default/socketserver.o
                0x0400d434                std::_Vector_base<SSS_SOCKET*, std::allocator<SSS_SOCKET*> >::_Vector_impl::_Vector_impl(std::allocator<SSS_SOCKET*> const&)
 .text._ZNSt12_Vector_baseIP10SSS_SOCKETSaIS1_EEC2ERKS2_
                0x0400d484       0x38 obj/default/socketserver.o
                0x0400d484                std::_Vector_base<SSS_SOCKET*, std::allocator<SSS_SOCKET*> >::_Vector_base(std::allocator<SSS_SOCKET*> const&)
 .text._ZNSt6vectorIP10SSS_SOCKETSaIS1_EEC1ERKS2_
                0x0400d4bc       0x38 obj/default/socketserver.o
                0x0400d4bc                std::vector<SSS_SOCKET*, std::allocator<SSS_SOCKET*> >::vector(std::allocator<SSS_SOCKET*> const&)
 .text._ZN9__gnu_cxx17__normal_iteratorIPKP10SSS_SOCKETSt6vectorIS2_SaIS2_EEEC1ERKS4_
                0x0400d4f4       0x34 obj/default/socketserver.o
                0x0400d4f4                __gnu_cxx::__normal_iterator<SSS_SOCKET* const*, std::vector<SSS_SOCKET*, std::allocator<SSS_SOCKET*> > >::__normal_iterator(SSS_SOCKET* const* const&)
 .text._ZNKSt6vectorIP10SSS_SOCKETSaIS1_EE3endEv
                0x0400d528       0x44 obj/default/socketserver.o
                0x0400d528                std::vector<SSS_SOCKET*, std::allocator<SSS_SOCKET*> >::end() const
 .text._ZNKSt6vectorIP10SSS_SOCKETSaIS1_EE5beginEv
                0x0400d56c       0x44 obj/default/socketserver.o
                0x0400d56c                std::vector<SSS_SOCKET*, std::allocator<SSS_SOCKET*> >::begin() const
 .text._ZNK9__gnu_cxx17__normal_iteratorIPKP10SSS_SOCKETSt6vectorIS2_SaIS2_EEE4baseEv
                0x0400d5b0       0x24 obj/default/socketserver.o
                0x0400d5b0                __gnu_cxx::__normal_iterator<SSS_SOCKET* const*, std::vector<SSS_SOCKET*, std::allocator<SSS_SOCKET*> > >::base() const
 .text._ZN9__gnu_cxxmiIPKP10SSS_SOCKETS4_St6vectorIS2_SaIS2_EEEENS_17__normal_iteratorIT_T1_E15difference_typeERKSB_RKNS8_IT0_SA_EE
                0x0400d5d4       0x58 obj/default/socketserver.o
                0x0400d5d4                __gnu_cxx::__normal_iterator<SSS_SOCKET* const*, std::vector<SSS_SOCKET*, std::allocator<SSS_SOCKET*> > >::difference_type __gnu_cxx::operator-<SSS_SOCKET* const*, SSS_SOCKET* const*, std::vector<SSS_SOCKET*, std::allocator<SSS_SOCKET*> > >(__gnu_cxx::__normal_iterator<SSS_SOCKET* const*, std::vector<SSS_SOCKET*, std::allocator<SSS_SOCKET*> > > const&, __gnu_cxx::__normal_iterator<SSS_SOCKET* const*, std::vector<SSS_SOCKET*, std::allocator<SSS_SOCKET*> > > const&)
 .text._ZNKSt6vectorIP10SSS_SOCKETSaIS1_EE4sizeEv
                0x0400d62c       0x4c obj/default/socketserver.o
                0x0400d62c                std::vector<SSS_SOCKET*, std::allocator<SSS_SOCKET*> >::size() const
 .text._ZNK9__gnu_cxx17__normal_iteratorIPP10SSS_SOCKETSt6vectorIS2_SaIS2_EEE4baseEv
                0x0400d678       0x24 obj/default/socketserver.o
                0x0400d678                __gnu_cxx::__normal_iterator<SSS_SOCKET**, std::vector<SSS_SOCKET*, std::allocator<SSS_SOCKET*> > >::base() const
 .text._ZN9__gnu_cxxneIPP10SSS_SOCKETSt6vectorIS2_SaIS2_EEEEbRKNS_17__normal_iteratorIT_T0_EESC_
                0x0400d69c       0x50 obj/default/socketserver.o
                0x0400d69c                bool __gnu_cxx::operator!=<SSS_SOCKET**, std::vector<SSS_SOCKET*, std::allocator<SSS_SOCKET*> > >(__gnu_cxx::__normal_iterator<SSS_SOCKET**, std::vector<SSS_SOCKET*, std::allocator<SSS_SOCKET*> > > const&, __gnu_cxx::__normal_iterator<SSS_SOCKET**, std::vector<SSS_SOCKET*, std::allocator<SSS_SOCKET*> > > const&)
 .text._ZNKSt6vectorIP10SSS_SOCKETSaIS1_EE8max_sizeEv
                0x0400d6ec       0x28 obj/default/socketserver.o
                0x0400d6ec                std::vector<SSS_SOCKET*, std::allocator<SSS_SOCKET*> >::max_size() const
 .text._ZN9__gnu_cxx17__normal_iteratorIPP10SSS_SOCKETSt6vectorIS2_SaIS2_EEEppEv
                0x0400d714       0x38 obj/default/socketserver.o
                0x0400d714                __gnu_cxx::__normal_iterator<SSS_SOCKET**, std::vector<SSS_SOCKET*, std::allocator<SSS_SOCKET*> > >::operator++()
 .text._ZSt13__destroy_auxIPP10SSS_SOCKETEvT_S3_11__true_type
                0x0400d74c       0x28 obj/default/socketserver.o
                0x0400d74c                void std::__destroy_aux<SSS_SOCKET**>(SSS_SOCKET**, SSS_SOCKET**, __true_type)
 .text._ZSt8_DestroyIPP10SSS_SOCKETEvT_S3_
                0x0400d774       0x3c obj/default/socketserver.o
                0x0400d774                void std::_Destroy<SSS_SOCKET**>(SSS_SOCKET**, SSS_SOCKET**)
 .text._ZSt8_DestroyIPP10SSS_SOCKETS1_EvT_S3_SaIT0_E
                0x0400d7b0       0x3c obj/default/socketserver.o
                0x0400d7b0                void std::_Destroy<SSS_SOCKET**, SSS_SOCKET*>(SSS_SOCKET**, SSS_SOCKET**, std::allocator<SSS_SOCKET*>)
 .text._ZNK9__gnu_cxx13new_allocatorIP10SSS_SOCKETE8max_sizeEv
                0x0400d7ec       0x28 obj/default/socketserver.o
                0x0400d7ec                __gnu_cxx::new_allocator<SSS_SOCKET*>::max_size() const
 .text._ZSt13__destroy_auxIN9__gnu_cxx17__normal_iteratorIPP10SSS_SOCKETSt6vectorIS3_SaIS3_EEEEEvT_S9_11__true_type
                0x0400d814       0x28 obj/default/socketserver.o
                0x0400d814                void std::__destroy_aux<__gnu_cxx::__normal_iterator<SSS_SOCKET**, std::vector<SSS_SOCKET*, std::allocator<SSS_SOCKET*> > > >(__gnu_cxx::__normal_iterator<SSS_SOCKET**, std::vector<SSS_SOCKET*, std::allocator<SSS_SOCKET*> > >, __gnu_cxx::__normal_iterator<SSS_SOCKET**, std::vector<SSS_SOCKET*, std::allocator<SSS_SOCKET*> > >, __true_type)
 .text._ZSt8_DestroyIN9__gnu_cxx17__normal_iteratorIPP10SSS_SOCKETSt6vectorIS3_SaIS3_EEEEEvT_S9_
                0x0400d83c       0x3c obj/default/socketserver.o
                0x0400d83c                void std::_Destroy<__gnu_cxx::__normal_iterator<SSS_SOCKET**, std::vector<SSS_SOCKET*, std::allocator<SSS_SOCKET*> > > >(__gnu_cxx::__normal_iterator<SSS_SOCKET**, std::vector<SSS_SOCKET*, std::allocator<SSS_SOCKET*> > >, __gnu_cxx::__normal_iterator<SSS_SOCKET**, std::vector<SSS_SOCKET*, std::allocator<SSS_SOCKET*> > >)
 .text._ZSt8_DestroyIN9__gnu_cxx17__normal_iteratorIPP10SSS_SOCKETSt6vectorIS3_SaIS3_EEEES3_EvT_S9_SaIT0_E
                0x0400d878       0x3c obj/default/socketserver.o
                0x0400d878                void std::_Destroy<__gnu_cxx::__normal_iterator<SSS_SOCKET**, std::vector<SSS_SOCKET*, std::allocator<SSS_SOCKET*> > >, SSS_SOCKET*>(__gnu_cxx::__normal_iterator<SSS_SOCKET**, std::vector<SSS_SOCKET*, std::allocator<SSS_SOCKET*> > >, __gnu_cxx::__normal_iterator<SSS_SOCKET**, std::vector<SSS_SOCKET*, std::allocator<SSS_SOCKET*> > >, std::allocator<SSS_SOCKET*>)
 .text._ZN9__gnu_cxx13new_allocatorIP10SSS_SOCKETE10deallocateEPS2_m
                0x0400d8b4       0x38 obj/default/socketserver.o
                0x0400d8b4                __gnu_cxx::new_allocator<SSS_SOCKET*>::deallocate(SSS_SOCKET**, unsigned long)
 .text._ZNSt12_Vector_baseIP10SSS_SOCKETSaIS1_EE13_M_deallocateEPS1_m
                0x0400d8ec       0x50 obj/default/socketserver.o
                0x0400d8ec                std::_Vector_base<SSS_SOCKET*, std::allocator<SSS_SOCKET*> >::_M_deallocate(SSS_SOCKET**, unsigned long)
 .text._ZNSt12_Vector_baseIP10SSS_SOCKETSaIS1_EED2Ev
                0x0400d93c       0x60 obj/default/socketserver.o
                0x0400d93c                std::_Vector_base<SSS_SOCKET*, std::allocator<SSS_SOCKET*> >::~_Vector_base()
 .text._ZNSt6vectorIP10SSS_SOCKETSaIS1_EED1Ev
                0x0400d99c       0x7c obj/default/socketserver.o
                0x0400d99c                std::vector<SSS_SOCKET*, std::allocator<SSS_SOCKET*> >::~vector()
 .text._ZNSt6__copyILb1ESt26random_access_iterator_tagE4copyIP10SSS_SOCKETEEPT_PKS5_S8_S6_
                0x0400da18       0x64 obj/default/socketserver.o
                0x0400da18                SSS_SOCKET** std::__copy<true, std::random_access_iterator_tag>::copy<SSS_SOCKET*>(SSS_SOCKET* const*, SSS_SOCKET* const*, SSS_SOCKET**)
 .text._ZSt10__copy_auxIPP10SSS_SOCKETS2_ET0_T_S4_S3_
                0x0400da7c       0x48 obj/default/socketserver.o
                0x0400da7c                SSS_SOCKET** std::__copy_aux<SSS_SOCKET**, SSS_SOCKET**>(SSS_SOCKET**, SSS_SOCKET**, SSS_SOCKET**)
 .text._ZNSt13__copy_normalILb1ELb1EE6copy_nIN9__gnu_cxx17__normal_iteratorIPP10SSS_SOCKETSt6vectorIS5_SaIS5_EEEESA_EET0_T_SC_SB_
                0x0400dac4       0x84 obj/default/socketserver.o
                0x0400dac4                __gnu_cxx::__normal_iterator<SSS_SOCKET**, std::vector<SSS_SOCKET*, std::allocator<SSS_SOCKET*> > > std::__copy_normal<true, true>::copy_n<__gnu_cxx::__normal_iterator<SSS_SOCKET**, std::vector<SSS_SOCKET*, std::allocator<SSS_SOCKET*> > >, __gnu_cxx::__normal_iterator<SSS_SOCKET**, std::vector<SSS_SOCKET*, std::allocator<SSS_SOCKET*> > > >(__gnu_cxx::__normal_iterator<SSS_SOCKET**, std::vector<SSS_SOCKET*, std::allocator<SSS_SOCKET*> > >, __gnu_cxx::__normal_iterator<SSS_SOCKET**, std::vector<SSS_SOCKET*, std::allocator<SSS_SOCKET*> > >, __gnu_cxx::__normal_iterator<SSS_SOCKET**, std::vector<SSS_SOCKET*, std::allocator<SSS_SOCKET*> > >)
 .text._ZSt4copyIN9__gnu_cxx17__normal_iteratorIPP10SSS_SOCKETSt6vectorIS3_SaIS3_EEEES8_ET0_T_SA_S9_
                0x0400db48       0x50 obj/default/socketserver.o
                0x0400db48                __gnu_cxx::__normal_iterator<SSS_SOCKET**, std::vector<SSS_SOCKET*, std::allocator<SSS_SOCKET*> > > std::copy<__gnu_cxx::__normal_iterator<SSS_SOCKET**, std::vector<SSS_SOCKET*, std::allocator<SSS_SOCKET*> > >, __gnu_cxx::__normal_iterator<SSS_SOCKET**, std::vector<SSS_SOCKET*, std::allocator<SSS_SOCKET*> > > >(__gnu_cxx::__normal_iterator<SSS_SOCKET**, std::vector<SSS_SOCKET*, std::allocator<SSS_SOCKET*> > >, __gnu_cxx::__normal_iterator<SSS_SOCKET**, std::vector<SSS_SOCKET*, std::allocator<SSS_SOCKET*> > >, __gnu_cxx::__normal_iterator<SSS_SOCKET**, std::vector<SSS_SOCKET*, std::allocator<SSS_SOCKET*> > >)
 .text._ZNSt6vectorIP10SSS_SOCKETSaIS1_EE5eraseEN9__gnu_cxx17__normal_iteratorIPS1_S3_EE
                0x0400db98       0xcc obj/default/socketserver.o
                0x0400db98                std::vector<SSS_SOCKET*, std::allocator<SSS_SOCKET*> >::erase(__gnu_cxx::__normal_iterator<SSS_SOCKET**, std::vector<SSS_SOCKET*, std::allocator<SSS_SOCKET*> > >)
 .text._ZSt24__uninitialized_copy_auxIN9__gnu_cxx17__normal_iteratorIPP10SSS_SOCKETSt6vectorIS3_SaIS3_EEEES8_ET0_T_SA_S9_11__true_type
                0x0400dc64       0x44 obj/default/socketserver.o
                0x0400dc64                __gnu_cxx::__normal_iterator<SSS_SOCKET**, std::vector<SSS_SOCKET*, std::allocator<SSS_SOCKET*> > > std::__uninitialized_copy_aux<__gnu_cxx::__normal_iterator<SSS_SOCKET**, std::vector<SSS_SOCKET*, std::allocator<SSS_SOCKET*> > >, __gnu_cxx::__normal_iterator<SSS_SOCKET**, std::vector<SSS_SOCKET*, std::allocator<SSS_SOCKET*> > > >(__gnu_cxx::__normal_iterator<SSS_SOCKET**, std::vector<SSS_SOCKET*, std::allocator<SSS_SOCKET*> > >, __gnu_cxx::__normal_iterator<SSS_SOCKET**, std::vector<SSS_SOCKET*, std::allocator<SSS_SOCKET*> > >, __gnu_cxx::__normal_iterator<SSS_SOCKET**, std::vector<SSS_SOCKET*, std::allocator<SSS_SOCKET*> > >, __true_type)
 .text._ZSt18uninitialized_copyIN9__gnu_cxx17__normal_iteratorIPP10SSS_SOCKETSt6vectorIS3_SaIS3_EEEES8_ET0_T_SA_S9_
                0x0400dca8       0x44 obj/default/socketserver.o
                0x0400dca8                __gnu_cxx::__normal_iterator<SSS_SOCKET**, std::vector<SSS_SOCKET*, std::allocator<SSS_SOCKET*> > > std::uninitialized_copy<__gnu_cxx::__normal_iterator<SSS_SOCKET**, std::vector<SSS_SOCKET*, std::allocator<SSS_SOCKET*> > >, __gnu_cxx::__normal_iterator<SSS_SOCKET**, std::vector<SSS_SOCKET*, std::allocator<SSS_SOCKET*> > > >(__gnu_cxx::__normal_iterator<SSS_SOCKET**, std::vector<SSS_SOCKET*, std::allocator<SSS_SOCKET*> > >, __gnu_cxx::__normal_iterator<SSS_SOCKET**, std::vector<SSS_SOCKET*, std::allocator<SSS_SOCKET*> > >, __gnu_cxx::__normal_iterator<SSS_SOCKET**, std::vector<SSS_SOCKET*, std::allocator<SSS_SOCKET*> > >)
 .text._ZSt22__uninitialized_copy_aIN9__gnu_cxx17__normal_iteratorIPP10SSS_SOCKETSt6vectorIS3_SaIS3_EEEES8_S3_ET0_T_SA_S9_SaIT1_E
                0x0400dcec       0x44 obj/default/socketserver.o
                0x0400dcec                __gnu_cxx::__normal_iterator<SSS_SOCKET**, std::vector<SSS_SOCKET*, std::allocator<SSS_SOCKET*> > > std::__uninitialized_copy_a<__gnu_cxx::__normal_iterator<SSS_SOCKET**, std::vector<SSS_SOCKET*, std::allocator<SSS_SOCKET*> > >, __gnu_cxx::__normal_iterator<SSS_SOCKET**, std::vector<SSS_SOCKET*, std::allocator<SSS_SOCKET*> > >, SSS_SOCKET*>(__gnu_cxx::__normal_iterator<SSS_SOCKET**, std::vector<SSS_SOCKET*, std::allocator<SSS_SOCKET*> > >, __gnu_cxx::__normal_iterator<SSS_SOCKET**, std::vector<SSS_SOCKET*, std::allocator<SSS_SOCKET*> > >, __gnu_cxx::__normal_iterator<SSS_SOCKET**, std::vector<SSS_SOCKET*, std::allocator<SSS_SOCKET*> > >, std::allocator<SSS_SOCKET*>)
 .text._ZNSt15__copy_backwardILb1ESt26random_access_iterator_tagE6copy_bIP10SSS_SOCKETEEPT_PKS5_S8_S6_
                0x0400dd30       0x8c obj/default/socketserver.o
                0x0400dd30                SSS_SOCKET** std::__copy_backward<true, std::random_access_iterator_tag>::copy_b<SSS_SOCKET*>(SSS_SOCKET* const*, SSS_SOCKET* const*, SSS_SOCKET**)
 .text._ZSt19__copy_backward_auxIPP10SSS_SOCKETS2_ET0_T_S4_S3_
                0x0400ddbc       0x48 obj/default/socketserver.o
                0x0400ddbc                SSS_SOCKET** std::__copy_backward_aux<SSS_SOCKET**, SSS_SOCKET**>(SSS_SOCKET**, SSS_SOCKET**, SSS_SOCKET**)
 .text._ZNSt22__copy_backward_normalILb1ELb1EE8copy_b_nIN9__gnu_cxx17__normal_iteratorIPP10SSS_SOCKETSt6vectorIS5_SaIS5_EEEESA_EET0_T_SC_SB_
                0x0400de04       0x84 obj/default/socketserver.o
                0x0400de04                __gnu_cxx::__normal_iterator<SSS_SOCKET**, std::vector<SSS_SOCKET*, std::allocator<SSS_SOCKET*> > > std::__copy_backward_normal<true, true>::copy_b_n<__gnu_cxx::__normal_iterator<SSS_SOCKET**, std::vector<SSS_SOCKET*, std::allocator<SSS_SOCKET*> > >, __gnu_cxx::__normal_iterator<SSS_SOCKET**, std::vector<SSS_SOCKET*, std::allocator<SSS_SOCKET*> > > >(__gnu_cxx::__normal_iterator<SSS_SOCKET**, std::vector<SSS_SOCKET*, std::allocator<SSS_SOCKET*> > >, __gnu_cxx::__normal_iterator<SSS_SOCKET**, std::vector<SSS_SOCKET*, std::allocator<SSS_SOCKET*> > >, __gnu_cxx::__normal_iterator<SSS_SOCKET**, std::vector<SSS_SOCKET*, std::allocator<SSS_SOCKET*> > >)
 .text._ZSt13copy_backwardIN9__gnu_cxx17__normal_iteratorIPP10SSS_SOCKETSt6vectorIS3_SaIS3_EEEES8_ET0_T_SA_S9_
                0x0400de88       0x50 obj/default/socketserver.o
                0x0400de88                __gnu_cxx::__normal_iterator<SSS_SOCKET**, std::vector<SSS_SOCKET*, std::allocator<SSS_SOCKET*> > > std::copy_backward<__gnu_cxx::__normal_iterator<SSS_SOCKET**, std::vector<SSS_SOCKET*, std::allocator<SSS_SOCKET*> > >, __gnu_cxx::__normal_iterator<SSS_SOCKET**, std::vector<SSS_SOCKET*, std::allocator<SSS_SOCKET*> > > >(__gnu_cxx::__normal_iterator<SSS_SOCKET**, std::vector<SSS_SOCKET*, std::allocator<SSS_SOCKET*> > >, __gnu_cxx::__normal_iterator<SSS_SOCKET**, std::vector<SSS_SOCKET*, std::allocator<SSS_SOCKET*> > >, __gnu_cxx::__normal_iterator<SSS_SOCKET**, std::vector<SSS_SOCKET*, std::allocator<SSS_SOCKET*> > >)
 .text._ZN13MemControllerI8CarStateE16getSharedMemAreaEv
                0x0400ded8       0x78 obj/default/socketserver.o
                0x0400ded8                MemController<CarState>::getSharedMemArea()
 .text._ZN13MemControllerI8CarStateE20releaseSharedMemAreaEv
                0x0400df50       0x5c obj/default/socketserver.o
                0x0400df50                MemController<CarState>::releaseSharedMemArea()
 .text._ZN13MemControllerI8CarStateEC1Ev
                0x0400dfac      0x120 obj/default/socketserver.o
                0x0400dfac                MemController<CarState>::MemController()
 .text._ZN13MemControllerI8CarStateE10getElementEmb
                0x0400e0cc       0xc8 obj/default/socketserver.o
                0x0400e0cc                MemController<CarState>::getElement(unsigned long, bool)
 .text._ZN13MemControllerI8CarStateE14getLastElementEb
                0x0400e194       0x50 obj/default/socketserver.o
                0x0400e194                MemController<CarState>::getLastElement(bool)
 .text._ZN13MemControllerI8CarStateE11pushElementERS0_
                0x0400e1e4      0x110 obj/default/socketserver.o
                0x0400e1e4                MemController<CarState>::pushElement(CarState&)
 .text._ZN9__gnu_cxx13new_allocatorIP10SSS_SOCKETE8allocateEmPKv
                0x0400e2f4       0x6c obj/default/socketserver.o
                0x0400e2f4                __gnu_cxx::new_allocator<SSS_SOCKET*>::allocate(unsigned long, void const*)
 .text._ZNSt12_Vector_baseIP10SSS_SOCKETSaIS1_EE11_M_allocateEm
                0x0400e360       0x40 obj/default/socketserver.o
                0x0400e360                std::_Vector_base<SSS_SOCKET*, std::allocator<SSS_SOCKET*> >::_M_allocate(unsigned long)
 .text._ZNSt6vectorIP10SSS_SOCKETSaIS1_EE13_M_insert_auxEN9__gnu_cxx17__normal_iteratorIPS1_S3_EERKS1_
                0x0400e3a0      0x300 obj/default/socketserver.o
                0x0400e3a0                std::vector<SSS_SOCKET*, std::allocator<SSS_SOCKET*> >::_M_insert_aux(__gnu_cxx::__normal_iterator<SSS_SOCKET**, std::vector<SSS_SOCKET*, std::allocator<SSS_SOCKET*> > >, SSS_SOCKET* const&)
 .text._ZNSt6vectorIP10SSS_SOCKETSaIS1_EE9push_backERKS1_
                0x0400e6a0       0x88 obj/default/socketserver.o
                0x0400e6a0                std::vector<SSS_SOCKET*, std::allocator<SSS_SOCKET*> >::push_back(SSS_SOCKET* const&)
 .text._ZN13MemControllerI8CarStateED1Ev
                0x0400e728       0x34 obj/default/socketserver.o
                0x0400e728                MemController<CarState>::~MemController()
 .text          0x0400e75c      0xb44 obj/default/terasic_lib/I2C.o
                0x0400e75c                i2c_stop(unsigned long, unsigned long)
                0x0400e7d4                i2c_start(unsigned long, unsigned long)
                0x0400e85c                i2c_read(unsigned long, unsigned long, unsigned char*, bool)
                0x0400e9b0                i2c_write(unsigned long, unsigned long, unsigned char)
                0x0400ead0                I2C_MultipleRead(unsigned long, unsigned long, signed char, unsigned char, unsigned char*, unsigned short)
                0x0400ec9c                I2C_MultipleWrite(unsigned long, unsigned long, signed char, unsigned char, unsigned char*, unsigned short)
                0x0400ede8                I2C_Read(unsigned long, unsigned long, signed char, unsigned char, unsigned char*)
                0x0400ef5c                I2C_Write(unsigned long, unsigned long, signed char, unsigned char, unsigned char)
                0x0400f0a4                i2c_data_verify(unsigned long, unsigned long, unsigned char)
                0x0400f21c                I2C_Verify(unsigned long, unsigned long, unsigned long)
 .text          0x0400f2a0      0x324 obj/default/terasic_lib/accelerometer_adxl345_spi.o
                0x0400f2a0                ADXL345_SPI_IdRead(unsigned long, unsigned char*)
                0x0400f2e4                ADXL345_SPI_IsDataReady(unsigned long)
                0x0400f350                ADXL345_SPI_XYZ_Read(unsigned long, unsigned short*)
                0x0400f41c                ADXL345_SPI_Init(unsigned long)
                0x0400f4ec                ADXL345_SPI_WaitDataReady(unsigned long)
 .text          0x0400f5c4      0x108 obj/default/terasic_lib/adc_spi_read.o
                0x0400f5c4                ADC_Read(unsigned char)
 .text          0x0400f6cc      0x3c4 obj/default/terasic_lib/terasic_spi.o
                0x0400f6cc                SPI_Init(unsigned long)
                0x0400f718                SPI_MultipleRead(unsigned long, unsigned char, unsigned char*, unsigned char)
                0x0400f89c                SPI_Read(unsigned long, unsigned char, unsigned char*)
                0x0400f8e4                SPI_MultipleWrite(unsigned long, unsigned char, unsigned char*, unsigned char)
                0x0400fa48                SPI_Write(unsigned long, unsigned char, unsigned char)
 .text          0x0400fa90      0xb78 obj/default/ADCInfoMessage.o
                0x0400fa90                CADCInfoMessage::doAction()
                0x0400fab0                CADCInfoMessage::answerMessage(unsigned char, unsigned char*, unsigned char*)
                0x0400fc10                CADCInfoMessage::getLength()
                0x0400fc34                CADCInfoMessage::parseMessage(unsigned char*, int)
                0x0400fdc4                CADCInfoMessage::getBytes(unsigned char*)
                0x0400ff80                CADCInfoMessage::~CADCInfoMessage()
                0x0400ffd8                CADCInfoMessage::~CADCInfoMessage()
                0x04010030                CADCInfoMessage::~CADCInfoMessage()
                0x04010088                CADCInfoMessage::CADCInfoMessage(unsigned char*, int)
                0x040101e4                CADCInfoMessage::CADCInfoMessage(unsigned char*, int)
                0x04010340                CADCInfoMessage::CADCInfoMessage(unsigned char*)
                0x040104a4                CADCInfoMessage::CADCInfoMessage(unsigned char*)
 .text          0x04010608      0x914 obj/default/ADCValuesMessage.o
                0x04010608                CADCValuesMessage::doAction()
                0x04010628                CADCValuesMessage::answerMessage(unsigned char*, unsigned short*)
                0x0401068c                CADCValuesMessage::getLength()
                0x040106b0                CADCValuesMessage::parseMessage(unsigned char*, int)
                0x04010790                CADCValuesMessage::getBytes(unsigned char*)
                0x040108a4                CADCValuesMessage::~CADCValuesMessage()
                0x040108fc                CADCValuesMessage::~CADCValuesMessage()
                0x04010954                CADCValuesMessage::~CADCValuesMessage()
                0x040109ac                CADCValuesMessage::CADCValuesMessage(unsigned char*, int)
                0x04010b08                CADCValuesMessage::CADCValuesMessage(unsigned char*, int)
                0x04010c64                CADCValuesMessage::CADCValuesMessage(unsigned char*)
                0x04010dc0                CADCValuesMessage::CADCValuesMessage(unsigned char*)
 .text          0x04010f1c      0xa48 obj/default/AccelerationValuesMessage.o
                0x04010f1c                CAccelerationValuesMessage::answerMessage(short, short, short, unsigned char)
                0x04010f98                CAccelerationValuesMessage::getLength()
                0x04010fbc                CAccelerationValuesMessage::parseMessage(unsigned char*, int)
                0x040110b4                CAccelerationValuesMessage::getBytes(unsigned char*)
                0x04011238                CAccelerationValuesMessage::doAction()
                0x040112fc                CAccelerationValuesMessage::~CAccelerationValuesMessage()
                0x04011354                CAccelerationValuesMessage::~CAccelerationValuesMessage()
                0x040113ac                CAccelerationValuesMessage::~CAccelerationValuesMessage()
                0x04011404                CAccelerationValuesMessage::CAccelerationValuesMessage(unsigned char*, int)
                0x04011560                CAccelerationValuesMessage::CAccelerationValuesMessage(unsigned char*, int)
                0x040116bc                CAccelerationValuesMessage::CAccelerationValuesMessage()
                0x04011810                CAccelerationValuesMessage::CAccelerationValuesMessage()
 .text          0x04011964      0x5b4 obj/default/CControlMessage.o
                0x04011964                CControlMessage::answerMessage(bool)
                0x04011988                CControlMessage::doAction()
                0x040119a8                CControlMessage::getBytes(unsigned char*)
                0x040119d0                CControlMessage::getLength()
                0x040119f4                CControlMessage::parseMessage(unsigned char*, int)
                0x04011ad8                CControlMessage::~CControlMessage()
                0x04011b30                CControlMessage::~CControlMessage()
                0x04011b88                CControlMessage::~CControlMessage()
                0x04011be0                CControlMessage::CControlMessage()
                0x04011c20                CControlMessage::CControlMessage()
                0x04011c60                CControlMessage::CControlMessage(unsigned char*, int)
                0x04011dbc                CControlMessage::CControlMessage(unsigned char*, int)
 .text          0x04011f18      0x490 obj/default/CEmergencyBrakeMessage.o
                0x04011f18                CEmergencyBrakeMessage::answerMessage(bool)
                0x04011f3c                CEmergencyBrakeMessage::doAction()
                0x04011f5c                CEmergencyBrakeMessage::getBytes(unsigned char*)
                0x04011f84                CEmergencyBrakeMessage::getLength()
                0x04011fa8                CEmergencyBrakeMessage::parseMessage(unsigned char*, int)
                0x04011fd0                CEmergencyBrakeMessage::~CEmergencyBrakeMessage()
                0x04012028                CEmergencyBrakeMessage::~CEmergencyBrakeMessage()
                0x04012080                CEmergencyBrakeMessage::~CEmergencyBrakeMessage()
                0x040120d8                CEmergencyBrakeMessage::CEmergencyBrakeMessage()
                0x04012118                CEmergencyBrakeMessage::CEmergencyBrakeMessage()
                0x04012158                CEmergencyBrakeMessage::CEmergencyBrakeMessage(unsigned char*, int)
                0x04012280                CEmergencyBrakeMessage::CEmergencyBrakeMessage(unsigned char*, int)
 .text          0x040123a8      0x490 obj/default/CInfoSensorMessage.o
                0x040123a8                CInfoSensorMessage::answerMessage(bool)
                0x040123cc                CInfoSensorMessage::doAction()
                0x040123ec                CInfoSensorMessage::getBytes(unsigned char*)
                0x04012414                CInfoSensorMessage::getLength()
                0x04012438                CInfoSensorMessage::parseMessage(unsigned char*, int)
                0x04012460                CInfoSensorMessage::~CInfoSensorMessage()
                0x040124b8                CInfoSensorMessage::~CInfoSensorMessage()
                0x04012510                CInfoSensorMessage::~CInfoSensorMessage()
                0x04012568                CInfoSensorMessage::CInfoSensorMessage()
                0x040125a8                CInfoSensorMessage::CInfoSensorMessage()
                0x040125e8                CInfoSensorMessage::CInfoSensorMessage(unsigned char*, int)
                0x04012710                CInfoSensorMessage::CInfoSensorMessage(unsigned char*, int)
 .text          0x04012838      0x490 obj/default/CInfoStateMessage.o
                0x04012838                CInfoStateMessage::answerMessage(bool)
                0x0401285c                CInfoStateMessage::doAction()
                0x0401287c                CInfoStateMessage::getBytes(unsigned char*)
                0x040128a4                CInfoStateMessage::getLength()
                0x040128c8                CInfoStateMessage::parseMessage(unsigned char*, int)
                0x040128f0                CInfoStateMessage::~CInfoStateMessage()
                0x04012948                CInfoStateMessage::~CInfoStateMessage()
                0x040129a0                CInfoStateMessage::~CInfoStateMessage()
                0x040129f8                CInfoStateMessage::CInfoStateMessage()
                0x04012a38                CInfoStateMessage::CInfoStateMessage()
                0x04012a78                CInfoStateMessage::CInfoStateMessage(unsigned char*, int)
                0x04012ba0                CInfoStateMessage::CInfoStateMessage(unsigned char*, int)
 .text          0x04012cc8      0x550 obj/default/CRemoteControlMessage.o
                0x04012cc8                CRemoteControlMessage::answerMessage(bool)
                0x04012cec                CRemoteControlMessage::doAction()
                0x04012d0c                CRemoteControlMessage::getBytes(unsigned char*)
                0x04012d34                CRemoteControlMessage::getLength()
                0x04012d58                CRemoteControlMessage::parseMessage(unsigned char*, int)
                0x04012dd8                CRemoteControlMessage::~CRemoteControlMessage()
                0x04012e30                CRemoteControlMessage::~CRemoteControlMessage()
                0x04012e88                CRemoteControlMessage::~CRemoteControlMessage()
                0x04012ee0                CRemoteControlMessage::CRemoteControlMessage()
                0x04012f20                CRemoteControlMessage::CRemoteControlMessage()
                0x04012f60                CRemoteControlMessage::CRemoteControlMessage(unsigned char*, int)
                0x040130bc                CRemoteControlMessage::CRemoteControlMessage(unsigned char*, int)
 .text          0x04013218      0x614 obj/default/CarMessage.o
                0x04013218                CCarMessage::CCarMessage()
                0x04013250                CCarMessage::CCarMessage()
                0x04013288                CCarMessage::doAction()
                0x040132a8                CCarMessage::getBytes(unsigned char*)
                0x04013344                CCarMessage::getLength()
                0x04013368                CCarMessage::getType()
                0x04013394                CCarMessage::getSubType()
                0x040133c0                CCarMessage::isValid()
                0x040133ec                CCarMessage::setHeader(unsigned char, unsigned char, bool)
                0x04013450                CCarMessage::CCarMessage(unsigned char, unsigned char, bool)
                0x040134a8                CCarMessage::CCarMessage(unsigned char, unsigned char, bool)
                0x04013500                CCarMessage::setHeader(unsigned char, unsigned char, unsigned char, bool)
                0x04013570                CCarMessage::parseHeader(unsigned char*, int)
                0x040135fc                CCarMessage::CCarMessage(unsigned char*, int)
                0x04013654                CCarMessage::CCarMessage(unsigned char*, int)
                0x040136ac                CCarMessage::writeHeaderToBuffer(unsigned char*, int)
                0x0401373c                CCarMessage::~CCarMessage()
                0x0401378c                CCarMessage::~CCarMessage()
                0x040137dc                CCarMessage::~CCarMessage()
 .text          0x0401382c     0x17c4 obj/default/CarProtocol.o
                0x0401382c                CCarProtocol::CCarProtocol(unsigned short, CCarMessage**, unsigned long)
                0x040138ec                CCarProtocol::CCarProtocol(unsigned short, CCarMessage**, unsigned long)
                0x040139ac                CCarProtocol::isValid()
                0x040139d8                CCarProtocol::getLength()
                0x04013a88                CCarProtocol::getNthMessage(unsigned long)
                0x04013ae8                CCarProtocol::getMessageCount()
                0x04013b10                CCarProtocol::getBytes(unsigned char*)
                0x04013d1c                CCarProtocol::~CCarProtocol()
                0x04013e3c                CCarProtocol::~CCarProtocol()
                0x04013f5c                CCarProtocol::~CCarProtocol()
                0x0401407c                CCarProtocol::parsePacket(unsigned char*, int)
                0x04014f30                CCarProtocol::CCarProtocol(unsigned char*, int)
                0x04014f90                CCarProtocol::CCarProtocol(unsigned char*, int)
 .text          0x04014ff0      0x9e0 obj/default/MotorMeasurementMessage.o
                0x04014ff0                CMotorMeasurementMessage::doAction()
                0x04015010                CMotorMeasurementMessage::getLength()
                0x04015034                CMotorMeasurementMessage::answerMessage(short, unsigned short, short, short, short)
                0x040150c4                CMotorMeasurementMessage::getBytes(unsigned char*)
                0x040151f8                CMotorMeasurementMessage::parseMessage(unsigned char*, int)
                0x04015330                CMotorMeasurementMessage::~CMotorMeasurementMessage()
                0x04015388                CMotorMeasurementMessage::~CMotorMeasurementMessage()
                0x040153e0                CMotorMeasurementMessage::~CMotorMeasurementMessage()
                0x04015438                CMotorMeasurementMessage::CMotorMeasurementMessage(unsigned char*, int)
                0x04015594                CMotorMeasurementMessage::CMotorMeasurementMessage(unsigned char*, int)
                0x040156f0                CMotorMeasurementMessage::CMotorMeasurementMessage()
                0x04015860                CMotorMeasurementMessage::CMotorMeasurementMessage()
 .text          0x040159d0      0x824 obj/default/MotorVelocityMessage.o
                0x040159d0                CMotorVelocityMessage::doAction()
                0x040159f0                CMotorVelocityMessage::getLength()
                0x04015a14                CMotorVelocityMessage::answerMessage(short)
                0x04015a5c                CMotorVelocityMessage::parseMessage(unsigned char*, int)
                0x04015af0                CMotorVelocityMessage::getBytes(unsigned char*)
                0x04015b84                CMotorVelocityMessage::~CMotorVelocityMessage()
                0x04015bdc                CMotorVelocityMessage::~CMotorVelocityMessage()
                0x04015c34                CMotorVelocityMessage::~CMotorVelocityMessage()
                0x04015c8c                CMotorVelocityMessage::CMotorVelocityMessage(unsigned char*, int)
                0x04015de8                CMotorVelocityMessage::CMotorVelocityMessage(unsigned char*, int)
                0x04015f44                CMotorVelocityMessage::CMotorVelocityMessage(short)
                0x0401609c                CMotorVelocityMessage::CMotorVelocityMessage(short)
 .text          0x040161f4      0x864 obj/default/UltrasoundDistanceMessage.o
                0x040161f4                CUltrasoundDistanceMessage::doAction()
                0x04016214                CUltrasoundDistanceMessage::answerMessage(long)
                0x04016284                CUltrasoundDistanceMessage::getLength()
                0x040162a8                CUltrasoundDistanceMessage::parseMessage(unsigned char*, int)
                0x0401633c                CUltrasoundDistanceMessage::getBytes(unsigned char*)
                0x040163f8                CUltrasoundDistanceMessage::~CUltrasoundDistanceMessage()
                0x04016450                CUltrasoundDistanceMessage::~CUltrasoundDistanceMessage()
                0x040164a8                CUltrasoundDistanceMessage::~CUltrasoundDistanceMessage()
                0x04016500                CUltrasoundDistanceMessage::CUltrasoundDistanceMessage(unsigned char*, int)
                0x0401665c                CUltrasoundDistanceMessage::CUltrasoundDistanceMessage(unsigned char*, int)
                0x040167b8                CUltrasoundDistanceMessage::CUltrasoundDistanceMessage()
                0x04016908                CUltrasoundDistanceMessage::CUltrasoundDistanceMessage()
 .text          0x04016a58      0x9c8 obj/default/WelcomeMessage.o
                0x04016a58                CWelcomeMessage::doAction()
                0x04016a78                CWelcomeMessage::getLength()
                0x04016a9c                CWelcomeMessage::parseMessage(unsigned char*, int)
                0x04016b70                CWelcomeMessage::answerMessage(unsigned char)
                0x04016c1c                CWelcomeMessage::getBytes(unsigned char*)
                0x04016cf8                CWelcomeMessage::~CWelcomeMessage()
                0x04016d50                CWelcomeMessage::~CWelcomeMessage()
                0x04016da8                CWelcomeMessage::~CWelcomeMessage()
                0x04016e00                CWelcomeMessage::CWelcomeMessage(unsigned char, unsigned char, unsigned char, unsigned char*)
                0x04016fb4                CWelcomeMessage::CWelcomeMessage(unsigned char, unsigned char, unsigned char, unsigned char*)
                0x04017168                CWelcomeMessage::CWelcomeMessage(unsigned char*, int)
                0x040172c4                CWelcomeMessage::CWelcomeMessage(unsigned char*, int)
 .text          0x04017420        0x0 obj/default/MemSharedArea.o
 .text          0x04017420      0xfe8 c:/altera/12.1sp1/nios2eds/bin/gnu/h-i686-mingw32/bin/../lib/gcc/nios2-elf/4.1.2/../../../../nios2-elf/lib\libstdc++.a(functexcept.o)
                0x04017420                std::__throw_bad_typeid()
                0x04017454                std::__throw_bad_cast()
                0x04017488                std::__throw_bad_alloc()
                0x040174bc                std::__throw_bad_exception()
                0x040174f0                std::__throw_ios_failure(char const*)
                0x040175f8                std::__throw_logic_error(char const*)
                0x04017788                std::__throw_underflow_error(char const*)
                0x04017918                std::__throw_overflow_error(char const*)
                0x04017aa8                std::__throw_invalid_argument(char const*)
                0x04017c38                std::__throw_domain_error(char const*)
                0x04017dc8                std::__throw_range_error(char const*)
                0x04017f58                std::__throw_runtime_error(char const*)
                0x040180e8                std::__throw_out_of_range(char const*)
                0x04018278                std::__throw_length_error(char const*)
 .text._ZNSt15underflow_errorD0Ev
                0x04018408       0x34 c:/altera/12.1sp1/nios2eds/bin/gnu/h-i686-mingw32/bin/../lib/gcc/nios2-elf/4.1.2/../../../../nios2-elf/lib\libstdc++.a(functexcept.o)
                0x04018408                std::underflow_error::~underflow_error()
 .text._ZNSt15underflow_errorD1Ev
                0x0401843c       0x10 c:/altera/12.1sp1/nios2eds/bin/gnu/h-i686-mingw32/bin/../lib/gcc/nios2-elf/4.1.2/../../../../nios2-elf/lib\libstdc++.a(functexcept.o)
                0x0401843c                std::underflow_error::~underflow_error()
 .text._ZNSt14overflow_errorD0Ev
                0x0401844c       0x34 c:/altera/12.1sp1/nios2eds/bin/gnu/h-i686-mingw32/bin/../lib/gcc/nios2-elf/4.1.2/../../../../nios2-elf/lib\libstdc++.a(functexcept.o)
                0x0401844c                std::overflow_error::~overflow_error()
 .text._ZNSt14overflow_errorD1Ev
                0x04018480       0x10 c:/altera/12.1sp1/nios2eds/bin/gnu/h-i686-mingw32/bin/../lib/gcc/nios2-elf/4.1.2/../../../../nios2-elf/lib\libstdc++.a(functexcept.o)
                0x04018480                std::overflow_error::~overflow_error()
 .text._ZNSt11range_errorD0Ev
                0x04018490       0x34 c:/altera/12.1sp1/nios2eds/bin/gnu/h-i686-mingw32/bin/../lib/gcc/nios2-elf/4.1.2/../../../../nios2-elf/lib\libstdc++.a(functexcept.o)
                0x04018490                std::range_error::~range_error()
 .text._ZNSt11range_errorD1Ev
                0x040184c4       0x10 c:/altera/12.1sp1/nios2eds/bin/gnu/h-i686-mingw32/bin/../lib/gcc/nios2-elf/4.1.2/../../../../nios2-elf/lib\libstdc++.a(functexcept.o)
                0x040184c4                std::range_error::~range_error()
 .text._ZNSt12out_of_rangeD0Ev
                0x040184d4       0x34 c:/altera/12.1sp1/nios2eds/bin/gnu/h-i686-mingw32/bin/../lib/gcc/nios2-elf/4.1.2/../../../../nios2-elf/lib\libstdc++.a(functexcept.o)
                0x040184d4                std::out_of_range::~out_of_range()
 .text._ZNSt12out_of_rangeD1Ev
                0x04018508       0x10 c:/altera/12.1sp1/nios2eds/bin/gnu/h-i686-mingw32/bin/../lib/gcc/nios2-elf/4.1.2/../../../../nios2-elf/lib\libstdc++.a(functexcept.o)
                0x04018508                std::out_of_range::~out_of_range()
 .text._ZNSt12length_errorD0Ev
                0x04018518       0x34 c:/altera/12.1sp1/nios2eds/bin/gnu/h-i686-mingw32/bin/../lib/gcc/nios2-elf/4.1.2/../../../../nios2-elf/lib\libstdc++.a(functexcept.o)
                0x04018518                std::length_error::~length_error()
 .text._ZNSt12length_errorD1Ev
                0x0401854c       0x10 c:/altera/12.1sp1/nios2eds/bin/gnu/h-i686-mingw32/bin/../lib/gcc/nios2-elf/4.1.2/../../../../nios2-elf/lib\libstdc++.a(functexcept.o)
                0x0401854c                std::length_error::~length_error()
 .text._ZNSt16invalid_argumentD0Ev
                0x0401855c       0x34 c:/altera/12.1sp1/nios2eds/bin/gnu/h-i686-mingw32/bin/../lib/gcc/nios2-elf/4.1.2/../../../../nios2-elf/lib\libstdc++.a(functexcept.o)
                0x0401855c                std::invalid_argument::~invalid_argument()
 .text._ZNSt16invalid_argumentD1Ev
                0x04018590       0x10 c:/altera/12.1sp1/nios2eds/bin/gnu/h-i686-mingw32/bin/../lib/gcc/nios2-elf/4.1.2/../../../../nios2-elf/lib\libstdc++.a(functexcept.o)
                0x04018590                std::invalid_argument::~invalid_argument()
 .text._ZNSt12domain_errorD0Ev
                0x040185a0       0x34 c:/altera/12.1sp1/nios2eds/bin/gnu/h-i686-mingw32/bin/../lib/gcc/nios2-elf/4.1.2/../../../../nios2-elf/lib\libstdc++.a(functexcept.o)
                0x040185a0                std::domain_error::~domain_error()
 .text._ZNSt12domain_errorD1Ev
                0x040185d4       0x10 c:/altera/12.1sp1/nios2eds/bin/gnu/h-i686-mingw32/bin/../lib/gcc/nios2-elf/4.1.2/../../../../nios2-elf/lib\libstdc++.a(functexcept.o)
                0x040185d4                std::domain_error::~domain_error()
 .text          0x040185e4      0x4bc c:/altera/12.1sp1/nios2eds/bin/gnu/h-i686-mingw32/bin/../lib/gcc/nios2-elf/4.1.2/../../../../nios2-elf/lib\libstdc++.a(ios_failure.o)
                0x040185e4                std::ios_base::failure::what() const
                0x040185ec                std::ios_base::failure::~failure()
                0x040186f0                std::ios_base::failure::failure(std::string const&)
                0x040187c0                std::ios_base::failure::failure(std::string const&)
                0x04018890                std::ios_base::failure::~failure()
                0x04018994                std::ios_base::failure::~failure()
 .text          0x04018aa0      0xb98 c:/altera/12.1sp1/nios2eds/bin/gnu/h-i686-mingw32/bin/../lib/gcc/nios2-elf/4.1.2/../../../../nios2-elf/lib\libstdc++.a(stdexcept.o)
                0x04018aa0                std::runtime_error::what() const
                0x04018aa8                std::logic_error::~logic_error()
                0x04018bac                std::runtime_error::runtime_error(std::string const&)
                0x04018c5c                std::underflow_error::underflow_error(std::string const&)
                0x04018c8c                std::underflow_error::underflow_error(std::string const&)
                0x04018cbc                std::overflow_error::overflow_error(std::string const&)
                0x04018cec                std::overflow_error::overflow_error(std::string const&)
                0x04018d1c                std::range_error::range_error(std::string const&)
                0x04018d4c                std::range_error::range_error(std::string const&)
                0x04018d7c                std::logic_error::logic_error(std::string const&)
                0x04018e2c                std::logic_error::logic_error(std::string const&)
                0x04018edc                std::out_of_range::out_of_range(std::string const&)
                0x04018f0c                std::out_of_range::out_of_range(std::string const&)
                0x04018f3c                std::length_error::length_error(std::string const&)
                0x04018f6c                std::length_error::length_error(std::string const&)
                0x04018f9c                std::invalid_argument::invalid_argument(std::string const&)
                0x04018fcc                std::invalid_argument::invalid_argument(std::string const&)
                0x04018ffc                std::domain_error::domain_error(std::string const&)
                0x0401902c                std::domain_error::domain_error(std::string const&)
                0x0401905c                std::logic_error::what() const
                0x04019064                std::runtime_error::runtime_error(std::string const&)
                0x04019114                std::runtime_error::~runtime_error()
                0x04019218                std::runtime_error::~runtime_error()
                0x0401931c                std::runtime_error::~runtime_error()
                0x04019428                std::logic_error::~logic_error()
                0x0401952c                std::logic_error::~logic_error()
 .text          0x04019638        0x0 c:/altera/12.1sp1/nios2eds/bin/gnu/h-i686-mingw32/bin/../lib/gcc/nios2-elf/4.1.2/../../../../nios2-elf/lib\libstdc++.a(string-inst.o)
 .text._ZNSt11char_traitsIcE2eqERKcS2_
                0x04019638       0x10 c:/altera/12.1sp1/nios2eds/bin/gnu/h-i686-mingw32/bin/../lib/gcc/nios2-elf/4.1.2/../../../../nios2-elf/lib\libstdc++.a(string-inst.o)
                0x04019638                std::char_traits<char>::eq(char const&, char const&)
 .text._ZNKSs7_M_dataEv
                0x04019648        0x8 c:/altera/12.1sp1/nios2eds/bin/gnu/h-i686-mingw32/bin/../lib/gcc/nios2-elf/4.1.2/../../../../nios2-elf/lib\libstdc++.a(string-inst.o)
                0x04019648                std::string::_M_data() const
 .text._ZNSs7_M_dataEPc
                0x04019650        0xc c:/altera/12.1sp1/nios2eds/bin/gnu/h-i686-mingw32/bin/../lib/gcc/nios2-elf/4.1.2/../../../../nios2-elf/lib\libstdc++.a(string-inst.o)
                0x04019650                std::string::_M_data(char*)
 .text._ZNKSs6_M_repEv
                0x0401965c        0xc c:/altera/12.1sp1/nios2eds/bin/gnu/h-i686-mingw32/bin/../lib/gcc/nios2-elf/4.1.2/../../../../nios2-elf/lib\libstdc++.a(string-inst.o)
                0x0401965c                std::string::_M_rep() const
 .text._ZNKSs9_M_ibeginEv
                0x04019668        0x8 c:/altera/12.1sp1/nios2eds/bin/gnu/h-i686-mingw32/bin/../lib/gcc/nios2-elf/4.1.2/../../../../nios2-elf/lib\libstdc++.a(string-inst.o)
                0x04019668                std::string::_M_ibegin() const
 .text._ZNKSs7_M_iendEv
                0x04019670       0x10 c:/altera/12.1sp1/nios2eds/bin/gnu/h-i686-mingw32/bin/../lib/gcc/nios2-elf/4.1.2/../../../../nios2-elf/lib\libstdc++.a(string-inst.o)
                0x04019670                std::string::_M_iend() const
 .text._ZNKSs8_M_limitEmm
                0x04019680       0x18 c:/altera/12.1sp1/nios2eds/bin/gnu/h-i686-mingw32/bin/../lib/gcc/nios2-elf/4.1.2/../../../../nios2-elf/lib\libstdc++.a(string-inst.o)
                0x04019680                std::string::_M_limit(unsigned long, unsigned long) const
 .text._ZNKSs11_M_disjunctEPKc
                0x04019698       0x1c c:/altera/12.1sp1/nios2eds/bin/gnu/h-i686-mingw32/bin/../lib/gcc/nios2-elf/4.1.2/../../../../nios2-elf/lib\libstdc++.a(string-inst.o)
                0x04019698                std::string::_M_disjunct(char const*) const
 .text._ZNSs12_S_empty_repEv
                0x040196b4        0xc c:/altera/12.1sp1/nios2eds/bin/gnu/h-i686-mingw32/bin/../lib/gcc/nios2-elf/4.1.2/../../../../nios2-elf/lib\libstdc++.a(string-inst.o)
                0x040196b4                std::string::_S_empty_rep()
 .text._ZNSsC1Ev
                0x040196c0       0x10 c:/altera/12.1sp1/nios2eds/bin/gnu/h-i686-mingw32/bin/../lib/gcc/nios2-elf/4.1.2/../../../../nios2-elf/lib\libstdc++.a(string-inst.o)
                0x040196c0                std::basic_string<char, std::char_traits<char>, std::allocator<char> >::basic_string()
 .text._ZNKSs5beginEv
                0x040196d0        0x8 c:/altera/12.1sp1/nios2eds/bin/gnu/h-i686-mingw32/bin/../lib/gcc/nios2-elf/4.1.2/../../../../nios2-elf/lib\libstdc++.a(string-inst.o)
                0x040196d0                std::string::begin() const
 .text._ZNKSs3endEv
                0x040196d8       0x10 c:/altera/12.1sp1/nios2eds/bin/gnu/h-i686-mingw32/bin/../lib/gcc/nios2-elf/4.1.2/../../../../nios2-elf/lib\libstdc++.a(string-inst.o)
                0x040196d8                std::string::end() const
 .text._ZNKSs4sizeEv
                0x040196e8        0xc c:/altera/12.1sp1/nios2eds/bin/gnu/h-i686-mingw32/bin/../lib/gcc/nios2-elf/4.1.2/../../../../nios2-elf/lib\libstdc++.a(string-inst.o)
                0x040196e8                std::string::size() const
 .text._ZNKSs8max_sizeEv
                0x040196f4        0xc c:/altera/12.1sp1/nios2eds/bin/gnu/h-i686-mingw32/bin/../lib/gcc/nios2-elf/4.1.2/../../../../nios2-elf/lib\libstdc++.a(string-inst.o)
                0x040196f4                std::string::max_size() const
 .text._ZNKSs8capacityEv
                0x04019700        0xc c:/altera/12.1sp1/nios2eds/bin/gnu/h-i686-mingw32/bin/../lib/gcc/nios2-elf/4.1.2/../../../../nios2-elf/lib\libstdc++.a(string-inst.o)
                0x04019700                std::string::capacity() const
 .text._ZNKSs4dataEv
                0x0401970c        0x8 c:/altera/12.1sp1/nios2eds/bin/gnu/h-i686-mingw32/bin/../lib/gcc/nios2-elf/4.1.2/../../../../nios2-elf/lib\libstdc++.a(string-inst.o)
                0x0401970c                std::string::data() const
 .text._ZNKSs13get_allocatorEv
                0x04019714        0x8 c:/altera/12.1sp1/nios2eds/bin/gnu/h-i686-mingw32/bin/../lib/gcc/nios2-elf/4.1.2/../../../../nios2-elf/lib\libstdc++.a(string-inst.o)
                0x04019714                std::string::get_allocator() const
 .text._ZNSs12_Alloc_hiderC1EPcRKSaIcE
                0x0401971c        0x8 c:/altera/12.1sp1/nios2eds/bin/gnu/h-i686-mingw32/bin/../lib/gcc/nios2-elf/4.1.2/../../../../nios2-elf/lib\libstdc++.a(string-inst.o)
                0x0401971c                std::string::_Alloc_hider::_Alloc_hider(char*, std::allocator<char> const&)
 .text._ZNSs4_Rep12_S_empty_repEv
                0x04019724        0xc c:/altera/12.1sp1/nios2eds/bin/gnu/h-i686-mingw32/bin/../lib/gcc/nios2-elf/4.1.2/../../../../nios2-elf/lib\libstdc++.a(string-inst.o)
                0x04019724                std::string::_Rep::_S_empty_rep()
 .text._ZNKSs4_Rep12_M_is_leakedEv
                0x04019730        0xc c:/altera/12.1sp1/nios2eds/bin/gnu/h-i686-mingw32/bin/../lib/gcc/nios2-elf/4.1.2/../../../../nios2-elf/lib\libstdc++.a(string-inst.o)
                0x04019730                std::string::_Rep::_M_is_leaked() const
 .text._ZNKSs4_Rep12_M_is_sharedEv
                0x0401973c        0xc c:/altera/12.1sp1/nios2eds/bin/gnu/h-i686-mingw32/bin/../lib/gcc/nios2-elf/4.1.2/../../../../nios2-elf/lib\libstdc++.a(string-inst.o)
                0x0401973c                std::string::_Rep::_M_is_shared() const
 .text._ZNSs4_Rep13_M_set_leakedEv
                0x04019748        0xc c:/altera/12.1sp1/nios2eds/bin/gnu/h-i686-mingw32/bin/../lib/gcc/nios2-elf/4.1.2/../../../../nios2-elf/lib\libstdc++.a(string-inst.o)
                0x04019748                std::string::_Rep::_M_set_leaked()
 .text._ZNSs4_Rep15_M_set_sharableEv
                0x04019754        0x8 c:/altera/12.1sp1/nios2eds/bin/gnu/h-i686-mingw32/bin/../lib/gcc/nios2-elf/4.1.2/../../../../nios2-elf/lib\libstdc++.a(string-inst.o)
                0x04019754                std::string::_Rep::_M_set_sharable()
 .text._ZNSs4_Rep26_M_set_length_and_sharableEm
                0x0401975c       0x14 c:/altera/12.1sp1/nios2eds/bin/gnu/h-i686-mingw32/bin/../lib/gcc/nios2-elf/4.1.2/../../../../nios2-elf/lib\libstdc++.a(string-inst.o)
                0x0401975c                std::string::_Rep::_M_set_length_and_sharable(unsigned long)
 .text._ZNSs4_Rep10_M_refdataEv
                0x04019770        0x8 c:/altera/12.1sp1/nios2eds/bin/gnu/h-i686-mingw32/bin/../lib/gcc/nios2-elf/4.1.2/../../../../nios2-elf/lib\libstdc++.a(string-inst.o)
                0x04019770                std::string::_Rep::_M_refdata()
 .text._ZSt6searchIPKcS1_PFbRS0_S2_EET_S5_S5_T0_S6_T1_
                0x04019778      0x14c c:/altera/12.1sp1/nios2eds/bin/gnu/h-i686-mingw32/bin/../lib/gcc/nios2-elf/4.1.2/../../../../nios2-elf/lib\libstdc++.a(string-inst.o)
                0x04019778                char const* std::search<char const*, char const*, bool (*)(char const&, char const&)>(char const*, char const*, char const*, char const*, bool (*)(char const&, char const&))
 .text._ZN9__gnu_cxxeqIPcSsEEbRKNS_17__normal_iteratorIT_T0_EES7_
                0x040198c4       0x10 c:/altera/12.1sp1/nios2eds/bin/gnu/h-i686-mingw32/bin/../lib/gcc/nios2-elf/4.1.2/../../../../nios2-elf/lib\libstdc++.a(string-inst.o)
                0x040198c4                bool __gnu_cxx::operator==<char*, std::string>(__gnu_cxx::__normal_iterator<char*, std::string> const&, __gnu_cxx::__normal_iterator<char*, std::string> const&)
 .text._ZNSs12_Alloc_hiderC2EPcRKSaIcE
                0x040198d4        0x8 c:/altera/12.1sp1/nios2eds/bin/gnu/h-i686-mingw32/bin/../lib/gcc/nios2-elf/4.1.2/../../../../nios2-elf/lib\libstdc++.a(string-inst.o)
                0x040198d4                std::string::_Alloc_hider::_Alloc_hider(char*, std::allocator<char> const&)
 .text._ZNSs4_Rep10_M_refcopyEv
                0x040198dc       0xbc c:/altera/12.1sp1/nios2eds/bin/gnu/h-i686-mingw32/bin/../lib/gcc/nios2-elf/4.1.2/../../../../nios2-elf/lib\libstdc++.a(string-inst.o)
                0x040198dc                std::string::_Rep::_M_refcopy()
 .text._ZNKSs15_M_check_lengthEmmPKc
                0x04019998       0x38 c:/altera/12.1sp1/nios2eds/bin/gnu/h-i686-mingw32/bin/../lib/gcc/nios2-elf/4.1.2/../../../../nios2-elf/lib\libstdc++.a(string-inst.o)
                0x04019998                std::string::_M_check_length(unsigned long, unsigned long, char const*) const
 .text._ZNKSs8_M_checkEmPKc
                0x040199d0       0x2c c:/altera/12.1sp1/nios2eds/bin/gnu/h-i686-mingw32/bin/../lib/gcc/nios2-elf/4.1.2/../../../../nios2-elf/lib\libstdc++.a(string-inst.o)
                0x040199d0                std::string::_M_check(unsigned long, char const*) const
 .text._ZNSs9_M_assignEPcmc
                0x040199fc       0x2c c:/altera/12.1sp1/nios2eds/bin/gnu/h-i686-mingw32/bin/../lib/gcc/nios2-elf/4.1.2/../../../../nios2-elf/lib\libstdc++.a(string-inst.o)
                0x040199fc                std::string::_M_assign(char*, unsigned long, char)
 .text._ZNSs7_M_moveEPcPKcm
                0x04019a28       0x18 c:/altera/12.1sp1/nios2eds/bin/gnu/h-i686-mingw32/bin/../lib/gcc/nios2-elf/4.1.2/../../../../nios2-elf/lib\libstdc++.a(string-inst.o)
                0x04019a28                std::string::_M_move(char*, char const*, unsigned long)
 .text._ZNSs7_M_copyEPcPKcm
                0x04019a40       0x18 c:/altera/12.1sp1/nios2eds/bin/gnu/h-i686-mingw32/bin/../lib/gcc/nios2-elf/4.1.2/../../../../nios2-elf/lib\libstdc++.a(string-inst.o)
                0x04019a40                std::string::_M_copy(char*, char const*, unsigned long)
 .text._ZNKSs5c_strEv
                0x04019a58        0x8 c:/altera/12.1sp1/nios2eds/bin/gnu/h-i686-mingw32/bin/../lib/gcc/nios2-elf/4.1.2/../../../../nios2-elf/lib\libstdc++.a(string-inst.o)
                0x04019a58                std::string::c_str() const
 .text._ZNKSsixEm
                0x04019a60        0xc c:/altera/12.1sp1/nios2eds/bin/gnu/h-i686-mingw32/bin/../lib/gcc/nios2-elf/4.1.2/../../../../nios2-elf/lib\libstdc++.a(string-inst.o)
                0x04019a60                std::string::operator[](unsigned long) const
 .text._ZNKSs17find_first_not_ofEPKcmm
                0x04019a6c       0xa4 c:/altera/12.1sp1/nios2eds/bin/gnu/h-i686-mingw32/bin/../lib/gcc/nios2-elf/4.1.2/../../../../nios2-elf/lib\libstdc++.a(string-inst.o)
                0x04019a6c                std::string::find_first_not_of(char const*, unsigned long, unsigned long) const
 .text._ZNKSs4findEPKcmm
                0x04019b10       0x94 c:/altera/12.1sp1/nios2eds/bin/gnu/h-i686-mingw32/bin/../lib/gcc/nios2-elf/4.1.2/../../../../nios2-elf/lib\libstdc++.a(string-inst.o)
                0x04019b10                std::string::find(char const*, unsigned long, unsigned long) const
 .text._ZNKSs2atEm
                0x04019ba4       0x30 c:/altera/12.1sp1/nios2eds/bin/gnu/h-i686-mingw32/bin/../lib/gcc/nios2-elf/4.1.2/../../../../nios2-elf/lib\libstdc++.a(string-inst.o)
                0x04019ba4                std::string::at(unsigned long) const
 .text._ZNKSs5emptyEv
                0x04019bd4       0x10 c:/altera/12.1sp1/nios2eds/bin/gnu/h-i686-mingw32/bin/../lib/gcc/nios2-elf/4.1.2/../../../../nios2-elf/lib\libstdc++.a(string-inst.o)
                0x04019bd4                std::string::empty() const
 .text._ZNKSs6lengthEv
                0x04019be4        0xc c:/altera/12.1sp1/nios2eds/bin/gnu/h-i686-mingw32/bin/../lib/gcc/nios2-elf/4.1.2/../../../../nios2-elf/lib\libstdc++.a(string-inst.o)
                0x04019be4                std::string::length() const
 .text._ZNKSs4findERKSsm
                0x04019bf0        0xc c:/altera/12.1sp1/nios2eds/bin/gnu/h-i686-mingw32/bin/../lib/gcc/nios2-elf/4.1.2/../../../../nios2-elf/lib\libstdc++.a(string-inst.o)
                0x04019bf0                std::string::find(std::string const&, unsigned long) const
 .text._ZNKSs17find_first_not_ofERKSsm
                0x04019bfc        0xc c:/altera/12.1sp1/nios2eds/bin/gnu/h-i686-mingw32/bin/../lib/gcc/nios2-elf/4.1.2/../../../../nios2-elf/lib\libstdc++.a(string-inst.o)
                0x04019bfc                std::string::find_first_not_of(std::string const&, unsigned long) const
 .text._ZNKSs5rfindEPKcmm
                0x04019c08       0xa8 c:/altera/12.1sp1/nios2eds/bin/gnu/h-i686-mingw32/bin/../lib/gcc/nios2-elf/4.1.2/../../../../nios2-elf/lib\libstdc++.a(string-inst.o)
                0x04019c08                std::string::rfind(char const*, unsigned long, unsigned long) const
 .text._ZNKSs5rfindEPKcm
                0x04019cb0       0x50 c:/altera/12.1sp1/nios2eds/bin/gnu/h-i686-mingw32/bin/../lib/gcc/nios2-elf/4.1.2/../../../../nios2-elf/lib\libstdc++.a(string-inst.o)
                0x04019cb0                std::string::rfind(char const*, unsigned long) const
 .text._ZNKSs5rfindERKSsm
                0x04019d00        0xc c:/altera/12.1sp1/nios2eds/bin/gnu/h-i686-mingw32/bin/../lib/gcc/nios2-elf/4.1.2/../../../../nios2-elf/lib\libstdc++.a(string-inst.o)
                0x04019d00                std::string::rfind(std::string const&, unsigned long) const
 .text._ZNSsC2Ev
                0x04019d0c       0x10 c:/altera/12.1sp1/nios2eds/bin/gnu/h-i686-mingw32/bin/../lib/gcc/nios2-elf/4.1.2/../../../../nios2-elf/lib\libstdc++.a(string-inst.o)
                0x04019d0c                std::basic_string<char, std::char_traits<char>, std::allocator<char> >::basic_string()
 .text._ZN9__gnu_cxxeqIPKcSsEEbRKNS_17__normal_iteratorIT_T0_EES8_
                0x04019d1c       0x10 c:/altera/12.1sp1/nios2eds/bin/gnu/h-i686-mingw32/bin/../lib/gcc/nios2-elf/4.1.2/../../../../nios2-elf/lib\libstdc++.a(string-inst.o)
                0x04019d1c                bool __gnu_cxx::operator==<char const*, std::string>(__gnu_cxx::__normal_iterator<char const*, std::string> const&, __gnu_cxx::__normal_iterator<char const*, std::string> const&)
 .text._ZNKSs5rfindEcm
                0x04019d2c       0x64 c:/altera/12.1sp1/nios2eds/bin/gnu/h-i686-mingw32/bin/../lib/gcc/nios2-elf/4.1.2/../../../../nios2-elf/lib\libstdc++.a(string-inst.o)
                0x04019d2c                std::string::rfind(char, unsigned long) const
 .text._ZNKSs12find_last_ofEcm
                0x04019d90       0x10 c:/altera/12.1sp1/nios2eds/bin/gnu/h-i686-mingw32/bin/../lib/gcc/nios2-elf/4.1.2/../../../../nios2-elf/lib\libstdc++.a(string-inst.o)
                0x04019d90                std::string::find_last_of(char, unsigned long) const
 .text._ZNKSs16find_last_not_ofEcm
                0x04019da0       0x58 c:/altera/12.1sp1/nios2eds/bin/gnu/h-i686-mingw32/bin/../lib/gcc/nios2-elf/4.1.2/../../../../nios2-elf/lib\libstdc++.a(string-inst.o)
                0x04019da0                std::string::find_last_not_of(char, unsigned long) const
 .text._ZNKSs17find_first_not_ofEcm
                0x04019df8       0x64 c:/altera/12.1sp1/nios2eds/bin/gnu/h-i686-mingw32/bin/../lib/gcc/nios2-elf/4.1.2/../../../../nios2-elf/lib\libstdc++.a(string-inst.o)
                0x04019df8                std::string::find_first_not_of(char, unsigned long) const
 .text._ZNSs4_Rep9_S_createEmmRKSaIcE
                0x04019e5c      0x130 c:/altera/12.1sp1/nios2eds/bin/gnu/h-i686-mingw32/bin/../lib/gcc/nios2-elf/4.1.2/../../../../nios2-elf/lib\libstdc++.a(string-inst.o)
                0x04019e5c                std::string::_Rep::_S_create(unsigned long, unsigned long, std::allocator<char> const&)
 .text._ZNSs4_Rep10_M_destroyERKSaIcE
                0x04019f8c        0x4 c:/altera/12.1sp1/nios2eds/bin/gnu/h-i686-mingw32/bin/../lib/gcc/nios2-elf/4.1.2/../../../../nios2-elf/lib\libstdc++.a(string-inst.o)
                0x04019f8c                std::string::_Rep::_M_destroy(std::allocator<char> const&)
 .text._ZNSs4_Rep10_M_disposeERKSaIcE
                0x04019f90       0x64 c:/altera/12.1sp1/nios2eds/bin/gnu/h-i686-mingw32/bin/../lib/gcc/nios2-elf/4.1.2/../../../../nios2-elf/lib\libstdc++.a(string-inst.o)
                0x04019f90                std::string::_Rep::_M_dispose(std::allocator<char> const&)
 .text._ZNKSs12find_last_ofEPKcmm
                0x04019ff4       0xe4 c:/altera/12.1sp1/nios2eds/bin/gnu/h-i686-mingw32/bin/../lib/gcc/nios2-elf/4.1.2/../../../../nios2-elf/lib\libstdc++.a(string-inst.o)
                0x04019ff4                std::string::find_last_of(char const*, unsigned long, unsigned long) const
 .text._ZNKSs12find_last_ofERKSsm
                0x0401a0d8        0xc c:/altera/12.1sp1/nios2eds/bin/gnu/h-i686-mingw32/bin/../lib/gcc/nios2-elf/4.1.2/../../../../nios2-elf/lib\libstdc++.a(string-inst.o)
                0x0401a0d8                std::string::find_last_of(std::string const&, unsigned long) const
 .text._ZNKSs13find_first_ofEPKcmm
                0x0401a0e4       0x88 c:/altera/12.1sp1/nios2eds/bin/gnu/h-i686-mingw32/bin/../lib/gcc/nios2-elf/4.1.2/../../../../nios2-elf/lib\libstdc++.a(string-inst.o)
                0x0401a0e4                std::string::find_first_of(char const*, unsigned long, unsigned long) const
 .text._ZNKSs13find_first_ofERKSsm
                0x0401a16c        0xc c:/altera/12.1sp1/nios2eds/bin/gnu/h-i686-mingw32/bin/../lib/gcc/nios2-elf/4.1.2/../../../../nios2-elf/lib\libstdc++.a(string-inst.o)
                0x0401a16c                std::string::find_first_of(std::string const&, unsigned long) const
 .text._ZNKSs4findEcm
                0x0401a178       0x68 c:/altera/12.1sp1/nios2eds/bin/gnu/h-i686-mingw32/bin/../lib/gcc/nios2-elf/4.1.2/../../../../nios2-elf/lib\libstdc++.a(string-inst.o)
                0x0401a178                std::string::find(char, unsigned long) const
 .text._ZNKSs13find_first_ofEcm
                0x0401a1e0       0x10 c:/altera/12.1sp1/nios2eds/bin/gnu/h-i686-mingw32/bin/../lib/gcc/nios2-elf/4.1.2/../../../../nios2-elf/lib\libstdc++.a(string-inst.o)
                0x0401a1e0                std::string::find_first_of(char, unsigned long) const
 .text._ZNKSs16find_last_not_ofEPKcmm
                0x0401a1f0       0xe0 c:/altera/12.1sp1/nios2eds/bin/gnu/h-i686-mingw32/bin/../lib/gcc/nios2-elf/4.1.2/../../../../nios2-elf/lib\libstdc++.a(string-inst.o)
                0x0401a1f0                std::string::find_last_not_of(char const*, unsigned long, unsigned long) const
 .text._ZNKSs16find_last_not_ofERKSsm
                0x0401a2d0        0xc c:/altera/12.1sp1/nios2eds/bin/gnu/h-i686-mingw32/bin/../lib/gcc/nios2-elf/4.1.2/../../../../nios2-elf/lib\libstdc++.a(string-inst.o)
                0x0401a2d0                std::string::find_last_not_of(std::string const&, unsigned long) const
 .text._ZNKSs7compareERKSs
                0x0401a2dc       0x60 c:/altera/12.1sp1/nios2eds/bin/gnu/h-i686-mingw32/bin/../lib/gcc/nios2-elf/4.1.2/../../../../nios2-elf/lib\libstdc++.a(string-inst.o)
                0x0401a2dc                std::string::compare(std::string const&) const
 .text._ZNKSs4findEPKcm
                0x0401a33c       0x50 c:/altera/12.1sp1/nios2eds/bin/gnu/h-i686-mingw32/bin/../lib/gcc/nios2-elf/4.1.2/../../../../nios2-elf/lib\libstdc++.a(string-inst.o)
                0x0401a33c                std::string::find(char const*, unsigned long) const
 .text._ZNKSs7compareEPKc
                0x0401a38c       0x7c c:/altera/12.1sp1/nios2eds/bin/gnu/h-i686-mingw32/bin/../lib/gcc/nios2-elf/4.1.2/../../../../nios2-elf/lib\libstdc++.a(string-inst.o)
                0x0401a38c                std::string::compare(char const*) const
 .text._ZNKSs16find_last_not_ofEPKcm
                0x0401a408       0x50 c:/altera/12.1sp1/nios2eds/bin/gnu/h-i686-mingw32/bin/../lib/gcc/nios2-elf/4.1.2/../../../../nios2-elf/lib\libstdc++.a(string-inst.o)
                0x0401a408                std::string::find_last_not_of(char const*, unsigned long) const
 .text._ZNKSs17find_first_not_ofEPKcm
                0x0401a458       0x50 c:/altera/12.1sp1/nios2eds/bin/gnu/h-i686-mingw32/bin/../lib/gcc/nios2-elf/4.1.2/../../../../nios2-elf/lib\libstdc++.a(string-inst.o)
                0x0401a458                std::string::find_first_not_of(char const*, unsigned long) const
 .text._ZNKSs12find_last_ofEPKcm
                0x0401a4a8       0x50 c:/altera/12.1sp1/nios2eds/bin/gnu/h-i686-mingw32/bin/../lib/gcc/nios2-elf/4.1.2/../../../../nios2-elf/lib\libstdc++.a(string-inst.o)
                0x0401a4a8                std::string::find_last_of(char const*, unsigned long) const
 .text._ZNKSs13find_first_ofEPKcm
                0x0401a4f8       0x50 c:/altera/12.1sp1/nios2eds/bin/gnu/h-i686-mingw32/bin/../lib/gcc/nios2-elf/4.1.2/../../../../nios2-elf/lib\libstdc++.a(string-inst.o)
                0x0401a4f8                std::string::find_first_of(char const*, unsigned long) const
 .text._ZNKSs4rendEv
                0x0401a548       0x10 c:/altera/12.1sp1/nios2eds/bin/gnu/h-i686-mingw32/bin/../lib/gcc/nios2-elf/4.1.2/../../../../nios2-elf/lib\libstdc++.a(string-inst.o)
                0x0401a548                std::string::rend() const
 .text._ZNKSs6rbeginEv
                0x0401a558       0x18 c:/altera/12.1sp1/nios2eds/bin/gnu/h-i686-mingw32/bin/../lib/gcc/nios2-elf/4.1.2/../../../../nios2-elf/lib\libstdc++.a(string-inst.o)
                0x0401a558                std::string::rbegin() const
 .text._ZNSs12_S_constructEmcRKSaIcE
                0x0401a570       0xc0 c:/altera/12.1sp1/nios2eds/bin/gnu/h-i686-mingw32/bin/../lib/gcc/nios2-elf/4.1.2/../../../../nios2-elf/lib\libstdc++.a(string-inst.o)
                0x0401a570                std::string::_S_construct(unsigned long, char, std::allocator<char> const&)
 .text._ZNSsC1EmcRKSaIcE
                0x0401a630       0x3c c:/altera/12.1sp1/nios2eds/bin/gnu/h-i686-mingw32/bin/../lib/gcc/nios2-elf/4.1.2/../../../../nios2-elf/lib\libstdc++.a(string-inst.o)
                0x0401a630                std::basic_string<char, std::char_traits<char>, std::allocator<char> >::basic_string(unsigned long, char, std::allocator<char> const&)
 .text._ZNSsC2EmcRKSaIcE
                0x0401a66c       0x3c c:/altera/12.1sp1/nios2eds/bin/gnu/h-i686-mingw32/bin/../lib/gcc/nios2-elf/4.1.2/../../../../nios2-elf/lib\libstdc++.a(string-inst.o)
                0x0401a66c                std::basic_string<char, std::char_traits<char>, std::allocator<char> >::basic_string(unsigned long, char, std::allocator<char> const&)
 .text._ZNSsC1ERKSaIcE
                0x0401a6a8       0x34 c:/altera/12.1sp1/nios2eds/bin/gnu/h-i686-mingw32/bin/../lib/gcc/nios2-elf/4.1.2/../../../../nios2-elf/lib\libstdc++.a(string-inst.o)
                0x0401a6a8                std::basic_string<char, std::char_traits<char>, std::allocator<char> >::basic_string(std::allocator<char> const&)
 .text._ZNSsC2ERKSaIcE
                0x0401a6dc       0x34 c:/altera/12.1sp1/nios2eds/bin/gnu/h-i686-mingw32/bin/../lib/gcc/nios2-elf/4.1.2/../../../../nios2-elf/lib\libstdc++.a(string-inst.o)
                0x0401a6dc                std::basic_string<char, std::char_traits<char>, std::allocator<char> >::basic_string(std::allocator<char> const&)
 .text._ZNKSs7compareEmmPKcm
                0x0401a710       0x90 c:/altera/12.1sp1/nios2eds/bin/gnu/h-i686-mingw32/bin/../lib/gcc/nios2-elf/4.1.2/../../../../nios2-elf/lib\libstdc++.a(string-inst.o)
                0x0401a710                std::string::compare(unsigned long, unsigned long, char const*, unsigned long) const
 .text._ZNKSs7compareEmmPKc
                0x0401a7a0       0xc8 c:/altera/12.1sp1/nios2eds/bin/gnu/h-i686-mingw32/bin/../lib/gcc/nios2-elf/4.1.2/../../../../nios2-elf/lib\libstdc++.a(string-inst.o)
                0x0401a7a0                std::string::compare(unsigned long, unsigned long, char const*) const
 .text._ZNKSs7compareEmmRKSsmm
                0x0401a868       0xc0 c:/altera/12.1sp1/nios2eds/bin/gnu/h-i686-mingw32/bin/../lib/gcc/nios2-elf/4.1.2/../../../../nios2-elf/lib\libstdc++.a(string-inst.o)
                0x0401a868                std::string::compare(unsigned long, unsigned long, std::string const&, unsigned long, unsigned long) const
 .text._ZNKSs7compareEmmRKSs
                0x0401a928       0xa0 c:/altera/12.1sp1/nios2eds/bin/gnu/h-i686-mingw32/bin/../lib/gcc/nios2-elf/4.1.2/../../../../nios2-elf/lib\libstdc++.a(string-inst.o)
                0x0401a928                std::string::compare(unsigned long, unsigned long, std::string const&) const
 .text._ZNSs4_Rep8_M_cloneERKSaIcEm
                0x0401a9c8       0x9c c:/altera/12.1sp1/nios2eds/bin/gnu/h-i686-mingw32/bin/../lib/gcc/nios2-elf/4.1.2/../../../../nios2-elf/lib\libstdc++.a(string-inst.o)
                0x0401a9c8                std::string::_Rep::_M_clone(std::allocator<char> const&, unsigned long)
 .text._ZNSs4_Rep7_M_grabERKSaIcES2_
                0x0401aa64      0x104 c:/altera/12.1sp1/nios2eds/bin/gnu/h-i686-mingw32/bin/../lib/gcc/nios2-elf/4.1.2/../../../../nios2-elf/lib\libstdc++.a(string-inst.o)
                0x0401aa64                std::string::_Rep::_M_grab(std::allocator<char> const&, std::allocator<char> const&)
 .text._ZNKSs4copyEPcmm
                0x0401ab68       0x88 c:/altera/12.1sp1/nios2eds/bin/gnu/h-i686-mingw32/bin/../lib/gcc/nios2-elf/4.1.2/../../../../nios2-elf/lib\libstdc++.a(string-inst.o)
                0x0401ab68                std::string::copy(char*, unsigned long, unsigned long) const
 .text._ZNSs13_S_copy_charsEPcPKcS1_
                0x0401abf0       0x20 c:/altera/12.1sp1/nios2eds/bin/gnu/h-i686-mingw32/bin/../lib/gcc/nios2-elf/4.1.2/../../../../nios2-elf/lib\libstdc++.a(string-inst.o)
                0x0401abf0                std::string::_S_copy_chars(char*, char const*, char const*)
 .text._ZNSs13_S_copy_charsEPcS_S_
                0x0401ac10       0x20 c:/altera/12.1sp1/nios2eds/bin/gnu/h-i686-mingw32/bin/../lib/gcc/nios2-elf/4.1.2/../../../../nios2-elf/lib\libstdc++.a(string-inst.o)
                0x0401ac10                std::string::_S_copy_chars(char*, char*, char*)
 .text._ZNSs12_S_constructIPcEES0_T_S1_RKSaIcESt20forward_iterator_tag
                0x0401ac30       0xc4 c:/altera/12.1sp1/nios2eds/bin/gnu/h-i686-mingw32/bin/../lib/gcc/nios2-elf/4.1.2/../../../../nios2-elf/lib\libstdc++.a(string-inst.o)
                0x0401ac30                char* std::string::_S_construct<char*>(char*, char*, std::allocator<char> const&, std::forward_iterator_tag)
 .text._ZNSsC2IPcEET_S1_RKSaIcE