------------------------------------------------------------
TimeQuest Timing Analyzer Summary
------------------------------------------------------------

Type  : Slow 1200mV 85C Model Setup 'csi_clockreset_CLK'
Slack : -0.651
TNS   : -2.086

Type  : Slow 1200mV 85C Model Hold 'csi_clockreset_CLK'
Slack : 0.403
TNS   : 0.000

Type  : Slow 1200mV 85C Model Minimum Pulse Width 'csi_clockreset_CLK'
Slack : -3.000
TNS   : -11.995

Type  : Slow 1200mV 0C Model Setup 'csi_clockreset_CLK'
Slack : -0.497
TNS   : -1.409

Type  : Slow 1200mV 0C Model Hold 'csi_clockreset_CLK'
Slack : 0.354
TNS   : 0.000

Type  : Slow 1200mV 0C Model Minimum Pulse Width 'csi_clockreset_CLK'
Slack : -3.000
TNS   : -11.995

Type  : Fast 1200mV 0C Model Setup 'csi_clockreset_CLK'
Slack : 0.219
TNS   : 0.000

Type  : Fast 1200mV 0C Model Hold 'csi_clockreset_CLK'
Slack : 0.181
TNS   : 0.000

Type  : Fast 1200mV 0C Model Minimum Pulse Width 'csi_clockreset_CLK'
Slack : -3.000
TNS   : -10.505

------------------------------------------------------------
