Archive member included because of file (symbol)

c:/altera/12.1sp1/nios2eds/bin/gnu/h-i686-mingw32/bin/../lib/gcc/nios2-elf/4.1.2/../../../../nios2-elf/lib\libstdc++.a(eh_personality.o)
                              obj/default/main.o (__gxx_personality_sj0)
c:/altera/12.1sp1/nios2eds/bin/gnu/h-i686-mingw32/bin/../lib/gcc/nios2-elf/4.1.2/../../../../nios2-elf/lib\libstdc++.a(eh_terminate.o)
                              c:/altera/12.1sp1/nios2eds/bin/gnu/h-i686-mingw32/bin/../lib/gcc/nios2-elf/4.1.2/../../../../nios2-elf/lib\libstdc++.a(eh_personality.o) (__cxxabiv1::__terminate(void (*)()))
c:/altera/12.1sp1/nios2eds/bin/gnu/h-i686-mingw32/bin/../lib/gcc/nios2-elf/4.1.2/../../../../nios2-elf/lib\libstdc++.a(eh_term_handler.o)
                              c:/altera/12.1sp1/nios2eds/bin/gnu/h-i686-mingw32/bin/../lib/gcc/nios2-elf/4.1.2/../../../../nios2-elf/lib\libstdc++.a(eh_terminate.o) (__cxxabiv1::__terminate_handler)
c:/altera/12.1sp1/nios2eds/bin/gnu/h-i686-mingw32/bin/../lib/gcc/nios2-elf/4.1.2/../../../../nios2-elf/lib\libstdc++.a(eh_catch.o)
                              c:/altera/12.1sp1/nios2eds/bin/gnu/h-i686-mingw32/bin/../lib/gcc/nios2-elf/4.1.2/../../../../nios2-elf/lib\libstdc++.a(eh_personality.o) (__cxa_end_catch)
c:/altera/12.1sp1/nios2eds/bin/gnu/h-i686-mingw32/bin/../lib/gcc/nios2-elf/4.1.2/../../../../nios2-elf/lib\libstdc++.a(eh_throw.o)
                              c:/altera/12.1sp1/nios2eds/bin/gnu/h-i686-mingw32/bin/../lib/gcc/nios2-elf/4.1.2/../../../../nios2-elf/lib\libstdc++.a(eh_personality.o) (__cxa_rethrow)
c:/altera/12.1sp1/nios2eds/bin/gnu/h-i686-mingw32/bin/../lib/gcc/nios2-elf/4.1.2/../../../../nios2-elf/lib\libstdc++.a(eh_alloc.o)
                              c:/altera/12.1sp1/nios2eds/bin/gnu/h-i686-mingw32/bin/../lib/gcc/nios2-elf/4.1.2/../../../../nios2-elf/lib\libstdc++.a(eh_throw.o) (__cxa_free_exception)
c:/altera/12.1sp1/nios2eds/bin/gnu/h-i686-mingw32/bin/../lib/gcc/nios2-elf/4.1.2/../../../../nios2-elf/lib\libstdc++.a(eh_exception.o)
                              c:/altera/12.1sp1/nios2eds/bin/gnu/h-i686-mingw32/bin/../lib/gcc/nios2-elf/4.1.2/../../../../nios2-elf/lib\libstdc++.a(eh_personality.o) (vtable for std::bad_exception)
c:/altera/12.1sp1/nios2eds/bin/gnu/h-i686-mingw32/bin/../lib/gcc/nios2-elf/4.1.2/../../../../nios2-elf/lib\libstdc++.a(eh_call.o)
                              c:/altera/12.1sp1/nios2eds/bin/gnu/h-i686-mingw32/bin/../lib/gcc/nios2-elf/4.1.2/../../../../nios2-elf/lib\libstdc++.a(eh_personality.o) (__cxa_call_terminate)
c:/altera/12.1sp1/nios2eds/bin/gnu/h-i686-mingw32/bin/../lib/gcc/nios2-elf/4.1.2/../../../../nios2-elf/lib\libstdc++.a(eh_globals.o)
                              c:/altera/12.1sp1/nios2eds/bin/gnu/h-i686-mingw32/bin/../lib/gcc/nios2-elf/4.1.2/../../../../nios2-elf/lib\libstdc++.a(eh_personality.o) (__cxa_get_globals_fast)
c:/altera/12.1sp1/nios2eds/bin/gnu/h-i686-mingw32/bin/../lib/gcc/nios2-elf/4.1.2/../../../../nios2-elf/lib\libstdc++.a(class_type_info.o)
                              c:/altera/12.1sp1/nios2eds/bin/gnu/h-i686-mingw32/bin/../lib/gcc/nios2-elf/4.1.2/../../../../nios2-elf/lib\libstdc++.a(eh_exception.o) (vtable for __cxxabiv1::__class_type_info)
c:/altera/12.1sp1/nios2eds/bin/gnu/h-i686-mingw32/bin/../lib/gcc/nios2-elf/4.1.2/../../../../nios2-elf/lib\libstdc++.a(eh_unex_handler.o)
                              c:/altera/12.1sp1/nios2eds/bin/gnu/h-i686-mingw32/bin/../lib/gcc/nios2-elf/4.1.2/../../../../nios2-elf/lib\libstdc++.a(eh_terminate.o) (__cxxabiv1::__unexpected_handler)
c:/altera/12.1sp1/nios2eds/bin/gnu/h-i686-mingw32/bin/../lib/gcc/nios2-elf/4.1.2/../../../../nios2-elf/lib\libstdc++.a(del_op.o)
                              c:/altera/12.1sp1/nios2eds/bin/gnu/h-i686-mingw32/bin/../lib/gcc/nios2-elf/4.1.2/../../../../nios2-elf/lib\libstdc++.a(eh_exception.o) (operator delete(void*))
c:/altera/12.1sp1/nios2eds/bin/gnu/h-i686-mingw32/bin/../lib/gcc/nios2-elf/4.1.2/../../../../nios2-elf/lib\libstdc++.a(si_class_type_info.o)
                              c:/altera/12.1sp1/nios2eds/bin/gnu/h-i686-mingw32/bin/../lib/gcc/nios2-elf/4.1.2/../../../../nios2-elf/lib\libstdc++.a(eh_exception.o) (vtable for __cxxabiv1::__si_class_type_info)
c:/altera/12.1sp1/nios2eds/bin/gnu/h-i686-mingw32/bin/../lib/gcc/nios2-elf/4.1.2/../../../../nios2-elf/lib\libstdc++.a(tinfo.o)
                              c:/altera/12.1sp1/nios2eds/bin/gnu/h-i686-mingw32/bin/../lib/gcc/nios2-elf/4.1.2/../../../../nios2-elf/lib\libstdc++.a(class_type_info.o) (std::type_info::__is_pointer_p() const)
c:/altera/12.1sp1/nios2eds/bin/gnu/h-i686-mingw32/bin/../lib/gcc/nios2-elf/4.1.2\libgcc.a(lib2-divmod.o)
                              obj/default/main.o (__divsi3)
c:/altera/12.1sp1/nios2eds/bin/gnu/h-i686-mingw32/bin/../lib/gcc/nios2-elf/4.1.2\libgcc.a(unwind-sjlj.o)
                              obj/default/main.o (_Unwind_SjLj_Register)
[...]
Memory Configuration

Name             Origin             Length             Attributes
reset            0x00080000         0x00000020
onchip_memory2_0 0x00080020         0x00031fe0
shared_memory    0x08002000         0x00001000
*default*        0x00000000         0xffffffff

Linker script and memory map

LOAD ../Car2X_carControl_bsp//obj/HAL/src/crt0.o
LOAD c:/altera/12.1sp1/nios2eds/bin/gnu/h-i686-mingw32/bin/../lib/gcc/nios2-elf/4.1.2/../../../../nios2-elf/lib\libstdc++.a
LOAD obj/default/main.o
LOAD obj/default/MemSharedArea.o
LOAD c:/altera/12.1sp1/nios2eds/bin/gnu/h-i686-mingw32/bin/../lib/gcc/nios2-elf/4.1.2/../../../../nios2-elf/lib\libstdc++.a
LOAD c:/altera/12.1sp1/nios2eds/bin/gnu/h-i686-mingw32/bin/../lib/gcc/nios2-elf/4.1.2/../../../../nios2-elf/lib\libm.a
LOAD c:/altera/12.1sp1/nios2eds/bin/gnu/h-i686-mingw32/bin/../lib/gcc/nios2-elf/4.1.2\libgcc.a
START GROUP
LOAD c:/altera/12.1sp1/nios2eds/bin/gnu/h-i686-mingw32/bin/../lib/gcc/nios2-elf/4.1.2/../../../../nios2-elf/lib\libc.a
LOAD c:/altera/12.1sp1/nios2eds/bin/gnu/h-i686-mingw32/bin/../lib/gcc/nios2-elf/4.1.2\libgcc.a
LOAD ../Car2X_carControl_bsp/\libhal_bsp.a
END GROUP
LOAD c:/altera/12.1sp1/nios2eds/bin/gnu/h-i686-mingw32/bin/../lib/gcc/nios2-elf/4.1.2\libgcc.a
                0x00080000                __alt_mem_onchip_memory2_0 = 0x80000
                0x08002000                __alt_mem_shared_memory = 0x8002000

.entry          0x00080000       0x20
 *(.entry)
 .entry         0x00080000       0x20 ../Car2X_carControl_bsp//obj/HAL/src/crt0.o
                0x00080000                __reset

.exceptions     0x00080020      0x194
                0x00080020                PROVIDE (__ram_exceptions_start, ABSOLUTE (.))
                0x00080020                . = ALIGN (0x20)
 *(.irq)
 *(.exceptions.entry.label)
 .exceptions.entry.label
                0x00080020        0x0 ../Car2X_carControl_bsp/\libhal_bsp.a(alt_irq_entry.o)
                0x00080020                alt_irq_entry
 .exceptions.entry.label
                0x00080020        0x0 ../Car2X_carControl_bsp/\libhal_bsp.a(alt_exception_entry.o)
                0x00080020                alt_exception
 *(.exceptions.entry.user)
 *(.exceptions.entry)
 .exceptions.entry
                0x00080020       0x54 ../Car2X_carControl_bsp/\libhal_bsp.a(alt_exception_entry.o)
 *(.exceptions.irqtest.user)
 *(.exceptions.irqtest)
 .exceptions.irqtest
                0x00080074       0x10 ../Car2X_carControl_bsp/\libhal_bsp.a(alt_irq_entry.o)
 *(.exceptions.irqhandler.user)
 *(.exceptions.irqhandler)
 .exceptions.irqhandler
                0x00080084        0x4 ../Car2X_carControl_bsp/\libhal_bsp.a(alt_irq_entry.o)
 *(.exceptions.irqreturn.user)
 *(.exceptions.irqreturn)
 .exceptions.irqreturn
                0x00080088        0x4 ../Car2X_carControl_bsp/\libhal_bsp.a(alt_irq_entry.o)
 *(.exceptions.notirq.label)
 .exceptions.notirq.label
                0x0008008c        0x0 ../Car2X_carControl_bsp/\libhal_bsp.a(alt_irq_entry.o)
 *(.exceptions.notirq.user)
 *(.exceptions.notirq)
 .exceptions.notirq
                0x0008008c        0x8 ../Car2X_carControl_bsp/\libhal_bsp.a(alt_exception_entry.o)
 *(.exceptions.soft.user)
 *(.exceptions.soft)
 *(.exceptions.unknown.user)
 *(.exceptions.unknown)
 .exceptions.unknown
                0x00080094        0x4 ../Car2X_carControl_bsp/\libhal_bsp.a(alt_exception_entry.o)
 *(.exceptions.exit.label)
 .exceptions.exit.label
                0x00080098        0x0 ../Car2X_carControl_bsp/\libhal_bsp.a(alt_irq_entry.o)
 .exceptions.exit.label
                0x00080098        0x0 ../Car2X_carControl_bsp/\libhal_bsp.a(alt_exception_entry.o)
 *(.exceptions.exit.user)
 *(.exceptions.exit)
 .exceptions.exit
                0x00080098       0x54 ../Car2X_carControl_bsp/\libhal_bsp.a(alt_exception_entry.o)
 *(.exceptions)
 .exceptions    0x000800ec       0xc8 ../Car2X_carControl_bsp/\libhal_bsp.a(alt_irq_handler.o)
                0x000800ec                alt_irq_handler
                0x000801b4                PROVIDE (__ram_exceptions_end, ABSOLUTE (.))
                0x00080020                PROVIDE (__flash_exceptions_start, LOADADDR (.exceptions))

.text           0x000801b4     0xf034
                0x000801b4                PROVIDE (stext, ABSOLUTE (.))
 *(.interp)
 *(.hash)
 *(.dynsym)
 *(.dynstr)
 *(.gnu.version)
 *(.gnu.version_d)
 *(.gnu.version_r)
 *(.rel.init)
 *(.rela.init)
 *(.rel.text .rel.text.* .rel.gnu.linkonce.t.*)
 *(.rela.text .rela.text.* .rela.gnu.linkonce.t.*)
 *(.rel.fini)
 *(.rela.fini)
 *(.rel.rodata .rel.rodata.* .rel.gnu.linkonce.r.*)
 *(.rela.rodata .rela.rodata.* .rela.gnu.linkonce.r.*)
 *(.rel.data .rel.data.* .rel.gnu.linkonce.d.*)
 *(.rela.data .rela.data.* .rela.gnu.linkonce.d.*)
 *(.rel.tdata .rel.tdata.* .rel.gnu.linkonce.td.*)
 *(.rela.tdata .rela.tdata.* .rela.gnu.linkonce.td.*)
 *(.rel.tbss .rel.tbss.* .rel.gnu.linkonce.tb.*)
 *(.rela.tbss .rela.tbss.* .rela.gnu.linkonce.tb.*)
 *(.rel.ctors)
 *(.rela.ctors)
 *(.rel.dtors)
 *(.rela.dtors)
 *(.rel.got)
 *(.rela.got)
 *(.rel.sdata .rel.sdata.* .rel.gnu.linkonce.s.*)
 *(.rela.sdata .rela.sdata.* .rela.gnu.linkonce.s.*)
 *(.rel.sbss .rel.sbss.* .rel.gnu.linkonce.sb.*)
 *(.rela.sbss .rela.sbss.* .rela.gnu.linkonce.sb.*)
 *(.rel.sdata2 .rel.sdata2.* .rel.gnu.linkonce.s2.*)
 *(.rela.sdata2 .rela.sdata2.* .rela.gnu.linkonce.s2.*)
 *(.rel.sbss2 .rel.sbss2.* .rel.gnu.linkonce.sb2.*)
 *(.rela.sbss2 .rela.sbss2.* .rela.gnu.linkonce.sb2.*)
 *(.rel.bss .rel.bss.* .rel.gnu.linkonce.b.*)
 *(.rela.bss .rela.bss.* .rela.gnu.linkonce.b.*)
 *(.rel.plt)
 *(.rela.plt)
 *(.rel.dyn)
 *(.init)
 *(.plt)
 *(.text .stub .text.* .gnu.linkonce.t.*)
 .text          0x000801b4       0x3c ../Car2X_carControl_bsp//obj/HAL/src/crt0.o
                0x000801b4                _start
 .text          0x000801f0      0x648 obj/default/main.o
                0x000801f0                setMotorSpeeds(CarState*)
                0x0008048c                switchState(CarState*)
                0x000805c8                main
 .text._ZN13MemControllerI8CarStateE16getSharedMemAreaEv
                0x00080838       0x78 obj/default/main.o
                0x00080838                MemController<CarState>::getSharedMemArea()
 .text._ZN13MemControllerI8CarStateE20releaseSharedMemAreaEv
                0x000808b0       0x5c obj/default/main.o
                0x000808b0                MemController<CarState>::releaseSharedMemArea()
 .text._ZN13MemControllerI8CarStateEC1Ev
                0x0008090c      0x120 obj/default/main.o
                0x0008090c                MemController<CarState>::MemController()
 .text._ZN13MemControllerI8CarStateE10getElementEmb
                0x00080a2c       0xc8 obj/default/main.o
                0x00080a2c                MemController<CarState>::getElement(unsigned long, bool)
 .text._ZN13MemControllerI8CarStateE14getLastElementEv
                0x00080af4       0x4c obj/default/main.o
                0x00080af4                MemController<CarState>::getLastElement()
 .text._ZN13MemControllerI8CarStateE14getLastElementEb
                0x00080b40       0x50 obj/default/main.o
                0x00080b40                MemController<CarState>::getLastElement(bool)
 .text._ZN13MemControllerI8CarStateE11pushElementERS0_
                0x00080b90      0x110 obj/default/main.o
                0x00080b90                MemController<CarState>::pushElement(CarState&)
 .text._ZN13MemControllerI8CarStateED1Ev
                0x00080ca0       0x34 obj/default/main.o
                0x00080ca0                MemController<CarState>::~MemController()
 .text          0x00080cd4        0x0 obj/default/MemSharedArea.o
 .text          0x00080cd4      0xbec c:/altera/12.1sp1/nios2eds/bin/gnu/h-i686-mingw32/bin/../lib/gcc/nios2-elf/4.1.2/../../../../nios2-elf/lib\libstdc++.a(eh_personality.o)
                0x00081260                __cxa_call_unexpected
                0x000813e0                __gxx_personality_sj0
 .text          0x000818c0      0x10c c:/altera/12.1sp1/nios2eds/bin/gnu/h-i686-mingw32/bin/../lib/gcc/nios2-elf/4.1.2/../../../../nios2-elf/lib\libstdc++.a(eh_terminate.o)
                0x000818c0                std::set_terminate(void (*)())
                0x000818d4                std::set_unexpected(void (*)())
                0x000818e8                __cxxabiv1::__terminate(void (*)())
                0x0008198c                std::terminate()
                0x000819a4                __cxxabiv1::__unexpected(void (*)())
                0x000819b4                std::unexpected()
 .text          0x000819cc        0x0 c:/altera/12.1sp1/nios2eds/bin/gnu/h-i686-mingw32/bin/../lib/gcc/nios2-elf/4.1.2/../../../../nios2-elf/lib\libstdc++.a(eh_term_handler.o)
 .text          0x000819cc      0x1e4 c:/altera/12.1sp1/nios2eds/bin/gnu/h-i686-mingw32/bin/../lib/gcc/nios2-elf/4.1.2/../../../../nios2-elf/lib\libstdc++.a(eh_catch.o)
                0x000819cc                __cxa_get_exception_ptr
                0x000819d4                std::uncaught_exception()
                0x000819f4                __cxa_end_catch
                0x00081a98                __cxa_begin_catch
 .text          0x00081bb0      0x148 c:/altera/12.1sp1/nios2eds/bin/gnu/h-i686-mingw32/bin/../lib/gcc/nios2-elf/4.1.2/../../../../nios2-elf/lib\libstdc++.a(eh_throw.o)
                0x00081bb0                __cxa_rethrow
                0x00081c24                __cxa_throw
 .text          0x00081cf8      0x174 c:/altera/12.1sp1/nios2eds/bin/gnu/h-i686-mingw32/bin/../lib/gcc/nios2-elf/4.1.2/../../../../nios2-elf/lib\libstdc++.a(eh_alloc.o)
                0x00081cf8                __cxa_free_exception
                0x00081d38                __cxa_allocate_exception
 .text          0x00081e6c       0x94 c:/altera/12.1sp1/nios2eds/bin/gnu/h-i686-mingw32/bin/../lib/gcc/nios2-elf/4.1.2/../../../../nios2-elf/lib\libstdc++.a(eh_exception.o)
                0x00081e6c                std::exception::what() const
                0x00081e7c                std::exception::~exception()
                0x00081e8c                std::exception::~exception()
                0x00081e9c                std::exception::~exception()
                0x00081eac                std::bad_exception::~bad_exception()
                0x00081ee0                std::bad_exception::~bad_exception()
                0x00081ef0                std::bad_exception::~bad_exception()
 .text          0x00081f00       0x44 c:/altera/12.1sp1/nios2eds/bin/gnu/h-i686-mingw32/bin/../lib/gcc/nios2-elf/4.1.2/../../../../nios2-elf/lib\libstdc++.a(eh_call.o)
                0x00081f00                __cxa_call_terminate
 .text          0x00081f44       0x10 c:/altera/12.1sp1/nios2eds/bin/gnu/h-i686-mingw32/bin/../lib/gcc/nios2-elf/4.1.2/../../../../nios2-elf/lib\libstdc++.a(eh_globals.o)
                0x00081f44                __cxa_get_globals_fast
                0x00081f4c                __cxa_get_globals
 .text          0x00081f54      0x1bc c:/altera/12.1sp1/nios2eds/bin/gnu/h-i686-mingw32/bin/../lib/gcc/nios2-elf/4.1.2/../../../../nios2-elf/lib\libstdc++.a(class_type_info.o)
                0x00081f54                __cxxabiv1::__class_type_info::__do_upcast(__cxxabiv1::__class_type_info const*, void**) const
                0x00081fc0                __cxxabiv1::__class_type_info::__do_find_public_src(long, void const*, __cxxabiv1::__class_type_info const*, void const*) const
                0x00081fe0                __cxxabiv1::__class_type_info::~__class_type_info()
                0x00082014                __cxxabiv1::__class_type_info::~__class_type_info()
                0x00082024                __cxxabiv1::__class_type_info::~__class_type_info()
                0x00082034                __cxxabiv1::__class_type_info::__do_catch(std::type_info const*, void**, unsigned int) const
                0x00082094                __cxxabiv1::__class_type_info::__do_upcast(__cxxabiv1::__class_type_info const*, void const*, __cxxabiv1::__class_type_info::__upcast_result&) const
                0x000820c4                __cxxabiv1::__class_type_info::__do_dyncast(long, __cxxabiv1::__class_type_info::__sub_kind, __cxxabiv1::__class_type_info const*, void const*, __cxxabiv1::__class_type_info const*, void const*, __cxxabiv1::__class_type_info::__dyncast_result&) const
 .text          0x00082110        0x0 c:/altera/12.1sp1/nios2eds/bin/gnu/h-i686-mingw32/bin/../lib/gcc/nios2-elf/4.1.2/../../../../nios2-elf/lib\libstdc++.a(eh_unex_handler.o)
 .text          0x00082110        0xc c:/altera/12.1sp1/nios2eds/bin/gnu/h-i686-mingw32/bin/../lib/gcc/nios2-elf/4.1.2/../../../../nios2-elf/lib\libstdc++.a(del_op.o)
                0x00082110                operator delete(void*)
 .text          0x0008211c      0x1c8 c:/altera/12.1sp1/nios2eds/bin/gnu/h-i686-mingw32/bin/../lib/gcc/nios2-elf/4.1.2/../../../../nios2-elf/lib\libstdc++.a(si_class_type_info.o)
                0x0008211c                __cxxabiv1::__si_class_type_info::__do_upcast(__cxxabiv1::__class_type_info const*, void const*, __cxxabiv1::__class_type_info::__upcast_result&) const
                0x00082194                __cxxabiv1::__si_class_type_info::~__si_class_type_info()
                0x000821c8                __cxxabiv1::__si_class_type_info::~__si_class_type_info()
                0x000821d8                __cxxabiv1::__si_class_type_info::~__si_class_type_info()
                0x000821e8                __cxxabiv1::__si_class_type_info::__do_find_public_src(long, void const*, __cxxabiv1::__class_type_info const*, void const*) const
                0x0008221c                __cxxabiv1::__si_class_type_info::__do_dyncast(long, __cxxabiv1::__class_type_info::__sub_kind, __cxxabiv1::__class_type_info const*, void const*, __cxxabiv1::__class_type_info const*, void const*, __cxxabiv1::__class_type_info::__dyncast_result&) const
 .text          0x000822e4       0x58 c:/altera/12.1sp1/nios2eds/bin/gnu/h-i686-mingw32/bin/../lib/gcc/nios2-elf/4.1.2/../../../../nios2-elf/lib\libstdc++.a(tinfo.o)
                0x000822e4                std::type_info::__is_pointer_p() const
                0x000822ec                std::type_info::__is_function_p() const
                0x000822f4                std::type_info::__do_catch(std::type_info const*, void**, unsigned int) const
                0x00082304                std::type_info::__do_upcast(__cxxabiv1::__class_type_info const*, void**) const
                0x0008230c                std::type_info::~type_info()
                0x0008231c                std::type_info::~type_info()
                0x0008232c                std::type_info::~type_info()
 .text          0x0008233c      0x14c c:/altera/12.1sp1/nios2eds/bin/gnu/h-i686-mingw32/bin/../lib/gcc/nios2-elf/4.1.2\libgcc.a(lib2-divmod.o)
                0x000823b8                __divsi3
                0x00082418                __modsi3
                0x00082478                __udivsi3
                0x00082480                __umodsi3
 .text          0x00082488      0x548 c:/altera/12.1sp1/nios2eds/bin/gnu/h-i686-mingw32/bin/../lib/gcc/nios2-elf/4.1.2\libgcc.a(unwind-sjlj.o)
                0x00082488                _Unwind_SjLj_Register
                0x00082498                _Unwind_SjLj_Unregister
                0x000824a4                _Unwind_GetGR
                0x000824bc                _Unwind_GetCFA
                0x000824d0                _Unwind_SetGR
                0x000824e8                _Unwind_GetIP
                0x000824f8                _Unwind_GetIPInfo
                0x0008250c                _Unwind_SetIP
                0x0008251c                _Unwind_GetLanguageSpecificData
                0x00082528                _Unwind_GetRegionStart
                0x00082530                _Unwind_FindEnclosingFunction
                0x00082538                _Unwind_GetDataRelBase
                0x00082540                _Unwind_GetTextRelBase
                0x00082648                _Unwind_DeleteException
                0x00082754                _Unwind_SjLj_Resume
                0x000827b0                _Unwind_SjLj_RaiseException
                0x000828a8                _Unwind_SjLj_ForcedUnwind
                0x000828f8                _Unwind_Backtrace
                0x00082978                _Unwind_SjLj_Resume_or_Rethrow
 .text          0x000829d0       0x18 c:/altera/12.1sp1/nios2eds/bin/gnu/h-i686-mingw32/bin/../lib/gcc/nios2-elf/4.1.2/../../../../nios2-elf/lib\libc.a(lib_a-abort.o)
                0x000829d0                abort
 .text          0x000829e8       0x28 c:/altera/12.1sp1/nios2eds/bin/gnu/h-i686-mingw32/bin/../lib/gcc/nios2-elf/4.1.2/../../../../nios2-elf/lib\libc.a(lib_a-malloc.o)
                0x000829e8                free
                0x000829fc                malloc
 .text          0x00082a10      0x740 c:/altera/12.1sp1/nios2eds/bin/gnu/h-i686-mingw32/bin/../lib/gcc/nios2-elf/4.1.2/../../../../nios2-elf/lib\libc.a(lib_a-mallocr.o)
                0x00082a10                _malloc_r
 .text          0x00083150       0xa0 c:/altera/12.1sp1/nios2eds/bin/gnu/h-i686-mingw32/bin/../lib/gcc/nios2-elf/4.1.2/../../../../nios2-elf/lib\libc.a(lib_a-memcpy.o)
                0x00083150                memcpy
 .text          0x000831f0       0xe0 c:/altera/12.1sp1/nios2eds/bin/gnu/h-i686-mingw32/bin/../lib/gcc/nios2-elf/4.1.2/../../../../nios2-elf/lib\libc.a(lib_a-memmove.o)
                0x000831f0                memmove
 .text          0x000832d0       0x98 c:/altera/12.1sp1/nios2eds/bin/gnu/h-i686-mingw32/bin/../lib/gcc/nios2-elf/4.1.2/../../../../nios2-elf/lib\libc.a(lib_a-memset.o)
                0x000832d0                memset
 .text          0x00083368       0x78 c:/altera/12.1sp1/nios2eds/bin/gnu/h-i686-mingw32/bin/../lib/gcc/nios2-elf/4.1.2/../../../../nios2-elf/lib\libc.a(lib_a-printf.o)
                0x00083368                printf
                0x000833ac                _printf_r
 .text          0x000833e0       0x70 c:/altera/12.1sp1/nios2eds/bin/gnu/h-i686-mingw32/bin/../lib/gcc/nios2-elf/4.1.2/../../../../nios2-elf/lib\libc.a(lib_a-sbrkr.o)
                0x000833e0                _sbrk_r
 .text          0x00083450      0x2d8 c:/altera/12.1sp1/nios2eds/bin/gnu/h-i686-mingw32/bin/../lib/gcc/nios2-elf/4.1.2/../../../../nios2-elf/lib\libc.a(lib_a-signal.o)
                0x00083450                _raise_r
                0x0008351c                raise
                0x00083530                _init_signal_r
                0x00083594                _init_signal
                0x000835a4                __sigtramp_r
                0x00083658                __sigtramp
                0x0008366c                _signal_r
                0x0008370c                signal
 .text          0x00083728       0x78 c:/altera/12.1sp1/nios2eds/bin/gnu/h-i686-mingw32/bin/../lib/gcc/nios2-elf/4.1.2/../../../../nios2-elf/lib\libc.a(lib_a-signalr.o)
                0x00083728                _getpid_r
                0x0008372c                _kill_r
 .text          0x000837a0     0x1f28 c:/altera/12.1sp1/nios2eds/bin/gnu/h-i686-mingw32/bin/../lib/gcc/nios2-elf/4.1.2/../../../../nios2-elf/lib\libc.a(lib_a-vfprintf.o)
                0x000837f8                ___vfprintf_internal_r
                0x000856a4                __vfprintf_internal
 .text          0x000856c8      0x13c c:/altera/12.1sp1/nios2eds/bin/gnu/h-i686-mingw32/bin/../lib/gcc/nios2-elf/4.1.2/../../../../nios2-elf/lib\libc.a(lib_a-wsetup.o)
                0x000856c8                __swsetup_r
 .text          0x00085804     0x17cc c:/altera/12.1sp1/nios2eds/bin/gnu/h-i686-mingw32/bin/../lib/gcc/nios2-elf/4.1.2/../../../../nios2-elf/lib\libc.a(lib_a-dtoa.o)
                0x00085a1c                _dtoa_r
 .text          0x00086fd0      0x230 c:/altera/12.1sp1/nios2eds/bin/gnu/h-i686-mingw32/bin/../lib/gcc/nios2-elf/4.1.2/../../../../nios2-elf/lib\libc.a(lib_a-fflush.o)
                0x00086fd0                _fflush_r
                0x000871cc                fflush
 .text          0x00087200      0x2c0 c:/altera/12.1sp1/nios2eds/bin/gnu/h-i686-mingw32/bin/../lib/gcc/nios2-elf/4.1.2/../../../../nios2-elf/lib\libc.a(lib_a-findfp.o)
                0x00087258                __sfp_lock_acquire
                0x0008725c                __sfp_lock_release
                0x00087260                __sinit_lock_acquire
                0x00087264                __sinit_lock_release
                0x00087268                __sinit
                0x0008731c                __fp_unlock_all
                0x00087334                __fp_lock_all
                0x0008734c                _cleanup_r
                0x00087358                _cleanup
                0x00087368                __sfmoreglue
                0x000873d0                __sfp
 .text          0x000874c0      0x440 c:/altera/12.1sp1/nios2eds/bin/gnu/h-i686-mingw32/bin/../lib/gcc/nios2-elf/4.1.2/../../../../nios2-elf/lib\libc.a(lib_a-freer.o)
                0x000874c0                _malloc_trim_r
                0x000875ec                _free_r
 .text          0x00087900      0x49c c:/altera/12.1sp1/nios2eds/bin/gnu/h-i686-mingw32/bin/../lib/gcc/nios2-elf/4.1.2/../../../../nios2-elf/lib\libc.a(lib_a-fvwrite.o)
                0x00087900                __sfvwrite_r
 .text          0x00087d9c      0x180 c:/altera/12.1sp1/nios2eds/bin/gnu/h-i686-mingw32/bin/../lib/gcc/nios2-elf/4.1.2/../../../../nios2-elf/lib\libc.a(lib_a-fwalk.o)
                0x00087d9c                _fwalk_reent
                0x00087e64                _fwalk
 .text          0x00087f1c        0x0 c:/altera/12.1sp1/nios2eds/bin/gnu/h-i686-mingw32/bin/../lib/gcc/nios2-elf/4.1.2/../../../../nios2-elf/lib\libc.a(lib_a-impure.o)
 .text          0x00087f1c        0x0 c:/altera/12.1sp1/nios2eds/bin/gnu/h-i686-mingw32/bin/../lib/gcc/nios2-elf/4.1.2/../../../../nios2-elf/lib\libc.a(lib_a-int_errno.o)
 .text          0x00087f1c       0xc4 c:/altera/12.1sp1/nios2eds/bin/gnu/h-i686-mingw32/bin/../lib/gcc/nios2-elf/4.1.2/../../../../nios2-elf/lib\libc.a(lib_a-locale.o)
                0x00087f1c                __locale_charset
                0x00087f24                _localeconv_r
                0x00087f30                localeconv
                0x00087f40                _setlocale_r
                0x00087fc4                setlocale
 .text          0x00087fe0      0x194 c:/altera/12.1sp1/nios2eds/bin/gnu/h-i686-mingw32/bin/../lib/gcc/nios2-elf/4.1.2/../../../../nios2-elf/lib\libc.a(lib_a-makebuf.o)
                0x00087fe0                __smakebuf_r
 .text          0x00088174       0xe4 c:/altera/12.1sp1/nios2eds/bin/gnu/h-i686-mingw32/bin/../lib/gcc/nios2-elf/4.1.2/../../../../nios2-elf/lib\libc.a(lib_a-memchr.o)
                0x00088174                memchr
 .text          0x00088258      0xff4 c:/altera/12.1sp1/nios2eds/bin/gnu/h-i686-mingw32/bin/../lib/gcc/nios2-elf/4.1.2/../../../../nios2-elf/lib\libc.a(lib_a-mprec.o)
                0x00088258                _Bfree
                0x00088280                __hi0bits
                0x000882f0                __lo0bits
                0x000883b4                __mcmp
                0x00088414                __ulp
                0x00088494                __b2d
                0x000885b4                __ratio
                0x00088664                _mprec_log10
                0x000886f8                __copybits
                0x00088750                __any_on
                0x000887d8                _Balloc
                0x00088894                __d2b
                0x00088a10                __mdiff
                0x00088b9c                __lshift
                0x00088ce8                __multiply
                0x00088ed0                __i2b
                0x00088f0c                __multadd
                0x0008900c                __pow5mult
                0x0008912c                __s2b
 .text          0x0008924c      0x5f4 c:/altera/12.1sp1/nios2eds/bin/gnu/h-i686-mingw32/bin/../lib/gcc/nios2-elf/4.1.2/../../../../nios2-elf/lib\libc.a(lib_a-reallocr.o)
                0x0008924c                _realloc_r
 .text          0x00089840       0x40 c:/altera/12.1sp1/nios2eds/bin/gnu/h-i686-mingw32/bin/../lib/gcc/nios2-elf/4.1.2/../../../../nios2-elf/lib\libc.a(lib_a-s_isinfd.o)
                0x00089840                __isinfd
 .text          0x00089880       0x30 c:/altera/12.1sp1/nios2eds/bin/gnu/h-i686-mingw32/bin/../lib/gcc/nios2-elf/4.1.2/../../../../nios2-elf/lib\libc.a(lib_a-s_isnand.o)
                0x00089880                __isnand
 .text          0x000898b0      0x14c c:/altera/12.1sp1/nios2eds/bin/gnu/h-i686-mingw32/bin/../lib/gcc/nios2-elf/4.1.2/../../../../nios2-elf/lib\libc.a(lib_a-stdio.o)
                0x000898b0                __sclose
                0x000898b8                __sseek
                0x00089920                __swrite
                0x0008999c                __sread
 .text          0x000899fc       0xbc c:/altera/12.1sp1/nios2eds/bin/gnu/h-i686-mingw32/bin/../lib/gcc/nios2-elf/4.1.2/../../../../nios2-elf/lib\libc.a(lib_a-strcmp.o)
                0x000899fc                strcmp
 .text          0x00089ab8       0x74 c:/altera/12.1sp1/nios2eds/bin/gnu/h-i686-mingw32/bin/../lib/gcc/nios2-elf/4.1.2/../../../../nios2-elf/lib\libc.a(lib_a-strlen.o)
                0x00089ab8                strlen
 .text          0x00089b2c       0x78 c:/altera/12.1sp1/nios2eds/bin/gnu/h-i686-mingw32/bin/../lib/gcc/nios2-elf/4.1.2/../../../../nios2-elf/lib\libc.a(lib_a-writer.o)
                0x00089b2c                _write_r
 .text          0x00089ba4       0xb4 c:/altera/12.1sp1/nios2eds/bin/gnu/h-i686-mingw32/bin/../lib/gcc/nios2-elf/4.1.2/../../../../nios2-elf/lib\libc.a(lib_a-callocr.o)
                0x00089ba4                _calloc_r
 .text          0x00089c58       0x70 c:/altera/12.1sp1/nios2eds/bin/gnu/h-i686-mingw32/bin/../lib/gcc/nios2-elf/4.1.2/../../../../nios2-elf/lib\libc.a(lib_a-closer.o)
                0x00089c58                _close_r
 .text          0x00089cc8      0x124 c:/altera/12.1sp1/nios2eds/bin/gnu/h-i686-mingw32/bin/../lib/gcc/nios2-elf/4.1.2/../../../../nios2-elf/lib\libc.a(lib_a-fclose.o)
                0x00089cc8                _fclose_r
                0x00089dd8                fclose
 .text          0x00089dec       0x74 c:/altera/12.1sp1/nios2eds/bin/gnu/h-i686-mingw32/bin/../lib/gcc/nios2-elf/4.1.2/../../../../nios2-elf/lib\libc.a(lib_a-fstatr.o)
                0x00089dec                _fstat_r
 .text          0x00089e60       0x70 c:/altera/12.1sp1/nios2eds/bin/gnu/h-i686-mingw32/bin/../lib/gcc/nios2-elf/4.1.2/../../../../nios2-elf/lib\libc.a(lib_a-isattyr.o)
                0x00089e60                _isatty_r
 .text          0x00089ed0       0x78 c:/altera/12.1sp1/nios2eds/bin/gnu/h-i686-mingw32/bin/../lib/gcc/nios2-elf/4.1.2/../../../../nios2-elf/lib\libc.a(lib_a-lseekr.o)
                0x00089ed0                _lseek_r
 .text          0x00089f48       0x78 c:/altera/12.1sp1/nios2eds/bin/gnu/h-i686-mingw32/bin/../lib/gcc/nios2-elf/4.1.2/../../../../nios2-elf/lib\libc.a(lib_a-readr.o)
                0x00089f48                _read_r
 .text          0x00089fc0      0x5dc c:/altera/12.1sp1/nios2eds/bin/gnu/h-i686-mingw32/bin/../lib/gcc/nios2-elf/4.1.2\libgcc.a(_udivdi3.o)
                0x00089fc0                __udivdi3
 .text          0x0008a59c      0x5b0 c:/altera/12.1sp1/nios2eds/bin/gnu/h-i686-mingw32/bin/../lib/gcc/nios2-elf/4.1.2\libgcc.a(_umoddi3.o)
                0x0008a59c                __umoddi3
 .text          0x0008ab4c      0x504 c:/altera/12.1sp1/nios2eds/bin/gnu/h-i686-mingw32/bin/../lib/gcc/nios2-elf/4.1.2\libgcc.a(_addsub_df.o)
                0x0008af5c                __subdf3
                0x0008afdc                __adddf3
 .text          0x0008b050      0x3c4 c:/altera/12.1sp1/nios2eds/bin/gnu/h-i686-mingw32/bin/../lib/gcc/nios2-elf/4.1.2\libgcc.a(_mul_df.o)
                0x0008b050                __muldf3
 .text          0x0008b414      0x258 c:/altera/12.1sp1/nios2eds/bin/gnu/h-i686-mingw32/bin/../lib/gcc/nios2-elf/4.1.2\libgcc.a(_div_df.o)
                0x0008b414                __divdf3
 .text          0x0008b66c       0x88 c:/altera/12.1sp1/nios2eds/bin/gnu/h-i686-mingw32/bin/../lib/gcc/nios2-elf/4.1.2\libgcc.a(_eq_df.o)
                0x0008b66c                __eqdf2
 .text          0x0008b6f4       0x88 c:/altera/12.1sp1/nios2eds/bin/gnu/h-i686-mingw32/bin/../lib/gcc/nios2-elf/4.1.2\libgcc.a(_ne_df.o)
                0x0008b6f4                __nedf2
 .text          0x0008b77c       0x88 c:/altera/12.1sp1/nios2eds/bin/gnu/h-i686-mingw32/bin/../lib/gcc/nios2-elf/4.1.2\libgcc.a(_gt_df.o)
                0x0008b77c                __gtdf2
 .text          0x0008b804       0x88 c:/altera/12.1sp1/nios2eds/bin/gnu/h-i686-mingw32/bin/../lib/gcc/nios2-elf/4.1.2\libgcc.a(_ge_df.o)
                0x0008b804                __gedf2
 .text          0x0008b88c       0x88 c:/altera/12.1sp1/nios2eds/bin/gnu/h-i686-mingw32/bin/../lib/gcc/nios2-elf/4.1.2\libgcc.a(_lt_df.o)
                0x0008b88c                __ltdf2
 .text          0x0008b914       0xf8 c:/altera/12.1sp1/nios2eds/bin/gnu/h-i686-mingw32/bin/../lib/gcc/nios2-elf/4.1.2\libgcc.a(_si_to_df.o)
                0x0008b914                __floatsidf
 .text          0x0008ba0c       0xd8 c:/altera/12.1sp1/nios2eds/bin/gnu/h-i686-mingw32/bin/../lib/gcc/nios2-elf/4.1.2\libgcc.a(_df_to_si.o)
                0x0008ba0c                __fixdfsi
 .text          0x0008bae4        0x0 c:/altera/12.1sp1/nios2eds/bin/gnu/h-i686-mingw32/bin/../lib/gcc/nios2-elf/4.1.2\libgcc.a(_thenan_df.o)
 .text          0x0008bae4      0x194 c:/altera/12.1sp1/nios2eds/bin/gnu/h-i686-mingw32/bin/../lib/gcc/nios2-elf/4.1.2\libgcc.a(_usi_to_df.o)
                0x0008bae4                __floatunsidf
 .text          0x0008bc78       0x98 c:/altera/12.1sp1/nios2eds/bin/gnu/h-i686-mingw32/bin/../lib/gcc/nios2-elf/4.1.2\libgcc.a(_muldi3.o)
                0x0008bc78                __muldi3
 .text          0x0008bd10        0x0 c:/altera/12.1sp1/nios2eds/bin/gnu/h-i686-mingw32/bin/../lib/gcc/nios2-elf/4.1.2\libgcc.a(_clz.o)
 .text          0x0008bd10       0x80 c:/altera/12.1sp1/nios2eds/bin/gnu/h-i686-mingw32/bin/../lib/gcc/nios2-elf/4.1.2\libgcc.a(_clzsi2.o)
                0x0008bd10                __clzsi2
 .text          0x0008bd90      0x314 c:/altera/12.1sp1/nios2eds/bin/gnu/h-i686-mingw32/bin/../lib/gcc/nios2-elf/4.1.2\libgcc.a(_pack_df.o)
                0x0008bd90                __pack_d
 .text          0x0008c0a4      0x138 c:/altera/12.1sp1/nios2eds/bin/gnu/h-i686-mingw32/bin/../lib/gcc/nios2-elf/4.1.2\libgcc.a(_unpack_df.o)
                0x0008c0a4                __unpack_d
 .text          0x0008c1dc       0xc8 c:/altera/12.1sp1/nios2eds/bin/gnu/h-i686-mingw32/bin/../lib/gcc/nios2-elf/4.1.2\libgcc.a(_fpcmp_parts_df.o)
                0x0008c1dc                __fpcmp_parts_d
 .text          0x0008c2a4      0x15c ../Car2X_carControl_bsp/\libhal_bsp.a(alt_close.o)
                0x0008c2a4                close
 .text          0x0008c400       0x2c ../Car2X_carControl_bsp/\libhal_bsp.a(alt_dev.o)
 .text          0x0008c42c        0x0 ../Car2X_carControl_bsp/\libhal_bsp.a(alt_errno.o)
 .text          0x0008c42c       0x60 ../Car2X_carControl_bsp/\libhal_bsp.a(alt_exit.o)
                0x0008c46c                _exit
 .text          0x0008c48c      0x134 ../Car2X_carControl_bsp/\libhal_bsp.a(alt_fstat.o)
                0x0008c48c                fstat
 .text          0x0008c5c0       0x20 ../Car2X_carControl_bsp/\libhal_bsp.a(alt_getpid.o)
                0x0008c5c0                getpid
 .text          0x0008c5e0      0x120 ../Car2X_carControl_bsp/\libhal_bsp.a(alt_isatty.o)
                0x0008c5e0                isatty
 .text          0x0008c700      0x1a0 ../Car2X_carControl_bsp/\libhal_bsp.a(alt_kill.o)
                0x0008c700                kill
 .text          0x0008c8a0       0xec ../Car2X_carControl_bsp/\libhal_bsp.a(alt_load.o)
                0x0008c8a0                alt_load
 .text          0x0008c98c      0x150 ../Car2X_carControl_bsp/\libhal_bsp.a(alt_lseek.o)
                0x0008c98c                lseek
 .text          0x0008cadc       0x6c ../Car2X_carControl_bsp/\libhal_bsp.a(alt_main.o)
                0x0008cadc                alt_main
 .text          0x0008cb48       0x40 ../Car2X_carControl_bsp/\libhal_bsp.a(alt_malloc_lock.o)
                0x0008cb48                __malloc_lock
                0x0008cb68                __malloc_unlock
 .text          0x0008cb88      0x180 ../Car2X_carControl_bsp/\libhal_bsp.a(alt_read.o)
                0x0008cb88                read
 .text          0x0008cd08       0x60 ../Car2X_carControl_bsp/\libhal_bsp.a(alt_release_fd.o)
                0x0008cd08                alt_release_fd
 .text          0x0008cd68       0xbc ../Car2X_carControl_bsp/\libhal_bsp.a(alt_sbrk.o)
                0x0008cd68                sbrk
 .text          0x0008ce24      0x180 ../Car2X_carControl_bsp/\libhal_bsp.a(alt_write.o)
                0x0008ce24                write
 .text          0x0008cfa4      0x188 ../Car2X_carControl_bsp/\libhal_bsp.a(alt_sys_init.o)
                0x0008cfa4                alt_irq_init
                0x0008cfd8                alt_sys_init
 .text          0x0008d12c      0x148 ../Car2X_carControl_bsp/\libhal_bsp.a(altera_avalon_jtag_uart_fd.o)
                0x0008d12c                altera_avalon_jtag_uart_read_fd
                0x0008d184                altera_avalon_jtag_uart_write_fd
                0x0008d1dc                altera_avalon_jtag_uart_close_fd
                0x0008d224                altera_avalon_jtag_uart_ioctl_fd
 .text          0x0008d274      0x40c ../Car2X_carControl_bsp/\libhal_bsp.a(altera_avalon_jtag_uart_init.o)
                0x0008d274                altera_avalon_jtag_uart_init
                0x0008d60c                altera_avalon_jtag_uart_close
 .text          0x0008d680       0xf4 ../Car2X_carControl_bsp/\libhal_bsp.a(altera_avalon_jtag_uart_ioctl.o)
                0x0008d680                altera_avalon_jtag_uart_ioctl
 .text          0x0008d774      0x224 ../Car2X_carControl_bsp/\libhal_bsp.a(altera_avalon_jtag_uart_read.o)
                0x0008d774                altera_avalon_jtag_uart_read
 .text          0x0008d998      0x240 ../Car2X_carControl_bsp/\libhal_bsp.a(altera_avalon_jtag_uart_write.o)
                0x0008d998                altera_avalon_jtag_uart_write
 .text          0x0008dbd8      0x304 ../Car2X_carControl_bsp/\libhal_bsp.a(altera_avalon_mutex.o)
                0x0008dc54                altera_avalon_mutex_open
                0x0008dd0c                altera_avalon_mutex_close
                0x0008dd2c                altera_avalon_mutex_lock
                0x0008dd6c                altera_avalon_mutex_trylock
                0x0008ddac                altera_avalon_mutex_unlock
                0x0008de08                altera_avalon_mutex_is_mine
                0x0008de84                altera_avalon_mutex_first_lock
 .text          0x0008dedc      0x154 ../Car2X_carControl_bsp/\libhal_bsp.a(alt_alarm_start.o)
                0x0008dedc                alt_alarm_start
 .text          0x0008e030       0x1c ../Car2X_carControl_bsp/\libhal_bsp.a(alt_dcache_flush_all.o)
                0x0008e030                alt_dcache_flush_all
 .text          0x0008e04c      0x114 ../Car2X_carControl_bsp/\libhal_bsp.a(alt_dev_llist_insert.o)
                0x0008e04c                alt_dev_llist_insert
 .text          0x0008e160       0x64 ../Car2X_carControl_bsp/\libhal_bsp.a(alt_do_ctors.o)
                0x0008e160                _do_ctors
 .text          0x0008e1c4       0x64 ../Car2X_carControl_bsp/\libhal_bsp.a(alt_do_dtors.o)
                0x0008e1c4                _do_dtors
 .text          0x0008e228       0x94 ../Car2X_carControl_bsp/\libhal_bsp.a(alt_find_dev.o)
                0x0008e228                alt_find_dev
 .text          0x0008e2bc       0x30 ../Car2X_carControl_bsp/\libhal_bsp.a(alt_icache_flush_all.o)
                0x0008e2bc                alt_icache_flush_all
 .text          0x0008e2ec      0x1d4 ../Car2X_carControl_bsp/\libhal_bsp.a(alt_iic.o)
                0x0008e2ec                alt_ic_isr_register
                0x0008e33c                alt_ic_irq_enable
                0x0008e3d8                alt_ic_irq_disable
                0x0008e478                alt_ic_irq_enabled
 .text          0x0008e4c0       0xf8 ../Car2X_carControl_bsp/\libhal_bsp.a(alt_iic_isr_register.o)
                0x0008e4c0                alt_iic_isr_register
 .text          0x0008e5b8      0x13c ../Car2X_carControl_bsp/\libhal_bsp.a(alt_io_redirect.o)
                0x0008e67c                alt_io_redirect
 .text          0x0008e6f4        0x0 ../Car2X_carControl_bsp/\libhal_bsp.a(alt_irq_entry.o)
 .text          0x0008e6f4        0x0 ../Car2X_carControl_bsp/\libhal_bsp.a(alt_irq_handler.o)
 .text          0x0008e6f4        0x0 ../Car2X_carControl_bsp/\libhal_bsp.a(alt_irq_vars.o)
 .text          0x0008e6f4      0x2c4 ../Car2X_carControl_bsp/\libhal_bsp.a(alt_open.o)
                0x0008e7d0                open
 .text          0x0008e9b8      0x1a4 ../Car2X_carControl_bsp/\libhal_bsp.a(alt_tick.o)
                0x0008e9b8                alt_alarm_stop
                0x0008ea50                alt_tick
 .text          0x0008eb5c       0x20 ../Car2X_carControl_bsp/\libhal_bsp.a(altera_nios2_qsys_irq.o)
                0x0008eb5c                altera_nios2_qsys_irq_init
 .text          0x0008eb7c        0x0 ../Car2X_carControl_bsp/\libhal_bsp.a(alt_exception_entry.o)
 .text          0x0008eb7c      0x120 ../Car2X_carControl_bsp/\libhal_bsp.a(alt_find_file.o)
                0x0008eb7c                alt_find_file
 .text          0x0008ec9c       0xb8 ../Car2X_carControl_bsp/\libhal_bsp.a(alt_get_fd.o)
                0x0008ec9c                alt_get_fd
 .text          0x0008ed54       0x90 ../Car2X_carControl_bsp/\libhal_bsp.a(alt_icache_flush.o)
                0x0008ed54                alt_icache_flush
 .text          0x0008ede4       0x14 c:/altera/12.1sp1/nios2eds/bin/gnu/h-i686-mingw32/bin/../lib/gcc/nios2-elf/4.1.2/../../../../nios2-elf/lib\libc.a(lib_a-atexit.o)
                0x0008ede4                atexit
 .text          0x0008edf8       0x38 c:/altera/12.1sp1/nios2eds/bin/gnu/h-i686-mingw32/bin/../lib/gcc/nios2-elf/4.1.2/../../../../nios2-elf/lib\libc.a(lib_a-exit.o)
                0x0008edf8                exit
 .text          0x0008ee30       0x74 c:/altera/12.1sp1/nios2eds/bin/gnu/h-i686-mingw32/bin/../lib/gcc/nios2-elf/4.1.2/../../../../nios2-elf/lib\libc.a(lib_a-memcmp.o)
                0x0008ee30                memcmp
 .text          0x0008eea4      0x134 c:/altera/12.1sp1/nios2eds/bin/gnu/h-i686-mingw32/bin/../lib/gcc/nios2-elf/4.1.2/../../../../nios2-elf/lib\libc.a(lib_a-__atexit.o)
                0x0008eea4                __register_exitproc
 .text          0x0008efd8      0x1b4 c:/altera/12.1sp1/nios2eds/bin/gnu/h-i686-mingw32/bin/../lib/gcc/nios2-elf/4.1.2/../../../../nios2-elf/lib\libc.a(lib_a-__call_atexit.o)
                0x0008efdc                __call_exitprocs
 *(.gnu.warning.*)
 *(.fini)
                0x0008f18c                PROVIDE (__etext, ABSOLUTE (.))
                0x0008f18c                PROVIDE (_etext, ABSOLUTE (.))
                0x0008f18c                PROVIDE (etext, ABSOLUTE (.))
 *(.eh_frame_hdr)
                0x0008f18c                . = ALIGN (0x4)
                0x0008f18c                PROVIDE (__preinit_array_start, ABSOLUTE (.))
 *(.preinit_array)
                0x0008f18c                PROVIDE (__preinit_array_end, ABSOLUTE (.))
                0x0008f18c                PROVIDE (__init_array_start, ABSOLUTE (.))
 *(.init_array)
                0x0008f18c                PROVIDE (__init_array_end, ABSOLUTE (.))
                0x0008f18c                PROVIDE (__fini_array_start, ABSOLUTE (.))
 *(.fini_array)
                0x0008f18c                PROVIDE (__fini_array_end, ABSOLUTE (.))
 *(.eh_frame)
 *(.gcc_except_table)
 .gcc_except_table
                0x0008f18c        0x6 obj/default/main.o
 *fill*         0x0008f192        0x2 3a880100
 .gcc_except_table
                0x0008f194       0x20 c:/altera/12.1sp1/nios2eds/bin/gnu/h-i686-mingw32/bin/../lib/gcc/nios2-elf/4.1.2/../../../../nios2-elf/lib\libstdc++.a(eh_personality.o)
 .gcc_except_table
                0x0008f1b4       0x10 c:/altera/12.1sp1/nios2eds/bin/gnu/h-i686-mingw32/bin/../lib/gcc/nios2-elf/4.1.2/../../../../nios2-elf/lib\libstdc++.a(eh_terminate.o)
 .gcc_except_table
                0x0008f1c4       0x10 c:/altera/12.1sp1/nios2eds/bin/gnu/h-i686-mingw32/bin/../lib/gcc/nios2-elf/4.1.2/../../../../nios2-elf/lib\libstdc++.a(eh_catch.o)
 .gcc_except_table
                0x0008f1d4       0x10 c:/altera/12.1sp1/nios2eds/bin/gnu/h-i686-mingw32/bin/../lib/gcc/nios2-elf/4.1.2/../../../../nios2-elf/lib\libstdc++.a(eh_alloc.o)
 *(.dynamic)
                0x0008f1e4                PROVIDE (__CTOR_LIST__, ABSOLUTE (.))
 *(.ctors)
 *(SORT(.ctors.*))
 .ctors.65535   0x0008f1e4        0x4 c:/altera/12.1sp1/nios2eds/bin/gnu/h-i686-mingw32/bin/../lib/gcc/nios2-elf/4.1.2/../../../../nios2-elf/lib\libc.a(lib_a-__call_atexit.o)
                0x0008f1e8                PROVIDE (__CTOR_END__, ABSOLUTE (.))
                0x0008f1e8                PROVIDE (__DTOR_LIST__, ABSOLUTE (.))
 *(.dtors)
 *(SORT(.dtors.*))
                0x0008f1e8                PROVIDE (__DTOR_END__, ABSOLUTE (.))
 *(.jcr)
                0x0008f1e8                . = ALIGN (0x4)

.rodata         0x0008f1e8      0x6a0
                0x0008f1e8                PROVIDE (__ram_rodata_start, ABSOLUTE (.))
                0x0008f1e8                . = ALIGN (0x4)
 *(.rodata .rodata.* .gnu.linkonce.r.*)
 .rodata        0x0008f1e8      0x208 obj/default/main.o
 .rodata._ZTVSt13bad_exception
                0x0008f3f0       0x14 c:/altera/12.1sp1/nios2eds/bin/gnu/h-i686-mingw32/bin/../lib/gcc/nios2-elf/4.1.2/../../../../nios2-elf/lib\libstdc++.a(eh_exception.o)
                0x0008f3f0                vtable for std::bad_exception
 .rodata._ZTVSt9exception
                0x0008f404       0x14 c:/altera/12.1sp1/nios2eds/bin/gnu/h-i686-mingw32/bin/../lib/gcc/nios2-elf/4.1.2/../../../../nios2-elf/lib\libstdc++.a(eh_exception.o)
                0x0008f404                vtable for std::exception
 .rodata._ZTSSt13bad_exception
                0x0008f418       0x14 c:/altera/12.1sp1/nios2eds/bin/gnu/h-i686-mingw32/bin/../lib/gcc/nios2-elf/4.1.2/../../../../nios2-elf/lib\libstdc++.a(eh_exception.o)
                0x0008f418                typeinfo name for std::bad_exception
 .rodata._ZTISt13bad_exception
                0x0008f42c        0xc c:/altera/12.1sp1/nios2eds/bin/gnu/h-i686-mingw32/bin/../lib/gcc/nios2-elf/4.1.2/../../../../nios2-elf/lib\libstdc++.a(eh_exception.o)
                0x0008f42c                typeinfo for std::bad_exception
 .rodata._ZTSSt9exception
                0x0008f438       0x10 c:/altera/12.1sp1/nios2eds/bin/gnu/h-i686-mingw32/bin/../lib/gcc/nios2-elf/4.1.2/../../../../nios2-elf/lib\libstdc++.a(eh_exception.o)
                0x0008f438                typeinfo name for std::exception
 .rodata._ZTVN10__cxxabiv117__class_type_infoE
                0x0008f448       0x2c c:/altera/12.1sp1/nios2eds/bin/gnu/h-i686-mingw32/bin/../lib/gcc/nios2-elf/4.1.2/../../../../nios2-elf/lib\libstdc++.a(class_type_info.o)
                0x0008f448                vtable for __cxxabiv1::__class_type_info
 .rodata._ZTSN10__cxxabiv117__class_type_infoE
                0x0008f474       0x24 c:/altera/12.1sp1/nios2eds/bin/gnu/h-i686-mingw32/bin/../lib/gcc/nios2-elf/4.1.2/../../../../nios2-elf/lib\libstdc++.a(class_type_info.o)
                0x0008f474                typeinfo name for __cxxabiv1::__class_type_info
 .rodata._ZTIN10__cxxabiv117__class_type_infoE
                0x0008f498        0xc c:/altera/12.1sp1/nios2eds/bin/gnu/h-i686-mingw32/bin/../lib/gcc/nios2-elf/4.1.2/../../../../nios2-elf/lib\libstdc++.a(class_type_info.o)
                0x0008f498                typeinfo for __cxxabiv1::__class_type_info
 .rodata._ZTVN10__cxxabiv120__si_class_type_infoE
                0x0008f4a4       0x2c c:/altera/12.1sp1/nios2eds/bin/gnu/h-i686-mingw32/bin/../lib/gcc/nios2-elf/4.1.2/../../../../nios2-elf/lib\libstdc++.a(si_class_type_info.o)
                0x0008f4a4                vtable for __cxxabiv1::__si_class_type_info
 .rodata._ZTSN10__cxxabiv120__si_class_type_infoE
                0x0008f4d0       0x28 c:/altera/12.1sp1/nios2eds/bin/gnu/h-i686-mingw32/bin/../lib/gcc/nios2-elf/4.1.2/../../../../nios2-elf/lib\libstdc++.a(si_class_type_info.o)
                0x0008f4d0                typeinfo name for __cxxabiv1::__si_class_type_info
 .rodata._ZTIN10__cxxabiv120__si_class_type_infoE
                0x0008f4f8        0xc c:/altera/12.1sp1/nios2eds/bin/gnu/h-i686-mingw32/bin/../lib/gcc/nios2-elf/4.1.2/../../../../nios2-elf/lib\libstdc++.a(si_class_type_info.o)
                0x0008f4f8                typeinfo for __cxxabiv1::__si_class_type_info
 .rodata._ZTVSt9type_info
                0x0008f504       0x20 c:/altera/12.1sp1/nios2eds/bin/gnu/h-i686-mingw32/bin/../lib/gcc/nios2-elf/4.1.2/../../../../nios2-elf/lib\libstdc++.a(tinfo.o)
                0x0008f504                vtable for std::type_info
 .rodata._ZTSSt9type_info
                0x0008f524       0x10 c:/altera/12.1sp1/nios2eds/bin/gnu/h-i686-mingw32/bin/../lib/gcc/nios2-elf/4.1.2/../../../../nios2-elf/lib\libstdc++.a(tinfo.o)
                0x0008f524                typeinfo name for std::type_info
 .rodata.str1.4
                0x0008f534       0x5e c:/altera/12.1sp1/nios2eds/bin/gnu/h-i686-mingw32/bin/../lib/gcc/nios2-elf/4.1.2/../../../../nios2-elf/lib\libc.a(lib_a-vfprintf.o)
                                 0x60 (size before relaxing)
 .rodata        0x0008f592       0x20 c:/altera/12.1sp1/nios2eds/bin/gnu/h-i686-mingw32/bin/../lib/gcc/nios2-elf/4.1.2/../../../../nios2-elf/lib\libc.a(lib_a-vfprintf.o)
 *fill*         0x0008f5b2        0x2 00
 .rodata.str1.4
                0x0008f5b4       0x10 c:/altera/12.1sp1/nios2eds/bin/gnu/h-i686-mingw32/bin/../lib/gcc/nios2-elf/4.1.2/../../../../nios2-elf/lib\libc.a(lib_a-dtoa.o)
                                 0x14 (size before relaxing)
 .rodata.str1.4
                0x0008f5c4        0x2 c:/altera/12.1sp1/nios2eds/bin/gnu/h-i686-mingw32/bin/../lib/gcc/nios2-elf/4.1.2/../../../../nios2-elf/lib\libc.a(lib_a-impure.o)
                                  0x4 (size before relaxing)
 *fill*         0x0008f5c6        0x2 00
 .rodata.str1.4
                0x0008f5c8       0x10 c:/altera/12.1sp1/nios2eds/bin/gnu/h-i686-mingw32/bin/../lib/gcc/nios2-elf/4.1.2/../../../../nios2-elf/lib\libc.a(lib_a-locale.o)
                                 0x18 (size before relaxing)
 .rodata        0x0008f5d8       0x30 c:/altera/12.1sp1/nios2eds/bin/gnu/h-i686-mingw32/bin/../lib/gcc/nios2-elf/4.1.2/../../../../nios2-elf/lib\libc.a(lib_a-locale.o)
 .rodata        0x0008f608      0x124 c:/altera/12.1sp1/nios2eds/bin/gnu/h-i686-mingw32/bin/../lib/gcc/nios2-elf/4.1.2/../../../../nios2-elf/lib\libc.a(lib_a-mprec.o)
                0x0008f608                __mprec_tens
                0x0008f6d0                __mprec_bigtens
                0x0008f6f8                __mprec_tinytens
 .rodata        0x0008f72c       0x14 c:/altera/12.1sp1/nios2eds/bin/gnu/h-i686-mingw32/bin/../lib/gcc/nios2-elf/4.1.2\libgcc.a(_thenan_df.o)
                0x0008f72c                __thenan_df
 .rodata        0x0008f740      0x100 c:/altera/12.1sp1/nios2eds/bin/gnu/h-i686-mingw32/bin/../lib/gcc/nios2-elf/4.1.2\libgcc.a(_clz.o)
                0x0008f740                __clz_tab
 .rodata        0x0008f840        0xc ../Car2X_carControl_bsp/\libhal_bsp.a(alt_dev.o)
 .rodata        0x0008f84c       0x10 ../Car2X_carControl_bsp/\libhal_bsp.a(alt_main.o)
 .rodata        0x0008f85c       0x2c ../Car2X_carControl_bsp/\libhal_bsp.a(alt_sys_init.o)
 *(.rodata1)
                0x0008f888                . = ALIGN (0x4)
                0x0008f888                PROVIDE (__ram_rodata_end, ABSOLUTE (.))
                0x0008f1e8                PROVIDE (__flash_rodata_start, LOADADDR (.rodata))

.rwdata         0x0008f888     0x1a8c load address 0x00091314
                0x0008f888                PROVIDE (__ram_rwdata_start, ABSOLUTE (.))
                0x0008f888                . = ALIGN (0x4)
 *(.got.plt)
 *(.got)
 *(.data1)
 *(.data .data.* .gnu.linkonce.d.*)
 .data          0x0008f888        0x0 ../Car2X_carControl_bsp//obj/HAL/src/crt0.o
 .data          0x0008f888        0x0 obj/default/main.o
 .data          0x0008f888        0x0 obj/default/MemSharedArea.o
 .data          0x0008f888        0x0 c:/altera/12.1sp1/nios2eds/bin/gnu/h-i686-mingw32/bin/../lib/gcc/nios2-elf/4.1.2/../../../../nios2-elf/lib\libstdc++.a(eh_personality.o)
 .data          0x0008f888        0x0 c:/altera/12.1sp1/nios2eds/bin/gnu/h-i686-mingw32/bin/../lib/gcc/nios2-elf/4.1.2/../../../../nios2-elf/lib\libstdc++.a(eh_terminate.o)
 .data          0x0008f888        0x0 c:/altera/12.1sp1/nios2eds/bin/gnu/h-i686-mingw32/bin/../lib/gcc/nios2-elf/4.1.2/../../../../nios2-elf/lib\libstdc++.a(eh_term_handler.o)
 .data          0x0008f888        0x0 c:/altera/12.1sp1/nios2eds/bin/gnu/h-i686-mingw32/bin/../lib/gcc/nios2-elf/4.1.2/../../../../nios2-elf/lib\libstdc++.a(eh_catch.o)
 .data          0x0008f888        0x0 c:/altera/12.1sp1/nios2eds/bin/gnu/h-i686-mingw32/bin/../lib/gcc/nios2-elf/4.1.2/../../../../nios2-elf/lib\libstdc++.a(eh_throw.o)
 .data          0x0008f888        0x0 c:/altera/12.1sp1/nios2eds/bin/gnu/h-i686-mingw32/bin/../lib/gcc/nios2-elf/4.1.2/../../../../nios2-elf/lib\libstdc++.a(eh_alloc.o)
 .data          0x0008f888        0x0 c:/altera/12.1sp1/nios2eds/bin/gnu/h-i686-mingw32/bin/../lib/gcc/nios2-elf/4.1.2/../../../../nios2-elf/lib\libstdc++.a(eh_exception.o)
 .data          0x0008f888        0x0 c:/altera/12.1sp1/nios2eds/bin/gnu/h-i686-mingw32/bin/../lib/gcc/nios2-elf/4.1.2/../../../../nios2-elf/lib\libstdc++.a(eh_call.o)
 .data          0x0008f888        0x0 c:/altera/12.1sp1/nios2eds/bin/gnu/h-i686-mingw32/bin/../lib/gcc/nios2-elf/4.1.2/../../../../nios2-elf/lib\libstdc++.a(eh_globals.o)
 .data          0x0008f888        0x0 c:/altera/12.1sp1/nios2eds/bin/gnu/h-i686-mingw32/bin/../lib/gcc/nios2-elf/4.1.2/../../../../nios2-elf/lib\libstdc++.a(class_type_info.o)
 .data          0x0008f888        0x0 c:/altera/12.1sp1/nios2eds/bin/gnu/h-i686-mingw32/bin/../lib/gcc/nios2-elf/4.1.2/../../../../nios2-elf/lib\libstdc++.a(eh_unex_handler.o)
 .data          0x0008f888        0x0 c:/altera/12.1sp1/nios2eds/bin/gnu/h-i686-mingw32/bin/../lib/gcc/nios2-elf/4.1.2/../../../../nios2-elf/lib\libstdc++.a(del_op.o)
 .data          0x0008f888        0x0 c:/altera/12.1sp1/nios2eds/bin/gnu/h-i686-mingw32/bin/../lib/gcc/nios2-elf/4.1.2/../../../../nios2-elf/lib\libstdc++.a(si_class_type_info.o)
 .data          0x0008f888        0x0 c:/altera/12.1sp1/nios2eds/bin/gnu/h-i686-mingw32/bin/../lib/gcc/nios2-elf/4.1.2/../../../../nios2-elf/lib\libstdc++.a(tinfo.o)
 .data          0x0008f888        0x0 c:/altera/12.1sp1/nios2eds/bin/gnu/h-i686-mingw32/bin/../lib/gcc/nios2-elf/4.1.2\libgcc.a(lib2-divmod.o)
 .data          0x0008f888        0x0 c:/altera/12.1sp1/nios2eds/bin/gnu/h-i686-mingw32/bin/../lib/gcc/nios2-elf/4.1.2\libgcc.a(unwind-sjlj.o)
 .data          0x0008f888        0x0 c:/altera/12.1sp1/nios2eds/bin/gnu/h-i686-mingw32/bin/../lib/gcc/nios2-elf/4.1.2/../../../../nios2-elf/lib\libc.a(lib_a-abort.o)
 .data          0x0008f888        0x0 c:/altera/12.1sp1/nios2eds/bin/gnu/h-i686-mingw32/bin/../lib/gcc/nios2-elf/4.1.2/../../../../nios2-elf/lib\libc.a(lib_a-malloc.o)
 .data          0x0008f888      0x408 c:/altera/12.1sp1/nios2eds/bin/gnu/h-i686-mingw32/bin/../lib/gcc/nios2-elf/4.1.2/../../../../nios2-elf/lib\libc.a(lib_a-mallocr.o)
                0x0008f888                __malloc_av_
 .data          0x0008fc90        0x0 c:/altera/12.1sp1/nios2eds/bin/gnu/h-i686-mingw32/bin/../lib/gcc/nios2-elf/4.1.2/../../../../nios2-elf/lib\libc.a(lib_a-memcpy.o)
 .data          0x0008fc90        0x0 c:/altera/12.1sp1/nios2eds/bin/gnu/h-i686-mingw32/bin/../lib/gcc/nios2-elf/4.1.2/../../../../nios2-elf/lib\libc.a(lib_a-memmove.o)
 .data          0x0008fc90        0x0 c:/altera/12.1sp1/nios2eds/bin/gnu/h-i686-mingw32/bin/../lib/gcc/nios2-elf/4.1.2/../../../../nios2-elf/lib\libc.a(lib_a-memset.o)
 .data          0x0008fc90        0x0 c:/altera/12.1sp1/nios2eds/bin/gnu/h-i686-mingw32/bin/../lib/gcc/nios2-elf/4.1.2/../../../../nios2-elf/lib\libc.a(lib_a-printf.o)
 .data          0x0008fc90        0x0 c:/altera/12.1sp1/nios2eds/bin/gnu/h-i686-mingw32/bin/../lib/gcc/nios2-elf/4.1.2/../../../../nios2-elf/lib\libc.a(lib_a-sbrkr.o)
 .data          0x0008fc90        0x0 c:/altera/12.1sp1/nios2eds/bin/gnu/h-i686-mingw32/bin/../lib/gcc/nios2-elf/4.1.2/../../../../nios2-elf/lib\libc.a(lib_a-signal.o)
 .data          0x0008fc90        0x0 c:/altera/12.1sp1/nios2eds/bin/gnu/h-i686-mingw32/bin/../lib/gcc/nios2-elf/4.1.2/../../../../nios2-elf/lib\libc.a(lib_a-signalr.o)
 .data          0x0008fc90        0x0 c:/altera/12.1sp1/nios2eds/bin/gnu/h-i686-mingw32/bin/../lib/gcc/nios2-elf/4.1.2/../../../../nios2-elf/lib\libc.a(lib_a-vfprintf.o)
 .data          0x0008fc90        0x0 c:/altera/12.1sp1/nios2eds/bin/gnu/h-i686-mingw32/bin/../lib/gcc/nios2-elf/4.1.2/../../../../nios2-elf/lib\libc.a(lib_a-wsetup.o)
 .data          0x0008fc90        0x0 c:/altera/12.1sp1/nios2eds/bin/gnu/h-i686-mingw32/bin/../lib/gcc/nios2-elf/4.1.2/../../../../nios2-elf/lib\libc.a(lib_a-dtoa.o)
 .data          0x0008fc90        0x0 c:/altera/12.1sp1/nios2eds/bin/gnu/h-i686-mingw32/bin/../lib/gcc/nios2-elf/4.1.2/../../../../nios2-elf/lib\libc.a(lib_a-fflush.o)
 .data          0x0008fc90        0x0 c:/altera/12.1sp1/nios2eds/bin/gnu/h-i686-mingw32/bin/../lib/gcc/nios2-elf/4.1.2/../../../../nios2-elf/lib\libc.a(lib_a-findfp.o)
 .data          0x0008fc90        0x0 c:/altera/12.1sp1/nios2eds/bin/gnu/h-i686-mingw32/bin/../lib/gcc/nios2-elf/4.1.2/../../../../nios2-elf/lib\libc.a(lib_a-freer.o)
 .data          0x0008fc90        0x0 c:/altera/12.1sp1/nios2eds/bin/gnu/h-i686-mingw32/bin/../lib/gcc/nios2-elf/4.1.2/../../../../nios2-elf/lib\libc.a(lib_a-fvwrite.o)
 .data          0x0008fc90        0x0 c:/altera/12.1sp1/nios2eds/bin/gnu/h-i686-mingw32/bin/../lib/gcc/nios2-elf/4.1.2/../../../../nios2-elf/lib\libc.a(lib_a-fwalk.o)
 .data          0x0008fc90      0x400 c:/altera/12.1sp1/nios2eds/bin/gnu/h-i686-mingw32/bin/../lib/gcc/nios2-elf/4.1.2/../../../../nios2-elf/lib\libc.a(lib_a-impure.o)
 .data          0x00090090        0x0 c:/altera/12.1sp1/nios2eds/bin/gnu/h-i686-mingw32/bin/../lib/gcc/nios2-elf/4.1.2/../../../../nios2-elf/lib\libc.a(lib_a-int_errno.o)
 .data          0x00090090        0xc c:/altera/12.1sp1/nios2eds/bin/gnu/h-i686-mingw32/bin/../lib/gcc/nios2-elf/4.1.2/../../../../nios2-elf/lib\libc.a(lib_a-locale.o)
                0x00090090                __lc_ctype
 .data          0x0009009c        0x0 c:/altera/12.1sp1/nios2eds/bin/gnu/h-i686-mingw32/bin/../lib/gcc/nios2-elf/4.1.2/../../../../nios2-elf/lib\libc.a(lib_a-makebuf.o)
 .data          0x0009009c        0x0 c:/altera/12.1sp1/nios2eds/bin/gnu/h-i686-mingw32/bin/../lib/gcc/nios2-elf/4.1.2/../../../../nios2-elf/lib\libc.a(lib_a-memchr.o)
 .data          0x0009009c        0x0 c:/altera/12.1sp1/nios2eds/bin/gnu/h-i686-mingw32/bin/../lib/gcc/nios2-elf/4.1.2/../../../../nios2-elf/lib\libc.a(lib_a-mprec.o)
 .data          0x0009009c        0x0 c:/altera/12.1sp1/nios2eds/bin/gnu/h-i686-mingw32/bin/../lib/gcc/nios2-elf/4.1.2/../../../../nios2-elf/lib\libc.a(lib_a-reallocr.o)
 .data          0x0009009c        0x0 c:/altera/12.1sp1/nios2eds/bin/gnu/h-i686-mingw32/bin/../lib/gcc/nios2-elf/4.1.2/../../../../nios2-elf/lib\libc.a(lib_a-s_isinfd.o)
 .data          0x0009009c        0x0 c:/altera/12.1sp1/nios2eds/bin/gnu/h-i686-mingw32/bin/../lib/gcc/nios2-elf/4.1.2/../../../../nios2-elf/lib\libc.a(lib_a-s_isnand.o)
 .data          0x0009009c        0x0 c:/altera/12.1sp1/nios2eds/bin/gnu/h-i686-mingw32/bin/../lib/gcc/nios2-elf/4.1.2/../../../../nios2-elf/lib\libc.a(lib_a-stdio.o)
 .data          0x0009009c        0x0 c:/altera/12.1sp1/nios2eds/bin/gnu/h-i686-mingw32/bin/../lib/gcc/nios2-elf/4.1.2/../../../../nios2-elf/lib\libc.a(lib_a-strcmp.o)
 .data          0x0009009c        0x0 c:/altera/12.1sp1/nios2eds/bin/gnu/h-i686-mingw32/bin/../lib/gcc/nios2-elf/4.1.2/../../../../nios2-elf/lib\libc.a(lib_a-strlen.o)
 .data          0x0009009c        0x0 c:/altera/12.1sp1/nios2eds/bin/gnu/h-i686-mingw32/bin/../lib/gcc/nios2-elf/4.1.2/../../../../nios2-elf/lib\libc.a(lib_a-writer.o)
 .data          0x0009009c        0x0 c:/altera/12.1sp1/nios2eds/bin/gnu/h-i686-mingw32/bin/../lib/gcc/nios2-elf/4.1.2/../../../../nios2-elf/lib\libc.a(lib_a-callocr.o)
 .data          0x0009009c        0x0 c:/altera/12.1sp1/nios2eds/bin/gnu/h-i686-mingw32/bin/../lib/gcc/nios2-elf/4.1.2/../../../../nios2-elf/lib\libc.a(lib_a-closer.o)
 .data          0x0009009c        0x0 c:/altera/12.1sp1/nios2eds/bin/gnu/h-i686-mingw32/bin/../lib/gcc/nios2-elf/4.1.2/../../../../nios2-elf/lib\libc.a(lib_a-fclose.o)
 .data          0x0009009c        0x0 c:/altera/12.1sp1/nios2eds/bin/gnu/h-i686-mingw32/bin/../lib/gcc/nios2-elf/4.1.2/../../../../nios2-elf/lib\libc.a(lib_a-fstatr.o)
 .data          0x0009009c        0x0 c:/altera/12.1sp1/nios2eds/bin/gnu/h-i686-mingw32/bin/../lib/gcc/nios2-elf/4.1.2/../../../../nios2-elf/lib\libc.a(lib_a-isattyr.o)
 .data          0x0009009c        0x0 c:/altera/12.1sp1/nios2eds/bin/gnu/h-i686-mingw32/bin/../lib/gcc/nios2-elf/4.1.2/../../../../nios2-elf/lib\libc.a(lib_a-lseekr.o)
 .data          0x0009009c        0x0 c:/altera/12.1sp1/nios2eds/bin/gnu/h-i686-mingw32/bin/../lib/gcc/nios2-elf/4.1.2/../../../../nios2-elf/lib\libc.a(lib_a-readr.o)
 .data          0x0009009c        0x0 c:/altera/12.1sp1/nios2eds/bin/gnu/h-i686-mingw32/bin/../lib/gcc/nios2-elf/4.1.2\libgcc.a(_udivdi3.o)
 .data          0x0009009c        0x0 c:/altera/12.1sp1/nios2eds/bin/gnu/h-i686-mingw32/bin/../lib/gcc/nios2-elf/4.1.2\libgcc.a(_umoddi3.o)
 .data          0x0009009c        0x0 c:/altera/12.1sp1/nios2eds/bin/gnu/h-i686-mingw32/bin/../lib/gcc/nios2-elf/4.1.2\libgcc.a(_addsub_df.o)
 .data          0x0009009c        0x0 c:/altera/12.1sp1/nios2eds/bin/gnu/h-i686-mingw32/bin/../lib/gcc/nios2-elf/4.1.2\libgcc.a(_mul_df.o)
 .data          0x0009009c        0x0 c:/altera/12.1sp1/nios2eds/bin/gnu/h-i686-mingw32/bin/../lib/gcc/nios2-elf/4.1.2\libgcc.a(_div_df.o)
 .data          0x0009009c        0x0 c:/altera/12.1sp1/nios2eds/bin/gnu/h-i686-mingw32/bin/../lib/gcc/nios2-elf/4.1.2\libgcc.a(_eq_df.o)
 .data          0x0009009c        0x0 c:/altera/12.1sp1/nios2eds/bin/gnu/h-i686-mingw32/bin/../lib/gcc/nios2-elf/4.1.2\libgcc.a(_ne_df.o)
 .data          0x0009009c        0x0 c:/altera/12.1sp1/nios2eds/bin/gnu/h-i686-mingw32/bin/../lib/gcc/nios2-elf/4.1.2\libgcc.a(_gt_df.o)
 .data          0x0009009c        0x0 c:/altera/12.1sp1/nios2eds/bin/gnu/h-i686-mingw32/bin/../lib/gcc/nios2-elf/4.1.2\libgcc.a(_ge_df.o)
 .data          0x0009009c        0x0 c:/altera/12.1sp1/nios2eds/bin/gnu/h-i686-mingw32/bin/../lib/gcc/nios2-elf/4.1.2\libgcc.a(_lt_df.o)
 .data          0x0009009c        0x0 c:/altera/12.1sp1/nios2eds/bin/gnu/h-i686-mingw32/bin/../lib/gcc/nios2-elf/4.1.2\libgcc.a(_si_to_df.o)
 .data          0x0009009c        0x0 c:/altera/12.1sp1/nios2eds/bin/gnu/h-i686-mingw32/bin/../lib/gcc/nios2-elf/4.1.2\libgcc.a(_df_to_si.o)
 .data          0x0009009c        0x0 c:/altera/12.1sp1/nios2eds/bin/gnu/h-i686-mingw32/bin/../lib/gcc/nios2-elf/4.1.2\libgcc.a(_thenan_df.o)
 .data          0x0009009c        0x0 c:/altera/12.1sp1/nios2eds/bin/gnu/h-i686-mingw32/bin/../lib/gcc/nios2-elf/4.1.2\libgcc.a(_usi_to_df.o)
 .data          0x0009009c        0x0 c:/altera/12.1sp1/nios2eds/bin/gnu/h-i686-mingw32/bin/../lib/gcc/nios2-elf/4.1.2\libgcc.a(_muldi3.o)
 .data          0x0009009c        0x0 c:/altera/12.1sp1/nios2eds/bin/gnu/h-i686-mingw32/bin/../lib/gcc/nios2-elf/4.1.2\libgcc.a(_clz.o)
 .data          0x0009009c        0x0 c:/altera/12.1sp1/nios2eds/bin/gnu/h-i686-mingw32/bin/../lib/gcc/nios2-elf/4.1.2\libgcc.a(_clzsi2.o)
 .data          0x0009009c        0x0 c:/altera/12.1sp1/nios2eds/bin/gnu/h-i686-mingw32/bin/../lib/gcc/nios2-elf/4.1.2\libgcc.a(_pack_df.o)
 .data          0x0009009c        0x0 c:/altera/12.1sp1/nios2eds/bin/gnu/h-i686-mingw32/bin/../lib/gcc/nios2-elf/4.1.2\libgcc.a(_unpack_df.o)
 .data          0x0009009c        0x0 c:/altera/12.1sp1/nios2eds/bin/gnu/h-i686-mingw32/bin/../lib/gcc/nios2-elf/4.1.2\libgcc.a(_fpcmp_parts_df.o)
 .data          0x0009009c        0x0 ../Car2X_carControl_bsp/\libhal_bsp.a(alt_close.o)
 .data          0x0009009c      0x1a8 ../Car2X_carControl_bsp/\libhal_bsp.a(alt_dev.o)
                0x0009009c                alt_dev_null
                0x000900c4                alt_fd_list
 .data          0x00090244        0x0 ../Car2X_carControl_bsp/\libhal_bsp.a(alt_errno.o)
 .data          0x00090244        0x0 ../Car2X_carControl_bsp/\libhal_bsp.a(alt_exit.o)
 .data          0x00090244        0x0 ../Car2X_carControl_bsp/\libhal_bsp.a(alt_fstat.o)
 .data          0x00090244        0x0 ../Car2X_carControl_bsp/\libhal_bsp.a(alt_getpid.o)
 .data          0x00090244        0x0 ../Car2X_carControl_bsp/\libhal_bsp.a(alt_isatty.o)
 .data          0x00090244        0x0 ../Car2X_carControl_bsp/\libhal_bsp.a(alt_kill.o)
 .data          0x00090244        0x0 ../Car2X_carControl_bsp/\libhal_bsp.a(alt_load.o)
 .data          0x00090244        0x0 ../Car2X_carControl_bsp/\libhal_bsp.a(alt_lseek.o)
 .data          0x00090244        0x0 ../Car2X_carControl_bsp/\libhal_bsp.a(alt_main.o)
 .data          0x00090244        0x0 ../Car2X_carControl_bsp/\libhal_bsp.a(alt_malloc_lock.o)
 .data          0x00090244        0x0 ../Car2X_carControl_bsp/\libhal_bsp.a(alt_read.o)
 .data          0x00090244        0x0 ../Car2X_carControl_bsp/\libhal_bsp.a(alt_release_fd.o)
 .data          0x00090244        0x0 ../Car2X_carControl_bsp/\libhal_bsp.a(alt_sbrk.o)
 .data          0x00090244        0x0 ../Car2X_carControl_bsp/\libhal_bsp.a(alt_write.o)
 .data          0x00090244     0x1070 ../Car2X_carControl_bsp/\libhal_bsp.a(alt_sys_init.o)
 .data          0x000912b4        0x0 ../Car2X_carControl_bsp/\libhal_bsp.a(altera_avalon_jtag_uart_fd.o)
 .data          0x000912b4        0x0 ../Car2X_carControl_bsp/\libhal_bsp.a(altera_avalon_jtag_uart_init.o)
 .data          0x000912b4        0x0 ../Car2X_carControl_bsp/\libhal_bsp.a(altera_avalon_jtag_uart_ioctl.o)
 .data          0x000912b4        0x0 ../Car2X_carControl_bsp/\libhal_bsp.a(altera_avalon_jtag_uart_read.o)
 .data          0x000912b4        0x0 ../Car2X_carControl_bsp/\libhal_bsp.a(altera_avalon_jtag_uart_write.o)
 .data          0x000912b4        0x0 ../Car2X_carControl_bsp/\libhal_bsp.a(altera_avalon_mutex.o)
 .data          0x000912b4        0x0 ../Car2X_carControl_bsp/\libhal_bsp.a(alt_alarm_start.o)
 .data          0x000912b4        0x0 ../Car2X_carControl_bsp/\libhal_bsp.a(alt_dcache_flush_all.o)
 .data          0x000912b4        0x0 ../Car2X_carControl_bsp/\libhal_bsp.a(alt_dev_llist_insert.o)
 .data          0x000912b4        0x0 ../Car2X_carControl_bsp/\libhal_bsp.a(alt_do_ctors.o)
 .data          0x000912b4        0x0 ../Car2X_carControl_bsp/\libhal_bsp.a(alt_do_dtors.o)
 .data          0x000912b4        0x0 ../Car2X_carControl_bsp/\libhal_bsp.a(alt_find_dev.o)
 .data          0x000912b4        0x0 ../Car2X_carControl_bsp/\libhal_bsp.a(alt_icache_flush_all.o)
 .data          0x000912b4        0x0 ../Car2X_carControl_bsp/\libhal_bsp.a(alt_iic.o)
 .data          0x000912b4        0x0 ../Car2X_carControl_bsp/\libhal_bsp.a(alt_iic_isr_register.o)
 .data          0x000912b4        0x0 ../Car2X_carControl_bsp/\libhal_bsp.a(alt_io_redirect.o)
 .data          0x000912b4        0x0 ../Car2X_carControl_bsp/\libhal_bsp.a(alt_irq_entry.o)
 .data          0x000912b4        0x0 ../Car2X_carControl_bsp/\libhal_bsp.a(alt_irq_handler.o)
 .data          0x000912b4        0x0 ../Car2X_carControl_bsp/\libhal_bsp.a(alt_irq_vars.o)
 .data          0x000912b4        0x0 ../Car2X_carControl_bsp/\libhal_bsp.a(alt_open.o)
 .data          0x000912b4        0x0 ../Car2X_carControl_bsp/\libhal_bsp.a(alt_tick.o)
 .data          0x000912b4        0x0 ../Car2X_carControl_bsp/\libhal_bsp.a(altera_nios2_qsys_irq.o)
 .data          0x000912b4        0x0 ../Car2X_carControl_bsp/\libhal_bsp.a(alt_exception_entry.o)
 .data          0x000912b4        0x0 ../Car2X_carControl_bsp/\libhal_bsp.a(alt_find_file.o)
 .data          0x000912b4        0x0 ../Car2X_carControl_bsp/\libhal_bsp.a(alt_get_fd.o)
 .data          0x000912b4        0x0 ../Car2X_carControl_bsp/\libhal_bsp.a(alt_icache_flush.o)
 .data          0x000912b4        0x0 c:/altera/12.1sp1/nios2eds/bin/gnu/h-i686-mingw32/bin/../lib/gcc/nios2-elf/4.1.2/../../../../nios2-elf/lib\libc.a(lib_a-atexit.o)
 .data          0x000912b4        0x0 c:/altera/12.1sp1/nios2eds/bin/gnu/h-i686-mingw32/bin/../lib/gcc/nios2-elf/4.1.2/../../../../nios2-elf/lib\libc.a(lib_a-exit.o)
 .data          0x000912b4        0x0 c:/altera/12.1sp1/nios2eds/bin/gnu/h-i686-mingw32/bin/../lib/gcc/nios2-elf/4.1.2/../../../../nios2-elf/lib\libc.a(lib_a-memcmp.o)
 .data          0x000912b4        0x0 c:/altera/12.1sp1/nios2eds/bin/gnu/h-i686-mingw32/bin/../lib/gcc/nios2-elf/4.1.2/../../../../nios2-elf/lib\libc.a(lib_a-__atexit.o)
 .data          0x000912b4        0x0 c:/altera/12.1sp1/nios2eds/bin/gnu/h-i686-mingw32/bin/../lib/gcc/nios2-elf/4.1.2/../../../../nios2-elf/lib\libc.a(lib_a-__call_atexit.o)
                0x000992b4                _gp = ABSOLUTE ((. + 0x8000))
                0x000992b4                PROVIDE (gp, _gp)
 *(.rwdata .rwdata.*)
 *(.sdata .sdata.* .gnu.linkonce.s.*)
 .sdata         0x000912b4        0x4 c:/altera/12.1sp1/nios2eds/bin/gnu/h-i686-mingw32/bin/../lib/gcc/nios2-elf/4.1.2/../../../../nios2-elf/lib\libstdc++.a(eh_term_handler.o)
                0x000912b4                __cxxabiv1::__terminate_handler
 .sdata._ZTISt9exception
                0x000912b8        0x8 c:/altera/12.1sp1/nios2eds/bin/gnu/h-i686-mingw32/bin/../lib/gcc/nios2-elf/4.1.2/../../../../nios2-elf/lib\libstdc++.a(eh_exception.o)
                0x000912b8                typeinfo for std::exception
 .sdata         0x000912c0        0x4 c:/altera/12.1sp1/nios2eds/bin/gnu/h-i686-mingw32/bin/../lib/gcc/nios2-elf/4.1.2/../../../../nios2-elf/lib\libstdc++.a(eh_unex_handler.o)
                0x000912c0                __cxxabiv1::__unexpected_handler
 .sdata._ZTISt9type_info
                0x000912c4        0x8 c:/altera/12.1sp1/nios2eds/bin/gnu/h-i686-mingw32/bin/../lib/gcc/nios2-elf/4.1.2/../../../../nios2-elf/lib\libstdc++.a(tinfo.o)
                0x000912c4                typeinfo for std::type_info
 .sdata         0x000912cc        0x8 c:/altera/12.1sp1/nios2eds/bin/gnu/h-i686-mingw32/bin/../lib/gcc/nios2-elf/4.1.2/../../../../nios2-elf/lib\libc.a(lib_a-mallocr.o)
                0x000912cc                __malloc_trim_threshold
                0x000912d0                __malloc_sbrk_base
 .sdata         0x000912d4        0x8 c:/altera/12.1sp1/nios2eds/bin/gnu/h-i686-mingw32/bin/../lib/gcc/nios2-elf/4.1.2/../../../../nios2-elf/lib\libc.a(lib_a-impure.o)
                0x000912d4                _impure_ptr
                0x000912d8                _global_impure_ptr
 .sdata         0x000912dc        0x8 c:/altera/12.1sp1/nios2eds/bin/gnu/h-i686-mingw32/bin/../lib/gcc/nios2-elf/4.1.2/../../../../nios2-elf/lib\libc.a(lib_a-locale.o)
                0x000912dc                __mb_cur_max
 .sdata         0x000912e4       0x14 ../Car2X_carControl_bsp/\libhal_bsp.a(alt_dev.o)
                0x000912e4                alt_fs_list
                0x000912ec                alt_dev_list
                0x000912f4                alt_max_fd
 .sdata         0x000912f8        0x4 ../Car2X_carControl_bsp/\libhal_bsp.a(alt_errno.o)
                0x000912f8                alt_errno
 .sdata         0x000912fc        0x4 ../Car2X_carControl_bsp/\libhal_bsp.a(alt_sbrk.o)
 .sdata         0x00091300        0x8 ../Car2X_carControl_bsp/\libhal_bsp.a(altera_avalon_mutex.o)
                0x00091300                alt_mutex_list
 .sdata         0x00091308        0x4 ../Car2X_carControl_bsp/\libhal_bsp.a(alt_irq_vars.o)
                0x00091308                alt_priority_mask
 .sdata         0x0009130c        0x8 ../Car2X_carControl_bsp/\libhal_bsp.a(alt_tick.o)
                0x0009130c                alt_alarm_list
 *(.sdata2 .sdata2.* .gnu.linkonce.s2.*)
                0x00091314                . = ALIGN (0x4)
                0x00091314                _edata = ABSOLUTE (.)
                0x00091314                PROVIDE (edata, ABSOLUTE (.))
                0x00091314                PROVIDE (__ram_rwdata_end, ABSOLUTE (.))
                0x00091314                PROVIDE (__flash_rwdata_start, LOADADDR (.rwdata))

.bss            0x00092da0      0xafc
                0x00092da0                __bss_start = ABSOLUTE (.)
                0x00092da0                PROVIDE (__sbss_start, ABSOLUTE (.))
                0x00092da0                PROVIDE (___sbss_start, ABSOLUTE (.))
 *(.dynsbss)
 *(.sbss .sbss.* .gnu.linkonce.sb.*)
 .sbss          0x00092da0        0x4 c:/altera/12.1sp1/nios2eds/bin/gnu/h-i686-mingw32/bin/../lib/gcc/nios2-elf/4.1.2/../../../../nios2-elf/lib\libstdc++.a(eh_alloc.o)
 .sbss          0x00092da4        0x8 c:/altera/12.1sp1/nios2eds/bin/gnu/h-i686-mingw32/bin/../lib/gcc/nios2-elf/4.1.2/../../../../nios2-elf/lib\libstdc++.a(eh_globals.o)
 .sbss          0x00092dac        0x4 c:/altera/12.1sp1/nios2eds/bin/gnu/h-i686-mingw32/bin/../lib/gcc/nios2-elf/4.1.2\libgcc.a(unwind-sjlj.o)
 .sbss          0x00092db0        0xc c:/altera/12.1sp1/nios2eds/bin/gnu/h-i686-mingw32/bin/../lib/gcc/nios2-elf/4.1.2/../../../../nios2-elf/lib\libc.a(lib_a-mallocr.o)
                0x00092db0                __malloc_top_pad
                0x00092db4                __malloc_max_sbrked_mem
                0x00092db8                __malloc_max_total_mem
 .sbss          0x00092dbc        0x4 c:/altera/12.1sp1/nios2eds/bin/gnu/h-i686-mingw32/bin/../lib/gcc/nios2-elf/4.1.2/../../../../nios2-elf/lib\libc.a(lib_a-int_errno.o)
                0x00092dbc                errno
 .sbss          0x00092dc0        0xc c:/altera/12.1sp1/nios2eds/bin/gnu/h-i686-mingw32/bin/../lib/gcc/nios2-elf/4.1.2/../../../../nios2-elf/lib\libc.a(lib_a-locale.o)
                0x00092dc0                __nlocale_changed
                0x00092dc4                __mlocale_changed
                0x00092dc8                _PathLocale
 .sbss          0x00092dcc        0xc ../Car2X_carControl_bsp/\libhal_bsp.a(alt_main.o)
                0x00092dcc                alt_argc
                0x00092dd0                alt_argv
                0x00092dd4                alt_envp
 .sbss          0x00092dd8        0x4 ../Car2X_carControl_bsp/\libhal_bsp.a(alt_irq_vars.o)
                0x00092dd8                alt_irq_active
 .sbss          0x00092ddc        0x8 ../Car2X_carControl_bsp/\libhal_bsp.a(alt_tick.o)
                0x00092ddc                _alt_tick_rate
                0x00092de0                _alt_nticks
 *(.sbss2 .sbss2.* .gnu.linkonce.sb2.*)
 *(.scommon)
                0x00092de4                PROVIDE (__sbss_end, ABSOLUTE (.))
                0x00092de4                PROVIDE (___sbss_end, ABSOLUTE (.))
 *(.dynbss)
 *(.bss .bss.* .gnu.linkonce.b.*)
 .bss           0x00092de4        0x0 ../Car2X_carControl_bsp//obj/HAL/src/crt0.o
 .bss           0x00092de4        0x0 obj/default/main.o
 .bss           0x00092de4        0x0 obj/default/MemSharedArea.o
 .bss           0x00092de4        0x0 c:/altera/12.1sp1/nios2eds/bin/gnu/h-i686-mingw32/bin/../lib/gcc/nios2-elf/4.1.2/../../../../nios2-elf/lib\libstdc++.a(eh_personality.o)
 .bss           0x00092de4        0x0 c:/altera/12.1sp1/nios2eds/bin/gnu/h-i686-mingw32/bin/../lib/gcc/nios2-elf/4.1.2/../../../../nios2-elf/lib\libstdc++.a(eh_terminate.o)
 .bss           0x00092de4        0x0 c:/altera/12.1sp1/nios2eds/bin/gnu/h-i686-mingw32/bin/../lib/gcc/nios2-elf/4.1.2/../../../../nios2-elf/lib\libstdc++.a(eh_term_handler.o)
 .bss           0x00092de4        0x0 c:/altera/12.1sp1/nios2eds/bin/gnu/h-i686-mingw32/bin/../lib/gcc/nios2-elf/4.1.2/../../../../nios2-elf/lib\libstdc++.a(eh_catch.o)
 .bss           0x00092de4        0x0 c:/altera/12.1sp1/nios2eds/bin/gnu/h-i686-mingw32/bin/../lib/gcc/nios2-elf/4.1.2/../../../../nios2-elf/lib\libstdc++.a(eh_throw.o)
 .bss           0x00092de4      0x800 c:/altera/12.1sp1/nios2eds/bin/gnu/h-i686-mingw32/bin/../lib/gcc/nios2-elf/4.1.2/../../../../nios2-elf/lib\libstdc++.a(eh_alloc.o)
 .bss           0x000935e4        0x0 c:/altera/12.1sp1/nios2eds/bin/gnu/h-i686-mingw32/bin/../lib/gcc/nios2-elf/4.1.2/../../../../nios2-elf/lib\libstdc++.a(eh_exception.o)
 .bss           0x000935e4        0x0 c:/altera/12.1sp1/nios2eds/bin/gnu/h-i686-mingw32/bin/../lib/gcc/nios2-elf/4.1.2/../../../../nios2-elf/lib\libstdc++.a(eh_call.o)
 .bss           0x000935e4        0x0 c:/altera/12.1sp1/nios2eds/bin/gnu/h-i686-mingw32/bin/../lib/gcc/nios2-elf/4.1.2/../../../../nios2-elf/lib\libstdc++.a(eh_globals.o)
 .bss           0x000935e4        0x0 c:/altera/12.1sp1/nios2eds/bin/gnu/h-i686-mingw32/bin/../lib/gcc/nios2-elf/4.1.2/../../../../nios2-elf/lib\libstdc++.a(class_type_info.o)
 .bss           0x000935e4        0x0 c:/altera/12.1sp1/nios2eds/bin/gnu/h-i686-mingw32/bin/../lib/gcc/nios2-elf/4.1.2/../../../../nios2-elf/lib\libstdc++.a(eh_unex_handler.o)
 .bss           0x000935e4        0x0 c:/altera/12.1sp1/nios2eds/bin/gnu/h-i686-mingw32/bin/../lib/gcc/nios2-elf/4.1.2/../../../../nios2-elf/lib\libstdc++.a(del_op.o)
 .bss           0x000935e4        0x0 c:/altera/12.1sp1/nios2eds/bin/gnu/h-i686-mingw32/bin/../lib/gcc/nios2-elf/4.1.2/../../../../nios2-elf/lib\libstdc++.a(si_class_type_info.o)
 .bss           0x000935e4        0x0 c:/altera/12.1sp1/nios2eds/bin/gnu/h-i686-mingw32/bin/../lib/gcc/nios2-elf/4.1.2/../../../../nios2-elf/lib\libstdc++.a(tinfo.o)
 .bss           0x000935e4        0x0 c:/altera/12.1sp1/nios2eds/bin/gnu/h-i686-mingw32/bin/../lib/gcc/nios2-elf/4.1.2\libgcc.a(lib2-divmod.o)
 .bss           0x000935e4        0x0 c:/altera/12.1sp1/nios2eds/bin/gnu/h-i686-mingw32/bin/../lib/gcc/nios2-elf/4.1.2\libgcc.a(unwind-sjlj.o)
 .bss           0x000935e4        0x0 c:/altera/12.1sp1/nios2eds/bin/gnu/h-i686-mingw32/bin/../lib/gcc/nios2-elf/4.1.2/../../../../nios2-elf/lib\libc.a(lib_a-abort.o)
 .bss           0x000935e4        0x0 c:/altera/12.1sp1/nios2eds/bin/gnu/h-i686-mingw32/bin/../lib/gcc/nios2-elf/4.1.2/../../../../nios2-elf/lib\libc.a(lib_a-malloc.o)
 .bss           0x000935e4       0x28 c:/altera/12.1sp1/nios2eds/bin/gnu/h-i686-mingw32/bin/../lib/gcc/nios2-elf/4.1.2/../../../../nios2-elf/lib\libc.a(lib_a-mallocr.o)
                0x000935e4                __malloc_current_mallinfo
 .bss           0x0009360c        0x0 c:/altera/12.1sp1/nios2eds/bin/gnu/h-i686-mingw32/bin/../lib/gcc/nios2-elf/4.1.2/../../../../nios2-elf/lib\libc.a(lib_a-memcpy.o)
 .bss           0x0009360c        0x0 c:/altera/12.1sp1/nios2eds/bin/gnu/h-i686-mingw32/bin/../lib/gcc/nios2-elf/4.1.2/../../../../nios2-elf/lib\libc.a(lib_a-memmove.o)
 .bss           0x0009360c        0x0 c:/altera/12.1sp1/nios2eds/bin/gnu/h-i686-mingw32/bin/../lib/gcc/nios2-elf/4.1.2/../../../../nios2-elf/lib\libc.a(lib_a-memset.o)
 .bss           0x0009360c        0x0 c:/altera/12.1sp1/nios2eds/bin/gnu/h-i686-mingw32/bin/../lib/gcc/nios2-elf/4.1.2/../../../../nios2-elf/lib\libc.a(lib_a-printf.o)
 .bss           0x0009360c        0x0 c:/altera/12.1sp1/nios2eds/bin/gnu/h-i686-mingw32/bin/../lib/gcc/nios2-elf/4.1.2/../../../../nios2-elf/lib\libc.a(lib_a-sbrkr.o)
 .bss           0x0009360c        0x0 c:/altera/12.1sp1/nios2eds/bin/gnu/h-i686-mingw32/bin/../lib/gcc/nios2-elf/4.1.2/../../../../nios2-elf/lib\libc.a(lib_a-signal.o)
 .bss           0x0009360c        0x0 c:/altera/12.1sp1/nios2eds/bin/gnu/h-i686-mingw32/bin/../lib/gcc/nios2-elf/4.1.2/../../../../nios2-elf/lib\libc.a(lib_a-signalr.o)
 .bss           0x0009360c        0x0 c:/altera/12.1sp1/nios2eds/bin/gnu/h-i686-mingw32/bin/../lib/gcc/nios2-elf/4.1.2/../../../../nios2-elf/lib\libc.a(lib_a-vfprintf.o)
 .bss           0x0009360c        0x0 c:/altera/12.1sp1/nios2eds/bin/gnu/h-i686-mingw32/bin/../lib/gcc/nios2-elf/4.1.2/../../../../nios2-elf/lib\libc.a(lib_a-wsetup.o)
 .bss           0x0009360c        0x0 c:/altera/12.1sp1/nios2eds/bin/gnu/h-i686-mingw32/bin/../lib/gcc/nios2-elf/4.1.2/../../../../nios2-elf/lib\libc.a(lib_a-dtoa.o)
 .bss           0x0009360c        0x0 c:/altera/12.1sp1/nios2eds/bin/gnu/h-i686-mingw32/bin/../lib/gcc/nios2-elf/4.1.2/../../../../nios2-elf/lib\libc.a(lib_a-fflush.o)
 .bss           0x0009360c        0x0 c:/altera/12.1sp1/nios2eds/bin/gnu/h-i686-mingw32/bin/../lib/gcc/nios2-elf/4.1.2/../../../../nios2-elf/lib\libc.a(lib_a-findfp.o)
 .bss           0x0009360c        0x0 c:/altera/12.1sp1/nios2eds/bin/gnu/h-i686-mingw32/bin/../lib/gcc/nios2-elf/4.1.2/../../../../nios2-elf/lib\libc.a(lib_a-freer.o)
 .bss           0x0009360c        0x0 c:/altera/12.1sp1/nios2eds/bin/gnu/h-i686-mingw32/bin/../lib/gcc/nios2-elf/4.1.2/../../../../nios2-elf/lib\libc.a(lib_a-fvwrite.o)
 .bss           0x0009360c        0x0 c:/altera/12.1sp1/nios2eds/bin/gnu/h-i686-mingw32/bin/../lib/gcc/nios2-elf/4.1.2/../../../../nios2-elf/lib\libc.a(lib_a-fwalk.o)
 .bss           0x0009360c        0x0 c:/altera/12.1sp1/nios2eds/bin/gnu/h-i686-mingw32/bin/../lib/gcc/nios2-elf/4.1.2/../../../../nios2-elf/lib\libc.a(lib_a-impure.o)
 .bss           0x0009360c        0x0 c:/altera/12.1sp1/nios2eds/bin/gnu/h-i686-mingw32/bin/../lib/gcc/nios2-elf/4.1.2/../../../../nios2-elf/lib\libc.a(lib_a-int_errno.o)
 .bss           0x0009360c        0x0 c:/altera/12.1sp1/nios2eds/bin/gnu/h-i686-mingw32/bin/../lib/gcc/nios2-elf/4.1.2/../../../../nios2-elf/lib\libc.a(lib_a-locale.o)
 .bss           0x0009360c        0x0 c:/altera/12.1sp1/nios2eds/bin/gnu/h-i686-mingw32/bin/../lib/gcc/nios2-elf/4.1.2/../../../../nios2-elf/lib\libc.a(lib_a-makebuf.o)
 .bss           0x0009360c        0x0 c:/altera/12.1sp1/nios2eds/bin/gnu/h-i686-mingw32/bin/../lib/gcc/nios2-elf/4.1.2/../../../../nios2-elf/lib\libc.a(lib_a-memchr.o)
 .bss           0x0009360c        0x0 c:/altera/12.1sp1/nios2eds/bin/gnu/h-i686-mingw32/bin/../lib/gcc/nios2-elf/4.1.2/../../../../nios2-elf/lib\libc.a(lib_a-mprec.o)
 .bss           0x0009360c        0x0 c:/altera/12.1sp1/nios2eds/bin/gnu/h-i686-mingw32/bin/../lib/gcc/nios2-elf/4.1.2/../../../../nios2-elf/lib\libc.a(lib_a-reallocr.o)
 .bss           0x0009360c        0x0 c:/altera/12.1sp1/nios2eds/bin/gnu/h-i686-mingw32/bin/../lib/gcc/nios2-elf/4.1.2/../../../../nios2-elf/lib\libc.a(lib_a-s_isinfd.o)
 .bss           0x0009360c        0x0 c:/altera/12.1sp1/nios2eds/bin/gnu/h-i686-mingw32/bin/../lib/gcc/nios2-elf/4.1.2/../../../../nios2-elf/lib\libc.a(lib_a-s_isnand.o)
 .bss           0x0009360c        0x0 c:/altera/12.1sp1/nios2eds/bin/gnu/h-i686-mingw32/bin/../lib/gcc/nios2-elf/4.1.2/../../../../nios2-elf/lib\libc.a(lib_a-stdio.o)
 .bss           0x0009360c        0x0 c:/altera/12.1sp1/nios2eds/bin/gnu/h-i686-mingw32/bin/../lib/gcc/nios2-elf/4.1.2/../../../../nios2-elf/lib\libc.a(lib_a-strcmp.o)
 .bss           0x0009360c        0x0 c:/altera/12.1sp1/nios2eds/bin/gnu/h-i686-mingw32/bin/../lib/gcc/nios2-elf/4.1.2/../../../../nios2-elf/lib\libc.a(lib_a-strlen.o)
 .bss           0x0009360c        0x0 c:/altera/12.1sp1/nios2eds/bin/gnu/h-i686-mingw32/bin/../lib/gcc/nios2-elf/4.1.2/../../../../nios2-elf/lib\libc.a(lib_a-writer.o)
 .bss           0x0009360c        0x0 c:/altera/12.1sp1/nios2eds/bin/gnu/h-i686-mingw32/bin/../lib/gcc/nios2-elf/4.1.2/../../../../nios2-elf/lib\libc.a(lib_a-callocr.o)
 .bss           0x0009360c        0x0 c:/altera/12.1sp1/nios2eds/bin/gnu/h-i686-mingw32/bin/../lib/gcc/nios2-elf/4.1.2/../../../../nios2-elf/lib\libc.a(lib_a-closer.o)
 .bss           0x0009360c        0x0 c:/altera/12.1sp1/nios2eds/bin/gnu/h-i686-mingw32/bin/../lib/gcc/nios2-elf/4.1.2/../../../../nios2-elf/lib\libc.a(lib_a-fclose.o)
 .bss           0x0009360c        0x0 c:/altera/12.1sp1/nios2eds/bin/gnu/h-i686-mingw32/bin/../lib/gcc/nios2-elf/4.1.2/../../../../nios2-elf/lib\libc.a(lib_a-fstatr.o)
 .bss           0x0009360c        0x0 c:/altera/12.1sp1/nios2eds/bin/gnu/h-i686-mingw32/bin/../lib/gcc/nios2-elf/4.1.2/../../../../nios2-elf/lib\libc.a(lib_a-isattyr.o)
 .bss           0x0009360c        0x0 c:/altera/12.1sp1/nios2eds/bin/gnu/h-i686-mingw32/bin/../lib/gcc/nios2-elf/4.1.2/../../../../nios2-elf/lib\libc.a(lib_a-lseekr.o)
 .bss           0x0009360c        0x0 c:/altera/12.1sp1/nios2eds/bin/gnu/h-i686-mingw32/bin/../lib/gcc/nios2-elf/4.1.2/../../../../nios2-elf/lib\libc.a(lib_a-readr.o)
 .bss           0x0009360c        0x0 c:/altera/12.1sp1/nios2eds/bin/gnu/h-i686-mingw32/bin/../lib/gcc/nios2-elf/4.1.2\libgcc.a(_udivdi3.o)
 .bss           0x0009360c        0x0 c:/altera/12.1sp1/nios2eds/bin/gnu/h-i686-mingw32/bin/../lib/gcc/nios2-elf/4.1.2\libgcc.a(_umoddi3.o)
 .bss           0x0009360c        0x0 c:/altera/12.1sp1/nios2eds/bin/gnu/h-i686-mingw32/bin/../lib/gcc/nios2-elf/4.1.2\libgcc.a(_addsub_df.o)
 .bss           0x0009360c        0x0 c:/altera/12.1sp1/nios2eds/bin/gnu/h-i686-mingw32/bin/../lib/gcc/nios2-elf/4.1.2\libgcc.a(_mul_df.o)
 .bss           0x0009360c        0x0 c:/altera/12.1sp1/nios2eds/bin/gnu/h-i686-mingw32/bin/../lib/gcc/nios2-elf/4.1.2\libgcc.a(_div_df.o)
 .bss           0x0009360c        0x0 c:/altera/12.1sp1/nios2eds/bin/gnu/h-i686-mingw32/bin/../lib/gcc/nios2-elf/4.1.2\libgcc.a(_eq_df.o)
 .bss           0x0009360c        0x0 c:/altera/12.1sp1/nios2eds/bin/gnu/h-i686-mingw32/bin/../lib/gcc/nios2-elf/4.1.2\libgcc.a(_ne_df.o)
 .bss           0x0009360c        0x0 c:/altera/12.1sp1/nios2eds/bin/gnu/h-i686-mingw32/bin/../lib/gcc/nios2-elf/4.1.2\libgcc.a(_gt_df.o)
 .bss           0x0009360c        0x0 c:/altera/12.1sp1/nios2eds/bin/gnu/h-i686-mingw32/bin/../lib/gcc/nios2-elf/4.1.2\libgcc.a(_ge_df.o)
 .bss           0x0009360c        0x0 c:/altera/12.1sp1/nios2eds/bin/gnu/h-i686-mingw32/bin/../lib/gcc/nios2-elf/4.1.2\libgcc.a(_lt_df.o)
 .bss           0x0009360c        0x0 c:/altera/12.1sp1/nios2eds/bin/gnu/h-i686-mingw32/bin/../lib/gcc/nios2-elf/4.1.2\libgcc.a(_si_to_df.o)
 .bss           0x0009360c        0x0 c:/altera/12.1sp1/nios2eds/bin/gnu/h-i686-mingw32/bin/../lib/gcc/nios2-elf/4.1.2\libgcc.a(_df_to_si.o)
 .bss           0x0009360c        0x0 c:/altera/12.1sp1/nios2eds/bin/gnu/h-i686-mingw32/bin/../lib/gcc/nios2-elf/4.1.2\libgcc.a(_thenan_df.o)
 .bss           0x0009360c        0x0 c:/altera/12.1sp1/nios2eds/bin/gnu/h-i686-mingw32/bin/../lib/gcc/nios2-elf/4.1.2\libgcc.a(_usi_to_df.o)
 .bss           0x0009360c        0x0 c:/altera/12.1sp1/nios2eds/bin/gnu/h-i686-mingw32/bin/../lib/gcc/nios2-elf/4.1.2\libgcc.a(_muldi3.o)
 .bss           0x0009360c        0x0 c:/altera/12.1sp1/nios2eds/bin/gnu/h-i686-mingw32/bin/../lib/gcc/nios2-elf/4.1.2\libgcc.a(_clz.o)
 .bss           0x0009360c        0x0 c:/altera/12.1sp1/nios2eds/bin/gnu/h-i686-mingw32/bin/../lib/gcc/nios2-elf/4.1.2\libgcc.a(_clzsi2.o)
 .bss           0x0009360c        0x0 c:/altera/12.1sp1/nios2eds/bin/gnu/h-i686-mingw32/bin/../lib/gcc/nios2-elf/4.1.2\libgcc.a(_pack_df.o)
 .bss           0x0009360c        0x0 c:/altera/12.1sp1/nios2eds/bin/gnu/h-i686-mingw32/bin/../lib/gcc/nios2-elf/4.1.2\libgcc.a(_unpack_df.o)
 .bss           0x0009360c        0x0 c:/altera/12.1sp1/nios2eds/bin/gnu/h-i686-mingw32/bin/../lib/gcc/nios2-elf/4.1.2\libgcc.a(_fpcmp_parts_df.o)
 .bss           0x0009360c        0x0 ../Car2X_carControl_bsp/\libhal_bsp.a(alt_close.o)
 .bss           0x0009360c        0x0 ../Car2X_carControl_bsp/\libhal_bsp.a(alt_dev.o)
 .bss           0x0009360c        0x0 ../Car2X_carControl_bsp/\libhal_bsp.a(alt_errno.o)
 .bss           0x0009360c        0x0 ../Car2X_carControl_bsp/\libhal_bsp.a(alt_exit.o)
 .bss           0x0009360c        0x0 ../Car2X_carControl_bsp/\libhal_bsp.a(alt_fstat.o)
 .bss           0x0009360c        0x0 ../Car2X_carControl_bsp/\libhal_bsp.a(alt_getpid.o)
 .bss           0x0009360c        0x0 ../Car2X_carControl_bsp/\libhal_bsp.a(alt_isatty.o)
 .bss           0x0009360c        0x0 ../Car2X_carControl_bsp/\libhal_bsp.a(alt_kill.o)
 .bss           0x0009360c        0x0 ../Car2X_carControl_bsp/\libhal_bsp.a(alt_load.o)
 .bss           0x0009360c        0x0 ../Car2X_carControl_bsp/\libhal_bsp.a(alt_lseek.o)
 .bss           0x0009360c        0x0 ../Car2X_carControl_bsp/\libhal_bsp.a(alt_main.o)
 .bss           0x0009360c        0x0 ../Car2X_carControl_bsp/\libhal_bsp.a(alt_malloc_lock.o)
 .bss           0x0009360c        0x0 ../Car2X_carControl_bsp/\libhal_bsp.a(alt_read.o)
 .bss           0x0009360c        0x0 ../Car2X_carControl_bsp/\libhal_bsp.a(alt_release_fd.o)
 .bss           0x0009360c        0x0 ../Car2X_carControl_bsp/\libhal_bsp.a(alt_sbrk.o)
 .bss           0x0009360c        0x0 ../Car2X_carControl_bsp/\libhal_bsp.a(alt_write.o)
 .bss           0x0009360c        0x0 ../Car2X_carControl_bsp/\libhal_bsp.a(alt_sys_init.o)
 .bss           0x0009360c        0x0 ../Car2X_carControl_bsp/\libhal_bsp.a(altera_avalon_jtag_uart_fd.o)
 .bss           0x0009360c        0x0 ../Car2X_carControl_bsp/\libhal_bsp.a(altera_avalon_jtag_uart_init.o)
 .bss           0x0009360c        0x0 ../Car2X_carControl_bsp/\libhal_bsp.a(altera_avalon_jtag_uart_ioctl.o)
 .bss           0x0009360c        0x0 ../Car2X_carControl_bsp/\libhal_bsp.a(altera_avalon_jtag_uart_read.o)
 .bss           0x0009360c        0x0 ../Car2X_carControl_bsp/\libhal_bsp.a(altera_avalon_jtag_uart_write.o)
 .bss           0x0009360c        0x0 ../Car2X_carControl_bsp/\libhal_bsp.a(altera_avalon_mutex.o)
 .bss           0x0009360c        0x0 ../Car2X_carControl_bsp/\libhal_bsp.a(alt_alarm_start.o)
 .bss           0x0009360c        0x0 ../Car2X_carControl_bsp/\libhal_bsp.a(alt_dcache_flush_all.o)
 .bss           0x0009360c        0x0 ../Car2X_carControl_bsp/\libhal_bsp.a(alt_dev_llist_insert.o)
 .bss           0x0009360c        0x0 ../Car2X_carControl_bsp/\libhal_bsp.a(alt_do_ctors.o)
 .bss           0x0009360c        0x0 ../Car2X_carControl_bsp/\libhal_bsp.a(alt_do_dtors.o)
 .bss           0x0009360c        0x0 ../Car2X_carControl_bsp/\libhal_bsp.a(alt_find_dev.o)
 .bss           0x0009360c        0x0 ../Car2X_carControl_bsp/\libhal_bsp.a(alt_icache_flush_all.o)
 .bss           0x0009360c        0x0 ../Car2X_carControl_bsp/\libhal_bsp.a(alt_iic.o)
 .bss           0x0009360c        0x0 ../Car2X_carControl_bsp/\libhal_bsp.a(alt_iic_isr_register.o)
 .bss           0x0009360c        0x0 ../Car2X_carControl_bsp/\libhal_bsp.a(alt_io_redirect.o)
 .bss           0x0009360c        0x0 ../Car2X_carControl_bsp/\libhal_bsp.a(alt_irq_entry.o)
 .bss           0x0009360c        0x0 ../Car2X_carControl_bsp/\libhal_bsp.a(alt_irq_handler.o)
 .bss           0x0009360c        0x0 ../Car2X_carControl_bsp/\libhal_bsp.a(alt_irq_vars.o)
 .bss           0x0009360c        0x0 ../Car2X_carControl_bsp/\libhal_bsp.a(alt_open.o)
 .bss           0x0009360c        0x0 ../Car2X_carControl_bsp/\libhal_bsp.a(alt_tick.o)
 .bss           0x0009360c        0x0 ../Car2X_carControl_bsp/\libhal_bsp.a(altera_nios2_qsys_irq.o)
 .bss           0x0009360c        0x0 ../Car2X_carControl_bsp/\libhal_bsp.a(alt_exception_entry.o)
 .bss           0x0009360c        0x0 ../Car2X_carControl_bsp/\libhal_bsp.a(alt_find_file.o)
 .bss           0x0009360c        0x0 ../Car2X_carControl_bsp/\libhal_bsp.a(alt_get_fd.o)
 .bss           0x0009360c        0x0 ../Car2X_carControl_bsp/\libhal_bsp.a(alt_icache_flush.o)
 .bss           0x0009360c        0x0 c:/altera/12.1sp1/nios2eds/bin/gnu/h-i686-mingw32/bin/../lib/gcc/nios2-elf/4.1.2/../../../../nios2-elf/lib\libc.a(lib_a-atexit.o)
 .bss           0x0009360c        0x0 c:/altera/12.1sp1/nios2eds/bin/gnu/h-i686-mingw32/bin/../lib/gcc/nios2-elf/4.1.2/../../../../nios2-elf/lib\libc.a(lib_a-exit.o)
 .bss           0x0009360c        0x0 c:/altera/12.1sp1/nios2eds/bin/gnu/h-i686-mingw32/bin/../lib/gcc/nios2-elf/4.1.2/../../../../nios2-elf/lib\libc.a(lib_a-memcmp.o)
 .bss           0x0009360c        0x0 c:/altera/12.1sp1/nios2eds/bin/gnu/h-i686-mingw32/bin/../lib/gcc/nios2-elf/4.1.2/../../../../nios2-elf/lib\libc.a(lib_a-__atexit.o)
 .bss           0x0009360c        0x0 c:/altera/12.1sp1/nios2eds/bin/gnu/h-i686-mingw32/bin/../lib/gcc/nios2-elf/4.1.2/../../../../nios2-elf/lib\libc.a(lib_a-__call_atexit.o)
 *(COMMON)
 COMMON         0x0009360c      0x100 ../Car2X_carControl_bsp/\libhal_bsp.a(alt_irq_handler.o)
                0x0009360c                alt_irq
 COMMON         0x0009370c      0x190 c:/altera/12.1sp1/nios2eds/bin/gnu/h-i686-mingw32/bin/../lib/gcc/nios2-elf/4.1.2/../../../../nios2-elf/lib\libc.a(lib_a-atexit.o)
                0x0009370c                _atexit0
                0x0009389c                . = ALIGN (0x4)
                0x0009389c                __bss_end = ABSOLUTE (.)

.onchip_memory2_0
                0x0009389c        0x0
                0x0009389c                PROVIDE (_alt_partition_onchip_memory2_0_start, ABSOLUTE (.))
 *(.onchip_memory2_0. onchip_memory2_0.*)
                0x0009389c                . = ALIGN (0x4)
                0x0009389c                PROVIDE (_alt_partition_onchip_memory2_0_end, ABSOLUTE (.))
                0x0009389c                _end = ABSOLUTE (.)
                0x0009389c                end = ABSOLUTE (.)
                0x0009389c                __alt_stack_base = ABSOLUTE (.)
                0x0009389c                PROVIDE (_alt_partition_onchip_memory2_0_load_addr, LOADADDR (.onchip_memory2_0))

.shared_memory  0x08002000      0x628 load address 0x0009389c
                0x08002000                PROVIDE (_alt_partition_shared_memory_start, ABSOLUTE (.))
 *(.shared_memory. shared_memory.*)
                0x08002000                . = ALIGN (0x4)
                0x08002000                PROVIDE (_alt_partition_shared_memory_end, ABSOLUTE (.))
 .shared_memory
                0x08002000      0x628 obj/default/MemSharedArea.o
                0x08002000                AreaCarStateBuffer
                0x08002618                AreaCarState
                0x0009389c                PROVIDE (_alt_partition_shared_memory_load_addr, LOADADDR (.shared_memory))

.stab
 *(.stab)

.stabstr
 *(.stabstr)

.stab.excl
 *(.stab.excl)

.stab.exclstr
 *(.stab.exclstr)

.stab.index
 *(.stab.index)

.stab.indexstr
 *(.stab.indexstr)

.comment        0x00000000       0x26
 *(.comment)
 .comment       0x00000000       0x26 obj/default/main.o
                                 0x27 (size before relaxing)
 .comment       0x00000000       0x27 obj/default/MemSharedArea.o
 .comment       0x00000000       0x27 c:/altera/12.1sp1/nios2eds/bin/gnu/h-i686-mingw32/bin/../lib/gcc/nios2-elf/4.1.2/../../../../nios2-elf/lib\libstdc++.a(eh_personality.o)
 .comment       0x00000000       0x27 c:/altera/12.1sp1/nios2eds/bin/gnu/h-i686-mingw32/bin/../lib/gcc/nios2-elf/4.1.2/../../../../nios2-elf/lib\libstdc++.a(eh_terminate.o)
 .comment       0x00000000       0x27 c:/altera/12.1sp1/nios2eds/bin/gnu/h-i686-mingw32/bin/../lib/gcc/nios2-elf/4.1.2/../../../../nios2-elf/lib\libstdc++.a(eh_term_handler.o)
 .comment       0x00000000       0x27 c:/altera/12.1sp1/nios2eds/bin/gnu/h-i686-mingw32/bin/../lib/gcc/nios2-elf/4.1.2/../../../../nios2-elf/lib\libstdc++.a(eh_catch.o)
 .comment       0x00000000       0x27 c:/altera/12.1sp1/nios2eds/bin/gnu/h-i686-mingw32/bin/../lib/gcc/nios2-elf/4.1.2/../../../../nios2-elf/lib\libstdc++.a(eh_throw.o)
 .comment       0x00000000       0x27 c:/altera/12.1sp1/nios2eds/bin/gnu/h-i686-mingw32/bin/../lib/gcc/nios2-elf/4.1.2/../../../../nios2-elf/lib\libstdc++.a(eh_alloc.o)
 .comment       0x00000000       0x27 c:/altera/12.1sp1/nios2eds/bin/gnu/h-i686-mingw32/bin/../lib/gcc/nios2-elf/4.1.2/../../../../nios2-elf/lib\libstdc++.a(eh_exception.o)
 .comment       0x00000000       0x27 c:/altera/12.1sp1/nios2eds/bin/gnu/h-i686-mingw32/bin/../lib/gcc/nios2-elf/4.1.2/../../../../nios2-elf/lib\libstdc++.a(eh_call.o)
 .comment       0x00000000       0x27 c:/altera/12.1sp1/nios2eds/bin/gnu/h-i686-mingw32/bin/../lib/gcc/nios2-elf/4.1.2/../../../../nios2-elf/lib\libstdc++.a(eh_globals.o)
 .comment       0x00000000       0x27 c:/altera/12.1sp1/nios2eds/bin/gnu/h-i686-mingw32/bin/../lib/gcc/nios2-elf/4.1.2/../../../../nios2-elf/lib\libstdc++.a(class_type_info.o)
 .comment       0x00000000       0x27 c:/altera/12.1sp1/nios2eds/bin/gnu/h-i686-mingw32/bin/../lib/gcc/nios2-elf/4.1.2/../../../../nios2-elf/lib\libstdc++.a(eh_unex_handler.o)
 .comment       0x00000000       0x27 c:/altera/12.1sp1/nios2eds/bin/gnu/h-i686-mingw32/bin/../lib/gcc/nios2-elf/4.1.2/../../../../nios2-elf/lib\libstdc++.a(del_op.o)
 .comment       0x00000000       0x27 c:/altera/12.1sp1/nios2eds/bin/gnu/h-i686-mingw32/bin/../lib/gcc/nios2-elf/4.1.2/../../../../nios2-elf/lib\libstdc++.a(si_class_type_info.o)
 .comment       0x00000000       0x27 c:/altera/12.1sp1/nios2eds/bin/gnu/h-i686-mingw32/bin/../lib/gcc/nios2-elf/4.1.2/../../../../nios2-elf/lib\libstdc++.a(tinfo.o)
 .comment       0x00000000       0x27 c:/altera/12.1sp1/nios2eds/bin/gnu/h-i686-mingw32/bin/../lib/gcc/nios2-elf/4.1.2\libgcc.a(lib2-divmod.o)
 .comment       0x00000000       0x27 c:/altera/12.1sp1/nios2eds/bin/gnu/h-i686-mingw32/bin/../lib/gcc/nios2-elf/4.1.2\libgcc.a(unwind-sjlj.o)