Archive member included because of file (symbol)

c:/altera/12.1/nios2eds/bin/gnu/h-i686-mingw32/bin/../lib/gcc/nios2-elf/4.1.2/../../../../nios2-elf/lib/mno-hw-mul\libstdc++.a(eh_personality.o)
                              obj/default/main.o (__gxx_personality_sj0)
c:/altera/12.1/nios2eds/bin/gnu/h-i686-mingw32/bin/../lib/gcc/nios2-elf/4.1.2/../../../../nios2-elf/lib/mno-hw-mul\libstdc++.a(eh_exception.o)
                              c:/altera/12.1/nios2eds/bin/gnu/h-i686-mingw32/bin/../lib/gcc/nios2-elf/4.1.2/../../../../nios2-elf/lib/mno-hw-mul\libstdc++.a(eh_personality.o) (vtable for std::bad_exception)
c:/altera/12.1/nios2eds/bin/gnu/h-i686-mingw32/bin/../lib/gcc/nios2-elf/4.1.2/../../../../nios2-elf/lib/mno-hw-mul\libstdc++.a(del_op.o)
                              obj/default/main.o (operator delete(void*))
c:/altera/12.1/nios2eds/bin/gnu/h-i686-mingw32/bin/../lib/gcc/nios2-elf/4.1.2/../../../../nios2-elf/lib/mno-hw-mul\libstdc++.a(eh_call.o)
                              c:/altera/12.1/nios2eds/bin/gnu/h-i686-mingw32/bin/../lib/gcc/nios2-elf/4.1.2/../../../../nios2-elf/lib/mno-hw-mul\libstdc++.a(eh_personality.o) (__cxa_call_terminate)
c:/altera/12.1/nios2eds/bin/gnu/h-i686-mingw32/bin/../lib/gcc/nios2-elf/4.1.2/../../../../nios2-elf/lib/mno-hw-mul\libstdc++.a(class_type_info.o)
                              obj/default/CarMessage.o (vtable for __cxxabiv1::__class_type_info)
c:/altera/12.1/nios2eds/bin/gnu/h-i686-mingw32/bin/../lib/gcc/nios2-elf/4.1.2/../../../../nios2-elf/lib/mno-hw-mul\libstdc++.a(new_op.o)
                              obj/default/main.o (operator new(unsigned long))
c:/altera/12.1/nios2eds/bin/gnu/h-i686-mingw32/bin/../lib/gcc/nios2-elf/4.1.2/../../../../nios2-elf/lib/mno-hw-mul\libstdc++.a(si_class_type_info.o)
                              obj/default/ADCInfoMessage.o (vtable for __cxxabiv1::__si_class_type_info)
c:/altera/12.1/nios2eds/bin/gnu/h-i686-mingw32/bin/../lib/gcc/nios2-elf/4.1.2/../../../../nios2-elf/lib/mno-hw-mul\libstdc++.a(eh_alloc.o)
                              c:/altera/12.1/nios2eds/bin/gnu/h-i686-mingw32/bin/../lib/gcc/nios2-elf/4.1.2/../../../../nios2-elf/lib/mno-hw-mul\libstdc++.a(eh_personality.o) (__cxa_allocate_exception)
c:/altera/12.1/nios2eds/bin/gnu/h-i686-mingw32/bin/../lib/gcc/nios2-elf/4.1.2/../../../../nios2-elf/lib/mno-hw-mul\libstdc++.a(tinfo.o)
                              c:/altera/12.1/nios2eds/bin/gnu/h-i686-mingw32/bin/../lib/gcc/nios2-elf/4.1.2/../../../../nios2-elf/lib/mno-hw-mul\libstdc++.a(class_type_info.o) (std::type_info::__is_pointer_p() const)
c:/altera/12.1/nios2eds/bin/gnu/h-i686-mingw32/bin/../lib/gcc/nios2-elf/4.1.2/../../../../nios2-elf/lib/mno-hw-mul\libstdc++.a(eh_throw.o)
                              c:/altera/12.1/nios2eds/bin/gnu/h-i686-mingw32/bin/../lib/gcc/nios2-elf/4.1.2/../../../../nios2-elf/lib/mno-hw-mul\libstdc++.a(eh_personality.o) (__cxa_rethrow)
c:/altera/12.1/nios2eds/bin/gnu/h-i686-mingw32/bin/../lib/gcc/nios2-elf/4.1.2/../../../../nios2-elf/lib/mno-hw-mul\libstdc++.a(eh_terminate.o)
                              c:/altera/12.1/nios2eds/bin/gnu/h-i686-mingw32/bin/../lib/gcc/nios2-elf/4.1.2/../../../../nios2-elf/lib/mno-hw-mul\libstdc++.a(eh_personality.o) (__cxxabiv1::__terminate(void (*)()))
c:/altera/12.1/nios2eds/bin/gnu/h-i686-mingw32/bin/../lib/gcc/nios2-elf/4.1.2/../../../../nios2-elf/lib/mno-hw-mul\libstdc++.a(eh_globals.o)
                              c:/altera/12.1/nios2eds/bin/gnu/h-i686-mingw32/bin/../lib/gcc/nios2-elf/4.1.2/../../../../nios2-elf/lib/mno-hw-mul\libstdc++.a(eh_personality.o) (__cxa_get_globals_fast)
c:/altera/12.1/nios2eds/bin/gnu/h-i686-mingw32/bin/../lib/gcc/nios2-elf/4.1.2/../../../../nios2-elf/lib/mno-hw-mul\libstdc++.a(eh_unex_handler.o)
                              c:/altera/12.1/nios2eds/bin/gnu/h-i686-mingw32/bin/../lib/gcc/nios2-elf/4.1.2/../../../../nios2-elf/lib/mno-hw-mul\libstdc++.a(eh_throw.o) (__cxxabiv1::__unexpected_handler)
c:/altera/12.1/nios2eds/bin/gnu/h-i686-mingw32/bin/../lib/gcc/nios2-elf/4.1.2/../../../../nios2-elf/lib/mno-hw-mul\libstdc++.a(new_handler.o)
                              c:/altera/12.1/nios2eds/bin/gnu/h-i686-mingw32/bin/../lib/gcc/nios2-elf/4.1.2/../../../../nios2-elf/lib/mno-hw-mul\libstdc++.a(new_op.o) (__new_handler)
c:/altera/12.1/nios2eds/bin/gnu/h-i686-mingw32/bin/../lib/gcc/nios2-elf/4.1.2/../../../../nios2-elf/lib/mno-hw-mul\libstdc++.a(eh_catch.o)
                              c:/altera/12.1/nios2eds/bin/gnu/h-i686-mingw32/bin/../lib/gcc/nios2-elf/4.1.2/../../../../nios2-elf/lib/mno-hw-mul\libstdc++.a(eh_personality.o) (__cxa_end_catch)
c:/altera/12.1/nios2eds/bin/gnu/h-i686-mingw32/bin/../lib/gcc/nios2-elf/4.1.2/../../../../nios2-elf/lib/mno-hw-mul\libstdc++.a(eh_term_handler.o)
                              c:/altera/12.1/nios2eds/bin/gnu/h-i686-mingw32/bin/../lib/gcc/nios2-elf/4.1.2/../../../../nios2-elf/lib/mno-hw-mul\libstdc++.a(eh_throw.o) (__cxxabiv1::__terminate_handler)
[...]
Memory Configuration

Name             Origin             Length             Attributes
reset            0x02000000         0x00000020
sdram            0x02000020         0x01ffffe0
epcs             0x04000000         0x00000800
*default*        0x00000000         0xffffffff

Linker script and memory map

LOAD ../Car2X_nanoMotorCtrl_bsp/obj/HAL/src/crt0.o
LOAD obj/default/etc/utility.o
LOAD obj/default/external_drivers/accelerometer_interface.o
LOAD obj/default/external_drivers/adc_interface.o
LOAD obj/default/external_drivers/eth_uart.o
LOAD obj/default/external_drivers/motor_pwm.o
LOAD obj/default/external_drivers/ultrasound_interface.o
LOAD obj/default/main.o
LOAD obj/default/pidcontroller.o
LOAD obj/default/terasic_lib/I2C.o
LOAD obj/default/terasic_lib/accelerometer_adxl345_spi.o
LOAD obj/default/terasic_lib/adc_spi_read.o
LOAD obj/default/terasic_lib/terasic_spi.o
LOAD obj/default/ADCInfoMessage.o
LOAD obj/default/ADCValuesMessage.o
LOAD obj/default/AccelerationValuesMessage.o
LOAD obj/default/CControlMessage.o
LOAD obj/default/CEmergencyBrakeMessage.o
LOAD obj/default/CInfoSensorMessage.o
LOAD obj/default/CInfoStateMessage.o
LOAD obj/default/CRemoteControlMessage.o
LOAD obj/default/CarMessage.o
LOAD obj/default/CarProtocol.o
LOAD obj/default/MotorMeasurementMessage.o
LOAD obj/default/MotorVelocityMessage.o
LOAD obj/default/UltrasoundDistanceMessage.o
LOAD obj/default/WelcomeMessage.o
LOAD c:/altera/12.1/nios2eds/bin/gnu/h-i686-mingw32/bin/../lib/gcc/nios2-elf/4.1.2/../../../../nios2-elf/lib/mno-hw-mul\libstdc++.a
LOAD c:/altera/12.1/nios2eds/bin/gnu/h-i686-mingw32/bin/../lib/gcc/nios2-elf/4.1.2/../../../../nios2-elf/lib/mno-hw-mul\libm.a
LOAD c:/altera/12.1/nios2eds/bin/gnu/h-i686-mingw32/bin/../lib/gcc/nios2-elf/4.1.2/mno-hw-mul\libgcc.a
START GROUP
LOAD c:/altera/12.1/nios2eds/bin/gnu/h-i686-mingw32/bin/../lib/gcc/nios2-elf/4.1.2/../../../../nios2-elf/lib/mno-hw-mul\libc.a
LOAD c:/altera/12.1/nios2eds/bin/gnu/h-i686-mingw32/bin/../lib/gcc/nios2-elf/4.1.2/mno-hw-mul\libgcc.a
LOAD ../Car2X_nanoMotorCtrl_bsp\libhal_bsp.a
END GROUP
LOAD c:/altera/12.1/nios2eds/bin/gnu/h-i686-mingw32/bin/../lib/gcc/nios2-elf/4.1.2/mno-hw-mul\libgcc.a
                0x02000000                __alt_mem_sdram = 0x2000000
                0x04000000                __alt_mem_epcs = 0x4000000

.entry          0x02000000       0x20
 *(.entry)
 .entry         0x02000000       0x20 ../Car2X_nanoMotorCtrl_bsp/obj/HAL/src/crt0.o
                0x02000000                __reset

.exceptions     0x02000020      0x198
                0x02000020                PROVIDE (__ram_exceptions_start, ABSOLUTE (.))
                0x02000020                . = ALIGN (0x20)
 *(.irq)
 *(.exceptions.entry.label)
 .exceptions.entry.label
                0x02000020        0x0 ../Car2X_nanoMotorCtrl_bsp\libhal_bsp.a(alt_irq_entry.o)
                0x02000020                alt_irq_entry
 .exceptions.entry.label
                0x02000020        0x0 ../Car2X_nanoMotorCtrl_bsp\libhal_bsp.a(alt_exception_entry.o)
                0x02000020                alt_exception
 *(.exceptions.entry.user)
 *(.exceptions.entry)
 .exceptions.entry
                0x02000020       0x54 ../Car2X_nanoMotorCtrl_bsp\libhal_bsp.a(alt_exception_entry.o)
 *(.exceptions.irqtest.user)
 *(.exceptions.irqtest)
 .exceptions.irqtest
                0x02000074       0x10 ../Car2X_nanoMotorCtrl_bsp\libhal_bsp.a(alt_irq_entry.o)
 *(.exceptions.irqhandler.user)
 *(.exceptions.irqhandler)
 .exceptions.irqhandler
                0x02000084        0x4 ../Car2X_nanoMotorCtrl_bsp\libhal_bsp.a(alt_irq_entry.o)
 *(.exceptions.irqreturn.user)
 *(.exceptions.irqreturn)
 .exceptions.irqreturn
                0x02000088        0x4 ../Car2X_nanoMotorCtrl_bsp\libhal_bsp.a(alt_irq_entry.o)
 *(.exceptions.notirq.label)
 .exceptions.notirq.label
                0x0200008c        0x0 ../Car2X_nanoMotorCtrl_bsp\libhal_bsp.a(alt_irq_entry.o)
 *(.exceptions.notirq.user)
 *(.exceptions.notirq)
 .exceptions.notirq
                0x0200008c        0x8 ../Car2X_nanoMotorCtrl_bsp\libhal_bsp.a(alt_exception_entry.o)
 *(.exceptions.soft.user)
 *(.exceptions.soft)
 *(.exceptions.unknown.user)
 *(.exceptions.unknown)
 .exceptions.unknown
                0x02000094        0x4 ../Car2X_nanoMotorCtrl_bsp\libhal_bsp.a(alt_exception_entry.o)
 *(.exceptions.exit.label)
 .exceptions.exit.label
                0x02000098        0x0 ../Car2X_nanoMotorCtrl_bsp\libhal_bsp.a(alt_irq_entry.o)
 .exceptions.exit.label
                0x02000098        0x0 ../Car2X_nanoMotorCtrl_bsp\libhal_bsp.a(alt_exception_entry.o)
 *(.exceptions.exit.user)
 *(.exceptions.exit)
 .exceptions.exit
                0x02000098       0x54 ../Car2X_nanoMotorCtrl_bsp\libhal_bsp.a(alt_exception_entry.o)
 *(.exceptions)
 .exceptions    0x020000ec       0xcc ../Car2X_nanoMotorCtrl_bsp\libhal_bsp.a(alt_irq_handler.o)
                0x020000ec                alt_irq_handler
                0x020001b8                PROVIDE (__ram_exceptions_end, ABSOLUTE (.))
                0x02000020                PROVIDE (__flash_exceptions_start, LOADADDR (.exceptions))

.text           0x020001b8    0x12434
                0x020001b8                PROVIDE (stext, ABSOLUTE (.))
 *(.interp)
 *(.hash)
 *(.dynsym)
 *(.dynstr)
 *(.gnu.version)
 *(.gnu.version_d)
 *(.gnu.version_r)
 *(.rel.init)
 *(.rela.init)
 *(.rel.text .rel.text.* .rel.gnu.linkonce.t.*)
 *(.rela.text .rela.text.* .rela.gnu.linkonce.t.*)
 *(.rel.fini)
 *(.rela.fini)
 *(.rel.rodata .rel.rodata.* .rel.gnu.linkonce.r.*)
 *(.rela.rodata .rela.rodata.* .rela.gnu.linkonce.r.*)
 *(.rel.data .rel.data.* .rel.gnu.linkonce.d.*)
 *(.rela.data .rela.data.* .rela.gnu.linkonce.d.*)
 *(.rel.tdata .rel.tdata.* .rel.gnu.linkonce.td.*)
 *(.rela.tdata .rela.tdata.* .rela.gnu.linkonce.td.*)
 *(.rel.tbss .rel.tbss.* .rel.gnu.linkonce.tb.*)
 *(.rela.tbss .rela.tbss.* .rela.gnu.linkonce.tb.*)
 *(.rel.ctors)
 *(.rela.ctors)
 *(.rel.dtors)
 *(.rela.dtors)
 *(.rel.got)
 *(.rela.got)
 *(.rel.sdata .rel.sdata.* .rel.gnu.linkonce.s.*)
 *(.rela.sdata .rela.sdata.* .rela.gnu.linkonce.s.*)
 *(.rel.sbss .rel.sbss.* .rel.gnu.linkonce.sb.*)
 *(.rela.sbss .rela.sbss.* .rela.gnu.linkonce.sb.*)
 *(.rel.sdata2 .rel.sdata2.* .rel.gnu.linkonce.s2.*)
 *(.rela.sdata2 .rela.sdata2.* .rela.gnu.linkonce.s2.*)
 *(.rel.sbss2 .rel.sbss2.* .rel.gnu.linkonce.sb2.*)
 *(.rela.sbss2 .rela.sbss2.* .rela.gnu.linkonce.sb2.*)
 *(.rel.bss .rel.bss.* .rel.gnu.linkonce.b.*)
 *(.rela.bss .rela.bss.* .rela.gnu.linkonce.b.*)
 *(.rel.plt)
 *(.rela.plt)
 *(.rel.dyn)
 *(.init)
 *(.plt)
 *(.text .stub .text.* .gnu.linkonce.t.*)
 .text          0x020001b8       0x3c ../Car2X_nanoMotorCtrl_bsp/obj/HAL/src/crt0.o
                0x020001b8                _start
 .text          0x020001f4      0x104 obj/default/etc/utility.o
                0x020001f4                delay(unsigned int)
                0x02000248                swapEndianess(unsigned char*, unsigned long)
 .text          0x020002f8      0x11c obj/default/external_drivers/accelerometer_interface.o
                0x020002f8                getAcceleration(short*)
 .text          0x02000414      0x204 obj/default/external_drivers/adc_interface.o
                0x02000414                ReadADCChannels(unsigned char*, unsigned char, unsigned long*)
 .text          0x02000618      0x3ec obj/default/external_drivers/eth_uart.o
                0x02000618                CEth_UART_Socket::~CEth_UART_Socket()
                0x02000638                CEth_UART_Socket::~CEth_UART_Socket()
                0x02000658                CEth_UART_Socket::Reset()
                0x02000684                CEth_UART_Socket::ReceiveImmediate(unsigned char*, unsigned long)
                0x02000758                CEth_UART_Socket::Receive(unsigned char*, unsigned long, unsigned long)
                0x02000884                CEth_UART_Socket::Send(unsigned char*, unsigned long)
                0x0200097c                CEth_UART_Socket::CEth_UART_Socket()
                0x020009c0                CEth_UART_Socket::CEth_UART_Socket()
 .text          0x02000a04      0x314 obj/default/external_drivers/motor_pwm.o
                0x02000a04                motor_setting(unsigned long, unsigned long, unsigned long, unsigned long, unsigned long, unsigned long)
                0x02000b08                setSpeed(long)
                0x02000b98                measureSpeedUnblocking()
                0x02000c58                measureSpeed()
 .text          0x02000d18      0x104 obj/default/external_drivers/ultrasound_interface.o
                0x02000d18                measuredistance(unsigned long)
 .text          0x02000e1c     0x11ec obj/default/main.o
                0x02000e1c                alarm_callback(void*)
                0x02000e48                waitForEndOfCycle()
                0x02000ea4                setUpPIController()
                0x02001328                waitForNextPacket()
                0x020016e4                controlSpeed()
                0x0200180c                sendWelcome()
                0x02001c7c                init()
                0x02001dc4                main
 .text._ZNK21CMotorVelocityMessage16getIDesiredSpeedEv
                0x02002008       0x34 obj/default/main.o
                0x02002008                CMotorVelocityMessage::getIDesiredSpeed() const
 .text          0x0200203c      0x318 obj/default/pidcontroller.o
                0x0200203c                CPIController::CPIController(long, long, long, long)
                0x020020ac                CPIController::CPIController(long, long, long, long)
                0x0200211c                CPIController::~CPIController()
                0x0200213c                CPIController::~CPIController()
                0x0200215c                CPIController::control(long)
                0x020022cc                CPIController::changeController(long, long)
                0x0200230c                CPIController::getController(long*, long*)
 .text          0x02002354      0xb44 obj/default/terasic_lib/I2C.o
                0x02002354                i2c_stop(unsigned long, unsigned long)
                0x020023cc                i2c_start(unsigned long, unsigned long)
                0x02002454                i2c_read(unsigned long, unsigned long, unsigned char*, bool)
                0x020025a8                i2c_write(unsigned long, unsigned long, unsigned char)
                0x020026c8                I2C_MultipleRead(unsigned long, unsigned long, signed char, unsigned char, unsigned char*, unsigned short)
                0x02002894                I2C_MultipleWrite(unsigned long, unsigned long, signed char, unsigned char, unsigned char*, unsigned short)
                0x020029e0                I2C_Read(unsigned long, unsigned long, signed char, unsigned char, unsigned char*)
                0x02002b54                I2C_Write(unsigned long, unsigned long, signed char, unsigned char, unsigned char)
                0x02002c9c                i2c_data_verify(unsigned long, unsigned long, unsigned char)
                0x02002e14                I2C_Verify(unsigned long, unsigned long, unsigned long)
 .text          0x02002e98      0x324 obj/default/terasic_lib/accelerometer_adxl345_spi.o
                0x02002e98                ADXL345_SPI_IdRead(unsigned long, unsigned char*)
                0x02002edc                ADXL345_SPI_IsDataReady(unsigned long)
                0x02002f48                ADXL345_SPI_XYZ_Read(unsigned long, unsigned short*)
                0x02003014                ADXL345_SPI_Init(unsigned long)
                0x020030e4                ADXL345_SPI_WaitDataReady(unsigned long)
 .text          0x020031bc      0x118 obj/default/terasic_lib/adc_spi_read.o
                0x020031bc                ADC_Read(unsigned char)
 .text          0x020032d4      0x3c4 obj/default/terasic_lib/terasic_spi.o
                0x020032d4                SPI_Init(unsigned long)
                0x02003320                SPI_MultipleRead(unsigned long, unsigned char, unsigned char*, unsigned char)
                0x020034a4                SPI_Read(unsigned long, unsigned char, unsigned char*)
                0x020034ec                SPI_MultipleWrite(unsigned long, unsigned char, unsigned char*, unsigned char)
                0x02003650                SPI_Write(unsigned long, unsigned char, unsigned char)
 .text          0x02003698      0xb90 obj/default/ADCInfoMessage.o
                0x02003698                CADCInfoMessage::doAction()
                0x020036b8                CADCInfoMessage::answerMessage(unsigned char, unsigned char*, unsigned char*)
                0x02003830                CADCInfoMessage::getLength()
                0x02003854                CADCInfoMessage::parseMessage(unsigned char*, int)
                0x020039e4                CADCInfoMessage::getBytes(unsigned char*)
                0x02003ba0                CADCInfoMessage::~CADCInfoMessage()
                0x02003bf8                CADCInfoMessage::~CADCInfoMessage()
                0x02003c50                CADCInfoMessage::~CADCInfoMessage()
                0x02003ca8                CADCInfoMessage::CADCInfoMessage(unsigned char*, int)
                0x02003e04                CADCInfoMessage::CADCInfoMessage(unsigned char*, int)
                0x02003f60                CADCInfoMessage::CADCInfoMessage(unsigned char*)
                0x020040c4                CADCInfoMessage::CADCInfoMessage(unsigned char*)
 .text          0x02004228      0x914 obj/default/ADCValuesMessage.o
                0x02004228                CADCValuesMessage::doAction()
                0x02004248                CADCValuesMessage::answerMessage(unsigned char*, unsigned short*)
                0x020042ac                CADCValuesMessage::getLength()
                0x020042d0                CADCValuesMessage::parseMessage(unsigned char*, int)
                0x020043b0                CADCValuesMessage::getBytes(unsigned char*)
                0x020044c4                CADCValuesMessage::~CADCValuesMessage()
                0x0200451c                CADCValuesMessage::~CADCValuesMessage()
                0x02004574                CADCValuesMessage::~CADCValuesMessage()
                0x020045cc                CADCValuesMessage::CADCValuesMessage(unsigned char*, int)
                0x02004728                CADCValuesMessage::CADCValuesMessage(unsigned char*, int)
                0x02004884                CADCValuesMessage::CADCValuesMessage(unsigned char*)
                0x020049e0                CADCValuesMessage::CADCValuesMessage(unsigned char*)
 .text          0x02004b3c      0xa48 obj/default/AccelerationValuesMessage.o
                0x02004b3c                CAccelerationValuesMessage::answerMessage(short, short, short, unsigned char)
                0x02004bb8                CAccelerationValuesMessage::getLength()
                0x02004bdc                CAccelerationValuesMessage::parseMessage(unsigned char*, int)
                0x02004cd4                CAccelerationValuesMessage::getBytes(unsigned char*)
                0x02004e58                CAccelerationValuesMessage::doAction()
                0x02004f1c                CAccelerationValuesMessage::~CAccelerationValuesMessage()
                0x02004f74                CAccelerationValuesMessage::~CAccelerationValuesMessage()
                0x02004fcc                CAccelerationValuesMessage::~CAccelerationValuesMessage()
                0x02005024                CAccelerationValuesMessage::CAccelerationValuesMessage(unsigned char*, int)
                0x02005180                CAccelerationValuesMessage::CAccelerationValuesMessage(unsigned char*, int)
                0x020052dc                CAccelerationValuesMessage::CAccelerationValuesMessage()
                0x02005430                CAccelerationValuesMessage::CAccelerationValuesMessage()
 .text          0x02005584      0x5b4 obj/default/CControlMessage.o
                0x02005584                CControlMessage::answerMessage(bool)
                0x020055a8                CControlMessage::doAction()
                0x020055c8                CControlMessage::getBytes(unsigned char*)
                0x020055f0                CControlMessage::getLength()
                0x02005614                CControlMessage::parseMessage(unsigned char*, int)
                0x020056f8                CControlMessage::~CControlMessage()
                0x02005750                CControlMessage::~CControlMessage()
                0x020057a8                CControlMessage::~CControlMessage()
                0x02005800                CControlMessage::CControlMessage()
                0x02005840                CControlMessage::CControlMessage()
                0x02005880                CControlMessage::CControlMessage(unsigned char*, int)
                0x020059dc                CControlMessage::CControlMessage(unsigned char*, int)
 .text          0x02005b38      0x490 obj/default/CEmergencyBrakeMessage.o
                0x02005b38                CEmergencyBrakeMessage::answerMessage(bool)
                0x02005b5c                CEmergencyBrakeMessage::doAction()
                0x02005b7c                CEmergencyBrakeMessage::getBytes(unsigned char*)
                0x02005ba4                CEmergencyBrakeMessage::getLength()
                0x02005bc8                CEmergencyBrakeMessage::parseMessage(unsigned char*, int)
                0x02005bf0                CEmergencyBrakeMessage::~CEmergencyBrakeMessage()
                0x02005c48                CEmergencyBrakeMessage::~CEmergencyBrakeMessage()
                0x02005ca0                CEmergencyBrakeMessage::~CEmergencyBrakeMessage()
                0x02005cf8                CEmergencyBrakeMessage::CEmergencyBrakeMessage()
                0x02005d38                CEmergencyBrakeMessage::CEmergencyBrakeMessage()
                0x02005d78                CEmergencyBrakeMessage::CEmergencyBrakeMessage(unsigned char*, int)
                0x02005ea0                CEmergencyBrakeMessage::CEmergencyBrakeMessage(unsigned char*, int)
 .text          0x02005fc8      0x490 obj/default/CInfoSensorMessage.o
                0x02005fc8                CInfoSensorMessage::answerMessage(bool)
                0x02005fec                CInfoSensorMessage::doAction()
                0x0200600c                CInfoSensorMessage::getBytes(unsigned char*)
                0x02006034                CInfoSensorMessage::getLength()
                0x02006058                CInfoSensorMessage::parseMessage(unsigned char*, int)
                0x02006080                CInfoSensorMessage::~CInfoSensorMessage()
                0x020060d8                CInfoSensorMessage::~CInfoSensorMessage()
                0x02006130                CInfoSensorMessage::~CInfoSensorMessage()
                0x02006188                CInfoSensorMessage::CInfoSensorMessage()
                0x020061c8                CInfoSensorMessage::CInfoSensorMessage()
                0x02006208                CInfoSensorMessage::CInfoSensorMessage(unsigned char*, int)
                0x02006330                CInfoSensorMessage::CInfoSensorMessage(unsigned char*, int)
 .text          0x02006458      0x490 obj/default/CInfoStateMessage.o
                0x02006458                CInfoStateMessage::answerMessage(bool)
                0x0200647c                CInfoStateMessage::doAction()
                0x0200649c                CInfoStateMessage::getBytes(unsigned char*)
                0x020064c4                CInfoStateMessage::getLength()
                0x020064e8                CInfoStateMessage::parseMessage(unsigned char*, int)
                0x02006510                CInfoStateMessage::~CInfoStateMessage()
                0x02006568                CInfoStateMessage::~CInfoStateMessage()
                0x020065c0                CInfoStateMessage::~CInfoStateMessage()
                0x02006618                CInfoStateMessage::CInfoStateMessage()
                0x02006658                CInfoStateMessage::CInfoStateMessage()
                0x02006698                CInfoStateMessage::CInfoStateMessage(unsigned char*, int)
                0x020067c0                CInfoStateMessage::CInfoStateMessage(unsigned char*, int)
 .text          0x020068e8      0x550 obj/default/CRemoteControlMessage.o
                0x020068e8                CRemoteControlMessage::answerMessage(bool)
                0x0200690c                CRemoteControlMessage::doAction()
                0x0200692c                CRemoteControlMessage::getBytes(unsigned char*)
                0x02006954                CRemoteControlMessage::getLength()
                0x02006978                CRemoteControlMessage::parseMessage(unsigned char*, int)
                0x020069f8                CRemoteControlMessage::~CRemoteControlMessage()
                0x02006a50                CRemoteControlMessage::~CRemoteControlMessage()
                0x02006aa8                CRemoteControlMessage::~CRemoteControlMessage()
                0x02006b00                CRemoteControlMessage::CRemoteControlMessage()
                0x02006b40                CRemoteControlMessage::CRemoteControlMessage()
                0x02006b80                CRemoteControlMessage::CRemoteControlMessage(unsigned char*, int)
                0x02006cdc                CRemoteControlMessage::CRemoteControlMessage(unsigned char*, int)
 .text          0x02006e38      0x614 obj/default/CarMessage.o
                0x02006e38                CCarMessage::CCarMessage()
                0x02006e70                CCarMessage::CCarMessage()
                0x02006ea8                CCarMessage::doAction()
                0x02006ec8                CCarMessage::getBytes(unsigned char*)
                0x02006f64                CCarMessage::getLength()
                0x02006f88                CCarMessage::getType()
                0x02006fb4                CCarMessage::getSubType()
                0x02006fe0                CCarMessage::isValid()
                0x0200700c                CCarMessage::setHeader(unsigned char, unsigned char, bool)
                0x02007070                CCarMessage::CCarMessage(unsigned char, unsigned char, bool)
                0x020070c8                CCarMessage::CCarMessage(unsigned char, unsigned char, bool)
                0x02007120                CCarMessage::setHeader(unsigned char, unsigned char, unsigned char, bool)
                0x02007190                CCarMessage::parseHeader(unsigned char*, int)
                0x0200721c                CCarMessage::CCarMessage(unsigned char*, int)
                0x02007274                CCarMessage::CCarMessage(unsigned char*, int)
                0x020072cc                CCarMessage::writeHeaderToBuffer(unsigned char*, int)
                0x0200735c                CCarMessage::~CCarMessage()
                0x020073ac                CCarMessage::~CCarMessage()
                0x020073fc                CCarMessage::~CCarMessage()
 .text          0x0200744c     0x17c4 obj/default/CarProtocol.o
                0x0200744c                CCarProtocol::CCarProtocol(unsigned short, CCarMessage**, unsigned long)
                0x0200750c                CCarProtocol::CCarProtocol(unsigned short, CCarMessage**, unsigned long)
                0x020075cc                CCarProtocol::isValid()
                0x020075f8                CCarProtocol::getLength()
                0x020076a8                CCarProtocol::getNthMessage(unsigned long)
                0x02007708                CCarProtocol::getMessageCount()
                0x02007730                CCarProtocol::getBytes(unsigned char*)
                0x0200793c                CCarProtocol::~CCarProtocol()
                0x02007a5c                CCarProtocol::~CCarProtocol()
                0x02007b7c                CCarProtocol::~CCarProtocol()
                0x02007c9c                CCarProtocol::parsePacket(unsigned char*, int)
                0x02008b50                CCarProtocol::CCarProtocol(unsigned char*, int)
                0x02008bb0                CCarProtocol::CCarProtocol(unsigned char*, int)
 .text          0x02008c10      0x9e0 obj/default/MotorMeasurementMessage.o
                0x02008c10                CMotorMeasurementMessage::doAction()
                0x02008c30                CMotorMeasurementMessage::getLength()
                0x02008c54                CMotorMeasurementMessage::answerMessage(short, unsigned short, short, short, short)
                0x02008ce4                CMotorMeasurementMessage::getBytes(unsigned char*)
                0x02008e18                CMotorMeasurementMessage::parseMessage(unsigned char*, int)
                0x02008f50                CMotorMeasurementMessage::~CMotorMeasurementMessage()
                0x02008fa8                CMotorMeasurementMessage::~CMotorMeasurementMessage()
                0x02009000                CMotorMeasurementMessage::~CMotorMeasurementMessage()
                0x02009058                CMotorMeasurementMessage::CMotorMeasurementMessage(unsigned char*, int)
                0x020091b4                CMotorMeasurementMessage::CMotorMeasurementMessage(unsigned char*, int)
                0x02009310                CMotorMeasurementMessage::CMotorMeasurementMessage()
                0x02009480                CMotorMeasurementMessage::CMotorMeasurementMessage()
 .text          0x020095f0      0x824 obj/default/MotorVelocityMessage.o
                0x020095f0                CMotorVelocityMessage::doAction()
                0x02009610                CMotorVelocityMessage::getLength()
                0x02009634                CMotorVelocityMessage::answerMessage(short)
                0x0200967c                CMotorVelocityMessage::parseMessage(unsigned char*, int)
                0x02009710                CMotorVelocityMessage::getBytes(unsigned char*)
                0x020097a4                CMotorVelocityMessage::~CMotorVelocityMessage()
                0x020097fc                CMotorVelocityMessage::~CMotorVelocityMessage()
                0x02009854                CMotorVelocityMessage::~CMotorVelocityMessage()
                0x020098ac                CMotorVelocityMessage::CMotorVelocityMessage(unsigned char*, int)
                0x02009a08                CMotorVelocityMessage::CMotorVelocityMessage(unsigned char*, int)
                0x02009b64                CMotorVelocityMessage::CMotorVelocityMessage(short)
                0x02009cbc                CMotorVelocityMessage::CMotorVelocityMessage(short)
 .text          0x02009e14      0x888 obj/default/UltrasoundDistanceMessage.o
                0x02009e14                CUltrasoundDistanceMessage::answerMessage(long)
                0x02009e84                CUltrasoundDistanceMessage::getLength()
                0x02009ea8                CUltrasoundDistanceMessage::parseMessage(unsigned char*, int)
                0x02009f3c                CUltrasoundDistanceMessage::getBytes(unsigned char*)
                0x02009ff8                CUltrasoundDistanceMessage::doAction()
                0x0200a03c                CUltrasoundDistanceMessage::~CUltrasoundDistanceMessage()
                0x0200a094                CUltrasoundDistanceMessage::~CUltrasoundDistanceMessage()
                0x0200a0ec                CUltrasoundDistanceMessage::~CUltrasoundDistanceMessage()
                0x0200a144                CUltrasoundDistanceMessage::CUltrasoundDistanceMessage(unsigned char*, int)
                0x0200a2a0                CUltrasoundDistanceMessage::CUltrasoundDistanceMessage(unsigned char*, int)
                0x0200a3fc                CUltrasoundDistanceMessage::CUltrasoundDistanceMessage()
                0x0200a54c                CUltrasoundDistanceMessage::CUltrasoundDistanceMessage()
 .text          0x0200a69c      0x9c8 obj/default/WelcomeMessage.o
                0x0200a69c                CWelcomeMessage::doAction()
                0x0200a6bc                CWelcomeMessage::getLength()
                0x0200a6e0                CWelcomeMessage::parseMessage(unsigned char*, int)
                0x0200a7b4                CWelcomeMessage::answerMessage(unsigned char)
                0x0200a860                CWelcomeMessage::getBytes(unsigned char*)
                0x0200a93c                CWelcomeMessage::~CWelcomeMessage()
                0x0200a994                CWelcomeMessage::~CWelcomeMessage()
                0x0200a9ec                CWelcomeMessage::~CWelcomeMessage()
                0x0200aa44                CWelcomeMessage::CWelcomeMessage(unsigned char, unsigned char, unsigned char, unsigned char*)
                0x0200abf8                CWelcomeMessage::CWelcomeMessage(unsigned char, unsigned char, unsigned char, unsigned char*)
                0x0200adac                CWelcomeMessage::CWelcomeMessage(unsigned char*, int)
                0x0200af08                CWelcomeMessage::CWelcomeMessage(unsigned char*, int)
 .text          0x0200b064      0xbec c:/altera/12.1/nios2eds/bin/gnu/h-i686-mingw32/bin/../lib/gcc/nios2-elf/4.1.2/../../../../nios2-elf/lib/mno-hw-mul\libstdc++.a(eh_personality.o)
                0x0200b5f0                __cxa_call_unexpected
                0x0200b770                __gxx_personality_sj0
 .text          0x0200bc50       0x94 c:/altera/12.1/nios2eds/bin/gnu/h-i686-mingw32/bin/../lib/gcc/nios2-elf/4.1.2/../../../../nios2-elf/lib/mno-hw-mul\libstdc++.a(eh_exception.o)
                0x0200bc50                std::exception::what() const
                0x0200bc60                std::exception::~exception()
                0x0200bc70                std::exception::~exception()
                0x0200bc80                std::exception::~exception()
                0x0200bc90                std::bad_exception::~bad_exception()
                0x0200bcc4                std::bad_exception::~bad_exception()
                0x0200bcd4                std::bad_exception::~bad_exception()
 .text          0x0200bce4        0xc c:/altera/12.1/nios2eds/bin/gnu/h-i686-mingw32/bin/../lib/gcc/nios2-elf/4.1.2/../../../../nios2-elf/lib/mno-hw-mul\libstdc++.a(del_op.o)
                0x0200bce4                operator delete(void*)
 .text          0x0200bcf0       0x44 c:/altera/12.1/nios2eds/bin/gnu/h-i686-mingw32/bin/../lib/gcc/nios2-elf/4.1.2/../../../../nios2-elf/lib/mno-hw-mul\libstdc++.a(eh_call.o)
                0x0200bcf0                __cxa_call_terminate
 .text          0x0200bd34      0x1bc c:/altera/12.1/nios2eds/bin/gnu/h-i686-mingw32/bin/../lib/gcc/nios2-elf/4.1.2/../../../../nios2-elf/lib/mno-hw-mul\libstdc++.a(class_type_info.o)
                0x0200bd34                __cxxabiv1::__class_type_info::__do_upcast(__cxxabiv1::__class_type_info const*, void**) const
                0x0200bda0                __cxxabiv1::__class_type_info::__do_find_public_src(long, void const*, __cxxabiv1::__class_type_info const*, void const*) const
                0x0200bdc0                __cxxabiv1::__class_type_info::~__class_type_info()
                0x0200bdf4                __cxxabiv1::__class_type_info::~__class_type_info()
                0x0200be04                __cxxabiv1::__class_type_info::~__class_type_info()
                0x0200be14                __cxxabiv1::__class_type_info::__do_catch(std::type_info const*, void**, unsigned int) const
                0x0200be74                __cxxabiv1::__class_type_info::__do_upcast(__cxxabiv1::__class_type_info const*, void const*, __cxxabiv1::__class_type_info::__upcast_result&) const
                0x0200bea4                __cxxabiv1::__class_type_info::__do_dyncast(long, __cxxabiv1::__class_type_info::__sub_kind, __cxxabiv1::__class_type_info const*, void const*, __cxxabiv1::__class_type_info const*, void const*, __cxxabiv1::__class_type_info::__dyncast_result&) const
 .text          0x0200bef0      0x100 c:/altera/12.1/nios2eds/bin/gnu/h-i686-mingw32/bin/../lib/gcc/nios2-elf/4.1.2/../../../../nios2-elf/lib/mno-hw-mul\libstdc++.a(new_op.o)
                0x0200bef0                operator new(unsigned long)
 .text          0x0200bff0      0x1c8 c:/altera/12.1/nios2eds/bin/gnu/h-i686-mingw32/bin/../lib/gcc/nios2-elf/4.1.2/../../../../nios2-elf/lib/mno-hw-mul\libstdc++.a(si_class_type_info.o)
                0x0200bff0                __cxxabiv1::__si_class_type_info::__do_upcast(__cxxabiv1::__class_type_info const*, void const*, __cxxabiv1::__class_type_info::__upcast_result&) const
                0x0200c068                __cxxabiv1::__si_class_type_info::~__si_class_type_info()
                0x0200c09c                __cxxabiv1::__si_class_type_info::~__si_class_type_info()
                0x0200c0ac                __cxxabiv1::__si_class_type_info::~__si_class_type_info()
                0x0200c0bc                __cxxabiv1::__si_class_type_info::__do_find_public_src(long, void const*, __cxxabiv1::__class_type_info const*, void const*) const
                0x0200c0f0                __cxxabiv1::__si_class_type_info::__do_dyncast(long, __cxxabiv1::__class_type_info::__sub_kind, __cxxabiv1::__class_type_info const*, void const*, __cxxabiv1::__class_type_info const*, void const*, __cxxabiv1::__class_type_info::__dyncast_result&) const
 .text          0x0200c1b8      0x174 c:/altera/12.1/nios2eds/bin/gnu/h-i686-mingw32/bin/../lib/gcc/nios2-elf/4.1.2/../../../../nios2-elf/lib/mno-hw-mul\libstdc++.a(eh_alloc.o)
                0x0200c1b8                __cxa_free_exception
                0x0200c1f8                __cxa_allocate_exception
 .text          0x0200c32c       0x58 c:/altera/12.1/nios2eds/bin/gnu/h-i686-mingw32/bin/../lib/gcc/nios2-elf/4.1.2/../../../../nios2-elf/lib/mno-hw-mul\libstdc++.a(tinfo.o)
                0x0200c32c                std::type_info::__is_pointer_p() const
                0x0200c334                std::type_info::__is_function_p() const
                0x0200c33c                std::type_info::__do_catch(std::type_info const*, void**, unsigned int) const
                0x0200c34c                std::type_info::__do_upcast(__cxxabiv1::__class_type_info const*, void**) const
                0x0200c354                std::type_info::~type_info()
                0x0200c364                std::type_info::~type_info()
                0x0200c374                std::type_info::~type_info()
 .text          0x0200c384      0x148 c:/altera/12.1/nios2eds/bin/gnu/h-i686-mingw32/bin/../lib/gcc/nios2-elf/4.1.2/../../../../nios2-elf/lib/mno-hw-mul\libstdc++.a(eh_throw.o)
                0x0200c384                __cxa_rethrow
                0x0200c3f8                __cxa_throw
 .text          0x0200c4cc      0x10c c:/altera/12.1/nios2eds/bin/gnu/h-i686-mingw32/bin/../lib/gcc/nios2-elf/4.1.2/../../../../nios2-elf/lib/mno-hw-mul\libstdc++.a(eh_terminate.o)
                0x0200c4cc                std::set_terminate(void (*)())
                0x0200c4e0                std::set_unexpected(void (*)())
                0x0200c4f4                __cxxabiv1::__terminate(void (*)())
                0x0200c598                std::terminate()
                0x0200c5b0                __cxxabiv1::__unexpected(void (*)())
                0x0200c5c0                std::unexpected()
 .text          0x0200c5d8       0x10 c:/altera/12.1/nios2eds/bin/gnu/h-i686-mingw32/bin/../lib/gcc/nios2-elf/4.1.2/../../../../nios2-elf/lib/mno-hw-mul\libstdc++.a(eh_globals.o)
                0x0200c5d8                __cxa_get_globals_fast
                0x0200c5e0                __cxa_get_globals
 .text          0x0200c5e8        0x0 c:/altera/12.1/nios2eds/bin/gnu/h-i686-mingw32/bin/../lib/gcc/nios2-elf/4.1.2/../../../../nios2-elf/lib/mno-hw-mul\libstdc++.a(eh_unex_handler.o)
 .text          0x0200c5e8       0x60 c:/altera/12.1/nios2eds/bin/gnu/h-i686-mingw32/bin/../lib/gcc/nios2-elf/4.1.2/../../../../nios2-elf/lib/mno-hw-mul\libstdc++.a(new_handler.o)
                0x0200c5e8                std::set_new_handler(void (*)())
                0x0200c5f4                std::bad_alloc::~bad_alloc()
                0x0200c628                std::bad_alloc::~bad_alloc()
                0x0200c638                std::bad_alloc::~bad_alloc()
 .text          0x0200c648      0x1e4 c:/altera/12.1/nios2eds/bin/gnu/h-i686-mingw32/bin/../lib/gcc/nios2-elf/4.1.2/../../../../nios2-elf/lib/mno-hw-mul\libstdc++.a(eh_catch.o)
                0x0200c648                __cxa_get_exception_ptr
                0x0200c650                std::uncaught_exception()
                0x0200c670                __cxa_end_catch
                0x0200c714                __cxa_begin_catch
 .text          0x0200c82c        0x0 c:/altera/12.1/nios2eds/bin/gnu/h-i686-mingw32/bin/../lib/gcc/nios2-elf/4.1.2/../../../../nios2-elf/lib/mno-hw-mul\libstdc++.a(eh_term_handler.o)
 .text          0x0200c82c      0x718 c:/altera/12.1/nios2eds/bin/gnu/h-i686-mingw32/bin/../lib/gcc/nios2-elf/4.1.2/mno-hw-mul\libgcc.a(_divdi3.o)
                0x0200c82c                __divdi3
 .text          0x0200cf44      0x14c c:/altera/12.1/nios2eds/bin/gnu/h-i686-mingw32/bin/../lib/gcc/nios2-elf/4.1.2/mno-hw-mul\libgcc.a(lib2-divmod.o)
                0x0200cfc0                __divsi3
                0x0200d020                __modsi3
                0x0200d080                __udivsi3
                0x0200d088                __umodsi3
 .text          0x0200d090       0x38 c:/altera/12.1/nios2eds/bin/gnu/h-i686-mingw32/bin/../lib/gcc/nios2-elf/4.1.2/mno-hw-mul\libgcc.a(lib2-mul.o)
                0x0200d090                __mulsi3
 .text          0x0200d0c8      0x548 c:/altera/12.1/nios2eds/bin/gnu/h-i686-mingw32/bin/../lib/gcc/nios2-elf/4.1.2/mno-hw-mul\libgcc.a(unwind-sjlj.o)
                0x0200d0c8                _Unwind_SjLj_Register
                0x0200d0d8                _Unwind_SjLj_Unregister
                0x0200d0e4                _Unwind_GetGR
                0x0200d0fc                _Unwind_GetCFA
                0x0200d110                _Unwind_SetGR
                0x0200d128                _Unwind_GetIP
                0x0200d138                _Unwind_GetIPInfo
                0x0200d14c                _Unwind_SetIP
                0x0200d15c                _Unwind_GetLanguageSpecificData
                0x0200d168                _Unwind_GetRegionStart
                0x0200d170                _Unwind_FindEnclosingFunction
                0x0200d178                _Unwind_GetDataRelBase
                0x0200d180                _Unwind_GetTextRelBase
                0x0200d288                _Unwind_DeleteException
                0x0200d394                _Unwind_SjLj_Resume
                0x0200d3f0                _Unwind_SjLj_RaiseException
                0x0200d4e8                _Unwind_SjLj_ForcedUnwind
                0x0200d538                _Unwind_Backtrace
                0x0200d5b8                _Unwind_SjLj_Resume_or_Rethrow
 .text          0x0200d610        0x0 c:/altera/12.1/nios2eds/bin/gnu/h-i686-mingw32/bin/../lib/gcc/nios2-elf/4.1.2/mno-hw-mul\libgcc.a(_clz.o)
 .text          0x0200d610       0x18 c:/altera/12.1/nios2eds/bin/gnu/h-i686-mingw32/bin/../lib/gcc/nios2-elf/4.1.2/../../../../nios2-elf/lib/mno-hw-mul\libc.a(lib_a-abort.o)
                0x0200d610                abort
 .text          0x0200d628       0x28 c:/altera/12.1/nios2eds/bin/gnu/h-i686-mingw32/bin/../lib/gcc/nios2-elf/4.1.2/../../../../nios2-elf/lib/mno-hw-mul\libc.a(lib_a-malloc.o)
                0x0200d628                free
                0x0200d63c                malloc
 .text          0x0200d650      0x740 c:/altera/12.1/nios2eds/bin/gnu/h-i686-mingw32/bin/../lib/gcc/nios2-elf/4.1.2/../../../../nios2-elf/lib/mno-hw-mul\libc.a(lib_a-mallocr.o)
                0x0200d650                _malloc_r
 .text          0x0200dd90       0x98 c:/altera/12.1/nios2eds/bin/gnu/h-i686-mingw32/bin/../lib/gcc/nios2-elf/4.1.2/../../../../nios2-elf/lib/mno-hw-mul\libc.a(lib_a-memset.o)
                0x0200dd90                memset
 .text          0x0200de28       0x70 c:/altera/12.1/nios2eds/bin/gnu/h-i686-mingw32/bin/../lib/gcc/nios2-elf/4.1.2/../../../../nios2-elf/lib/mno-hw-mul\libc.a(lib_a-sbrkr.o)
                0x0200de28                _sbrk_r
 .text          0x0200de98      0x2d8 c:/altera/12.1/nios2eds/bin/gnu/h-i686-mingw32/bin/../lib/gcc/nios2-elf/4.1.2/../../../../nios2-elf/lib/mno-hw-mul\libc.a(lib_a-signal.o)
                0x0200de98                _raise_r
                0x0200df64                raise
                0x0200df78                _init_signal_r
                0x0200dfdc                _init_signal
                0x0200dfec                __sigtramp_r
                0x0200e0a0                __sigtramp
                0x0200e0b4                _signal_r
                0x0200e154                signal
 .text          0x0200e170       0x78 c:/altera/12.1/nios2eds/bin/gnu/h-i686-mingw32/bin/../lib/gcc/nios2-elf/4.1.2/../../../../nios2-elf/lib/mno-hw-mul\libc.a(lib_a-signalr.o)
                0x0200e170                _getpid_r
                0x0200e174                _kill_r
 .text          0x0200e1e8      0x440 c:/altera/12.1/nios2eds/bin/gnu/h-i686-mingw32/bin/../lib/gcc/nios2-elf/4.1.2/../../../../nios2-elf/lib/mno-hw-mul\libc.a(lib_a-freer.o)
                0x0200e1e8                _malloc_trim_r
                0x0200e314                _free_r
 .text          0x0200e628        0x0 c:/altera/12.1/nios2eds/bin/gnu/h-i686-mingw32/bin/../lib/gcc/nios2-elf/4.1.2/../../../../nios2-elf/lib/mno-hw-mul\libc.a(lib_a-impure.o)
 .text          0x0200e628        0x0 c:/altera/12.1/nios2eds/bin/gnu/h-i686-mingw32/bin/../lib/gcc/nios2-elf/4.1.2/../../../../nios2-elf/lib/mno-hw-mul\libc.a(lib_a-int_errno.o)
 .text          0x0200e628      0x154 ../Car2X_nanoMotorCtrl_bsp\libhal_bsp.a(alt_alarm_start.o)
                0x0200e628                alt_alarm_start
 .text          0x0200e77c       0x60 ../Car2X_nanoMotorCtrl_bsp\libhal_bsp.a(alt_exit.o)
                0x0200e7bc                _exit
 .text          0x0200e7dc       0x20 ../Car2X_nanoMotorCtrl_bsp\libhal_bsp.a(alt_getpid.o)
                0x0200e7dc                getpid
 .text          0x0200e7fc      0x1a0 ../Car2X_nanoMotorCtrl_bsp\libhal_bsp.a(alt_kill.o)
                0x0200e7fc                kill
 .text          0x0200e99c       0xec ../Car2X_nanoMotorCtrl_bsp\libhal_bsp.a(alt_load.o)
                0x0200e99c                alt_load
 .text          0x0200ea88       0x6c ../Car2X_nanoMotorCtrl_bsp\libhal_bsp.a(alt_main.o)
                0x0200ea88                alt_main
 .text          0x0200eaf4       0x40 ../Car2X_nanoMotorCtrl_bsp\libhal_bsp.a(alt_malloc_lock.o)
                0x0200eaf4                __malloc_lock
                0x0200eb14                __malloc_unlock
 .text          0x0200eb34       0xbc ../Car2X_nanoMotorCtrl_bsp\libhal_bsp.a(alt_sbrk.o)
                0x0200eb34                sbrk
 .text          0x0200ebf0      0x1a4 ../Car2X_nanoMotorCtrl_bsp\libhal_bsp.a(alt_tick.o)
                0x0200ebf0                alt_alarm_stop
                0x0200ec88                alt_tick
 .text          0x0200ed94       0x30 ../Car2X_nanoMotorCtrl_bsp\libhal_bsp.a(alt_usleep.o)
                0x0200ed94                usleep
 .text          0x0200edc4       0xdc ../Car2X_nanoMotorCtrl_bsp\libhal_bsp.a(alt_sys_init.o)
                0x0200edc4                alt_irq_init
                0x0200edf8                alt_sys_init
 .text          0x0200eea0      0x9e4 ../Car2X_nanoMotorCtrl_bsp\libhal_bsp.a(altera_avalon_epcs_flash_controller.o)
                0x0200eea0                alt_epcs_flash_init
                0x0200f2bc                alt_epcs_flash_write
                0x0200f53c                alt_epcs_flash_get_info
                0x0200f5cc                alt_epcs_flash_erase_block
                0x0200f6d0                alt_epcs_flash_write_block
                0x0200f7ec                alt_epcs_flash_read
 .text          0x0200f884      0x148 ../Car2X_nanoMotorCtrl_bsp\libhal_bsp.a(altera_avalon_jtag_uart_fd.o)
                0x0200f884                altera_avalon_jtag_uart_read_fd
                0x0200f8dc                altera_avalon_jtag_uart_write_fd
                0x0200f934                altera_avalon_jtag_uart_close_fd
                0x0200f97c                altera_avalon_jtag_uart_ioctl_fd
 .text          0x0200f9cc      0x408 ../Car2X_nanoMotorCtrl_bsp\libhal_bsp.a(altera_avalon_jtag_uart_init.o)
                0x0200f9cc                altera_avalon_jtag_uart_init
                0x0200fd60                altera_avalon_jtag_uart_close
 .text          0x0200fdd4       0xf4 ../Car2X_nanoMotorCtrl_bsp\libhal_bsp.a(altera_avalon_jtag_uart_ioctl.o)
                0x0200fdd4                altera_avalon_jtag_uart_ioctl
 .text          0x0200fec8      0x224 ../Car2X_nanoMotorCtrl_bsp\libhal_bsp.a(altera_avalon_jtag_uart_read.o)
                0x0200fec8                altera_avalon_jtag_uart_read
 .text          0x020100ec      0x240 ../Car2X_nanoMotorCtrl_bsp\libhal_bsp.a(altera_avalon_jtag_uart_write.o)
                0x020100ec                altera_avalon_jtag_uart_write
 .text          0x0201032c       0xfc ../Car2X_nanoMotorCtrl_bsp\libhal_bsp.a(altera_avalon_timer_sc.o)
                0x020103a0                alt_avalon_timer_sc_init
 .text          0x02010428      0x398 ../Car2X_nanoMotorCtrl_bsp\libhal_bsp.a(altera_up_avalon_rs232.o)
                0x02010428                alt_up_rs232_enable_read_interrupt
                0x0201047c                alt_up_rs232_disable_read_interrupt
                0x020104d4                alt_up_rs232_get_used_space_in_read_FIFO
                0x02010510                alt_up_rs232_get_available_space_in_write_FIFO
                0x02010550                alt_up_rs232_check_parity
                0x020105a0                alt_up_rs232_write_data
                0x020105e8                alt_up_rs232_read_data
                0x0201065c                alt_up_rs232_read_fd
                0x020106ec                alt_up_rs232_write_fd
                0x02010780                alt_up_rs232_open_dev
 .text          0x020107c0      0x6d4 ../Car2X_nanoMotorCtrl_bsp\libhal_bsp.a(epcs_commands.o)
                0x020107c0                epcs_read_status_register
                0x02010820                epcs_sector_erase
                0x02010988                epcs_read_buffer
                0x02010ad4                epcs_write_enable
                0x02010b24                epcs_write_status_register
                0x02010b88                epcs_write_buffer
                0x02010cf8                epcs_read_electronic_signature
                0x02010d64                epcs_read_device_id
                0x02010de4                epcs_enter_4_bytes_mode
                0x02010e3c                epcs_exit_4_bytes_mode
 .text          0x02010e94      0x15c ../Car2X_nanoMotorCtrl_bsp\libhal_bsp.a(alt_busy_sleep.o)
                0x02010e94                alt_busy_sleep
 .text          0x02010ff0      0x160 ../Car2X_nanoMotorCtrl_bsp\libhal_bsp.a(alt_close.o)
                0x02010ff0                close
 .text          0x02011150       0x1c ../Car2X_nanoMotorCtrl_bsp\libhal_bsp.a(alt_dcache_flush_all.o)
                0x02011150                alt_dcache_flush_all
 .text          0x0201116c       0x2c ../Car2X_nanoMotorCtrl_bsp\libhal_bsp.a(alt_dev.o)
 .text          0x02011198      0x114 ../Car2X_nanoMotorCtrl_bsp\libhal_bsp.a(alt_dev_llist_insert.o)
                0x02011198                alt_dev_llist_insert
 .text          0x020112ac       0x64 ../Car2X_nanoMotorCtrl_bsp\libhal_bsp.a(alt_do_ctors.o)
                0x020112ac                _do_ctors
 .text          0x02011310       0x64 ../Car2X_nanoMotorCtrl_bsp\libhal_bsp.a(alt_do_dtors.o)
                0x02011310                _do_dtors
 .text          0x02011374        0x0 ../Car2X_nanoMotorCtrl_bsp\libhal_bsp.a(alt_errno.o)
 .text          0x02011374       0x94 ../Car2X_nanoMotorCtrl_bsp\libhal_bsp.a(alt_find_dev.o)
                0x02011374                alt_find_dev
 .text          0x02011408       0xd0 ../Car2X_nanoMotorCtrl_bsp\libhal_bsp.a(alt_flash_dev.o)
                0x02011408                alt_flash_open_dev
                0x02011484                alt_flash_close_dev
 .text          0x020114d8       0x1c ../Car2X_nanoMotorCtrl_bsp\libhal_bsp.a(alt_icache_flush_all.o)
                0x020114d8                alt_icache_flush_all
 .text          0x020114f4      0x150 ../Car2X_nanoMotorCtrl_bsp\libhal_bsp.a(alt_io_redirect.o)
                0x020115cc                alt_io_redirect
 .text          0x02011644      0x1c0 ../Car2X_nanoMotorCtrl_bsp\libhal_bsp.a(alt_irq_register.o)
                0x02011644                alt_irq_register
 .text          0x02011804        0x0 ../Car2X_nanoMotorCtrl_bsp\libhal_bsp.a(alt_irq_vars.o)
 .text          0x02011804      0x2e4 ../Car2X_nanoMotorCtrl_bsp\libhal_bsp.a(alt_open.o)
                0x020118fc                open
 .text          0x02011ae8       0x78 ../Car2X_nanoMotorCtrl_bsp\libhal_bsp.a(alt_release_fd.o)
                0x02011ae8                alt_release_fd
 .text          0x02011b60       0x20 ../Car2X_nanoMotorCtrl_bsp\libhal_bsp.a(altera_nios2_irq.o)
                0x02011b60                altera_nios2_irq_init
 .text          0x02011b80      0x238 ../Car2X_nanoMotorCtrl_bsp\libhal_bsp.a(altera_avalon_spi.o)
                0x02011b80                alt_avalon_spi_command
 .text          0x02011db8      0x120 ../Car2X_nanoMotorCtrl_bsp\libhal_bsp.a(alt_find_file.o)
                0x02011db8                alt_find_file
 .text          0x02011ed8       0xd0 ../Car2X_nanoMotorCtrl_bsp\libhal_bsp.a(alt_get_fd.o)
                0x02011ed8                alt_get_fd
 .text          0x02011fa8        0x0 ../Car2X_nanoMotorCtrl_bsp\libhal_bsp.a(alt_irq_entry.o)
 .text          0x02011fa8        0x0 ../Car2X_nanoMotorCtrl_bsp\libhal_bsp.a(alt_irq_handler.o)
 .text          0x02011fa8        0x0 ../Car2X_nanoMotorCtrl_bsp\libhal_bsp.a(alt_exception_entry.o)
 .text          0x02011fa8       0x14 c:/altera/12.1/nios2eds/bin/gnu/h-i686-mingw32/bin/../lib/gcc/nios2-elf/4.1.2/../../../../nios2-elf/lib/mno-hw-mul\libc.a(lib_a-atexit.o)
                0x02011fa8                atexit
 .text          0x02011fbc       0x38 c:/altera/12.1/nios2eds/bin/gnu/h-i686-mingw32/bin/../lib/gcc/nios2-elf/4.1.2/../../../../nios2-elf/lib/mno-hw-mul\libc.a(lib_a-exit.o)
                0x02011fbc                exit
 .text          0x02011ff4       0x74 c:/altera/12.1/nios2eds/bin/gnu/h-i686-mingw32/bin/../lib/gcc/nios2-elf/4.1.2/../../../../nios2-elf/lib/mno-hw-mul\libc.a(lib_a-memcmp.o)
                0x02011ff4                memcmp
 .text          0x02012068       0xa0 c:/altera/12.1/nios2eds/bin/gnu/h-i686-mingw32/bin/../lib/gcc/nios2-elf/4.1.2/../../../../nios2-elf/lib/mno-hw-mul\libc.a(lib_a-memcpy.o)
                0x02012068                memcpy
 .text          0x02012108       0x74 c:/altera/12.1/nios2eds/bin/gnu/h-i686-mingw32/bin/../lib/gcc/nios2-elf/4.1.2/../../../../nios2-elf/lib/mno-hw-mul\libc.a(lib_a-strlen.o)
                0x02012108                strlen
 .text          0x0201217c      0x134 c:/altera/12.1/nios2eds/bin/gnu/h-i686-mingw32/bin/../lib/gcc/nios2-elf/4.1.2/../../../../nios2-elf/lib/mno-hw-mul\libc.a(lib_a-__atexit.o)
                0x0201217c                __register_exitproc
 .text          0x020122b0      0x1b4 c:/altera/12.1/nios2eds/bin/gnu/h-i686-mingw32/bin/../lib/gcc/nios2-elf/4.1.2/../../../../nios2-elf/lib/mno-hw-mul\libc.a(lib_a-__call_atexit.o)
                0x020122b4                __call_exitprocs
 *(.gnu.warning.*)
 *(.fini)
                0x02012464                PROVIDE (__etext, ABSOLUTE (.))
                0x02012464                PROVIDE (_etext, ABSOLUTE (.))
                0x02012464                PROVIDE (etext, ABSOLUTE (.))
 *(.eh_frame_hdr)
                0x02012464                . = ALIGN (0x4)
                0x02012464                PROVIDE (__preinit_array_start, ABSOLUTE (.))
 *(.preinit_array)
                0x02012464                PROVIDE (__preinit_array_end, ABSOLUTE (.))
                0x02012464                PROVIDE (__init_array_start, ABSOLUTE (.))
 *(.init_array)
                0x02012464                PROVIDE (__init_array_end, ABSOLUTE (.))
                0x02012464                PROVIDE (__fini_array_start, ABSOLUTE (.))
 *(.fini_array)
                0x02012464                PROVIDE (__fini_array_end, ABSOLUTE (.))
 *(.eh_frame)
 *(.gcc_except_table)
 .gcc_except_table
                0x02012464       0x1e obj/default/main.o
 .gcc_except_table
                0x02012482       0x18 obj/default/ADCInfoMessage.o
 .gcc_except_table
                0x0201249a       0x18 obj/default/ADCValuesMessage.o
 .gcc_except_table
                0x020124b2       0x18 obj/default/AccelerationValuesMessage.o
 .gcc_except_table
                0x020124ca        0xc obj/default/CControlMessage.o
 .gcc_except_table
                0x020124d6        0xc obj/default/CEmergencyBrakeMessage.o
 .gcc_except_table
                0x020124e2        0xc obj/default/CInfoSensorMessage.o
 .gcc_except_table
                0x020124ee        0xc obj/default/CInfoStateMessage.o
 .gcc_except_table
                0x020124fa        0xc obj/default/CRemoteControlMessage.o
 .gcc_except_table
                0x02012506       0x1c obj/default/CarProtocol.o
 .gcc_except_table
                0x02012522       0x18 obj/default/MotorMeasurementMessage.o
 .gcc_except_table
                0x0201253a       0x18 obj/default/MotorVelocityMessage.o
 .gcc_except_table
                0x02012552       0x18 obj/default/UltrasoundDistanceMessage.o
 .gcc_except_table
                0x0201256a       0x18 obj/default/WelcomeMessage.o
 *fill*         0x02012582        0x2 3a880100
 .gcc_except_table
                0x02012584       0x20 c:/altera/12.1/nios2eds/bin/gnu/h-i686-mingw32/bin/../lib/gcc/nios2-elf/4.1.2/../../../../nios2-elf/lib/mno-hw-mul\libstdc++.a(eh_personality.o)
 .gcc_except_table
                0x020125a4       0x14 c:/altera/12.1/nios2eds/bin/gnu/h-i686-mingw32/bin/../lib/gcc/nios2-elf/4.1.2/../../../../nios2-elf/lib/mno-hw-mul\libstdc++.a(new_op.o)
 .gcc_except_table
                0x020125b8       0x10 c:/altera/12.1/nios2eds/bin/gnu/h-i686-mingw32/bin/../lib/gcc/nios2-elf/4.1.2/../../../../nios2-elf/lib/mno-hw-mul\libstdc++.a(eh_alloc.o)
 .gcc_except_table
                0x020125c8       0x10 c:/altera/12.1/nios2eds/bin/gnu/h-i686-mingw32/bin/../lib/gcc/nios2-elf/4.1.2/../../../../nios2-elf/lib/mno-hw-mul\libstdc++.a(eh_terminate.o)
 .gcc_except_table
                0x020125d8       0x10 c:/altera/12.1/nios2eds/bin/gnu/h-i686-mingw32/bin/../lib/gcc/nios2-elf/4.1.2/../../../../nios2-elf/lib/mno-hw-mul\libstdc++.a(eh_catch.o)
 *(.dynamic)
                0x020125e8                PROVIDE (__CTOR_LIST__, ABSOLUTE (.))
 *(.ctors)
 *(SORT(.ctors.*))
 .ctors.65535   0x020125e8        0x4 c:/altera/12.1/nios2eds/bin/gnu/h-i686-mingw32/bin/../lib/gcc/nios2-elf/4.1.2/../../../../nios2-elf/lib/mno-hw-mul\libc.a(lib_a-__call_atexit.o)
                0x020125ec                PROVIDE (__CTOR_END__, ABSOLUTE (.))
                0x020125ec                PROVIDE (__DTOR_LIST__, ABSOLUTE (.))
 *(.dtors)
 *(SORT(.dtors.*))
                0x020125ec                PROVIDE (__DTOR_END__, ABSOLUTE (.))
 *(.jcr)
                0x020125ec                . = ALIGN (0x4)

.rodata         0x020125ec      0x618
                0x020125ec                PROVIDE (__ram_rodata_start, ABSOLUTE (.))
                0x020125ec                . = ALIGN (0x4)
 *(.rodata .rodata.* .gnu.linkonce.r.*)
 .rodata        0x020125ec        0xc obj/default/external_drivers/eth_uart.o
 .rodata._ZTV15CADCInfoMessage
                0x020125f8       0x1c obj/default/ADCInfoMessage.o
                0x020125f8                vtable for CADCInfoMessage
 .rodata._ZTS15CADCInfoMessage
                0x02012614       0x14 obj/default/ADCInfoMessage.o
                0x02012614                typeinfo name for CADCInfoMessage
 .rodata._ZTI15CADCInfoMessage
                0x02012628        0xc obj/default/ADCInfoMessage.o
                0x02012628                typeinfo for CADCInfoMessage
 .rodata._ZTV17CADCValuesMessage
                0x02012634       0x1c obj/default/ADCValuesMessage.o
                0x02012634                vtable for CADCValuesMessage
 .rodata._ZTS17CADCValuesMessage
                0x02012650       0x14 obj/default/ADCValuesMessage.o
                0x02012650                typeinfo name for CADCValuesMessage
 .rodata._ZTI17CADCValuesMessage
                0x02012664        0xc obj/default/ADCValuesMessage.o
                0x02012664                typeinfo for CADCValuesMessage
 .rodata._ZTV26CAccelerationValuesMessage
                0x02012670       0x1c obj/default/AccelerationValuesMessage.o
                0x02012670                vtable for CAccelerationValuesMessage
 .rodata._ZTS26CAccelerationValuesMessage
                0x0201268c       0x20 obj/default/AccelerationValuesMessage.o
                0x0201268c                typeinfo name for CAccelerationValuesMessage
 .rodata._ZTI26CAccelerationValuesMessage
                0x020126ac        0xc obj/default/AccelerationValuesMessage.o
                0x020126ac                typeinfo for CAccelerationValuesMessage
 .rodata._ZTV15CControlMessage
                0x020126b8       0x1c obj/default/CControlMessage.o
                0x020126b8                vtable for CControlMessage
 .rodata._ZTS15CControlMessage
                0x020126d4       0x14 obj/default/CControlMessage.o
                0x020126d4                typeinfo name for CControlMessage
 .rodata._ZTI15CControlMessage
                0x020126e8        0xc obj/default/CControlMessage.o
                0x020126e8                typeinfo for CControlMessage
 .rodata._ZTV22CEmergencyBrakeMessage
                0x020126f4       0x1c obj/default/CEmergencyBrakeMessage.o
                0x020126f4                vtable for CEmergencyBrakeMessage
 .rodata._ZTS22CEmergencyBrakeMessage
                0x02012710       0x1c obj/default/CEmergencyBrakeMessage.o
                0x02012710                typeinfo name for CEmergencyBrakeMessage
 .rodata._ZTI22CEmergencyBrakeMessage
                0x0201272c        0xc obj/default/CEmergencyBrakeMessage.o
                0x0201272c                typeinfo for CEmergencyBrakeMessage
 .rodata._ZTV18CInfoSensorMessage
                0x02012738       0x1c obj/default/CInfoSensorMessage.o
                0x02012738                vtable for CInfoSensorMessage
 .rodata._ZTS18CInfoSensorMessage
                0x02012754       0x18 obj/default/CInfoSensorMessage.o
                0x02012754                typeinfo name for CInfoSensorMessage
 .rodata._ZTI18CInfoSensorMessage
                0x0201276c        0xc obj/default/CInfoSensorMessage.o
                0x0201276c                typeinfo for CInfoSensorMessage
 .rodata._ZTV17CInfoStateMessage
                0x02012778       0x1c obj/default/CInfoStateMessage.o
                0x02012778                vtable for CInfoStateMessage
 .rodata._ZTS17CInfoStateMessage
                0x02012794       0x14 obj/default/CInfoStateMessage.o
                0x02012794                typeinfo name for CInfoStateMessage
 .rodata._ZTI17CInfoStateMessage
                0x020127a8        0xc obj/default/CInfoStateMessage.o
                0x020127a8                typeinfo for CInfoStateMessage
 .rodata._ZTV21CRemoteControlMessage
                0x020127b4       0x1c obj/default/CRemoteControlMessage.o
                0x020127b4                vtable for CRemoteControlMessage
 .rodata._ZTS21CRemoteControlMessage
                0x020127d0       0x18 obj/default/CRemoteControlMessage.o
                0x020127d0                typeinfo name for CRemoteControlMessage
 .rodata._ZTI21CRemoteControlMessage
                0x020127e8        0xc obj/default/CRemoteControlMessage.o
                0x020127e8                typeinfo for CRemoteControlMessage
 .rodata._ZTV11CCarMessage
                0x020127f4       0x1c obj/default/CarMessage.o
                0x020127f4                vtable for CCarMessage
 .rodata._ZTS11CCarMessage
                0x02012810       0x10 obj/default/CarMessage.o
                0x02012810                typeinfo name for CCarMessage
 .rodata._ZTV12CCarProtocol
                0x02012820       0x10 obj/default/CarProtocol.o
                0x02012820                vtable for CCarProtocol
 .rodata._ZTS12CCarProtocol
                0x02012830       0x10 obj/default/CarProtocol.o
                0x02012830                typeinfo name for CCarProtocol
 .rodata._ZTV24CMotorMeasurementMessage
                0x02012840       0x1c obj/default/MotorMeasurementMessage.o
                0x02012840                vtable for CMotorMeasurementMessage
 .rodata._ZTS24CMotorMeasurementMessage
                0x0201285c       0x1c obj/default/MotorMeasurementMessage.o
                0x0201285c                typeinfo name for CMotorMeasurementMessage
 .rodata._ZTI24CMotorMeasurementMessage
                0x02012878        0xc obj/default/MotorMeasurementMessage.o
                0x02012878                typeinfo for CMotorMeasurementMessage
 .rodata._ZTV21CMotorVelocityMessage
                0x02012884       0x1c obj/default/MotorVelocityMessage.o
                0x02012884                vtable for CMotorVelocityMessage
 .rodata._ZTS21CMotorVelocityMessage
                0x020128a0       0x18 obj/default/MotorVelocityMessage.o
                0x020128a0                typeinfo name for CMotorVelocityMessage
 .rodata._ZTI21CMotorVelocityMessage
                0x020128b8        0xc obj/default/MotorVelocityMessage.o
                0x020128b8                typeinfo for CMotorVelocityMessage
 .rodata._ZTV26CUltrasoundDistanceMessage
                0x020128c4       0x1c obj/default/UltrasoundDistanceMessage.o
                0x020128c4                vtable for CUltrasoundDistanceMessage
 .rodata._ZTS26CUltrasoundDistanceMessage
                0x020128e0       0x20 obj/default/UltrasoundDistanceMessage.o
                0x020128e0                typeinfo name for CUltrasoundDistanceMessage
 .rodata._ZTI26CUltrasoundDistanceMessage
                0x02012900        0xc obj/default/UltrasoundDistanceMessage.o
                0x02012900                typeinfo for CUltrasoundDistanceMessage
 .rodata._ZTV15CWelcomeMessage
                0x0201290c       0x1c obj/default/WelcomeMessage.o
                0x0201290c                vtable for CWelcomeMessage
 .rodata._ZTS15CWelcomeMessage
                0x02012928       0x14 obj/default/WelcomeMessage.o
                0x02012928                typeinfo name for CWelcomeMessage
 .rodata._ZTI15CWelcomeMessage
                0x0201293c        0xc obj/default/WelcomeMessage.o
                0x0201293c                typeinfo for CWelcomeMessage
 .rodata._ZTVSt13bad_exception
                0x02012948       0x14 c:/altera/12.1/nios2eds/bin/gnu/h-i686-mingw32/bin/../lib/gcc/nios2-elf/4.1.2/../../../../nios2-elf/lib/mno-hw-mul\libstdc++.a(eh_exception.o)
                0x02012948                vtable for std::bad_exception
 .rodata._ZTVSt9exception
                0x0201295c       0x14 c:/altera/12.1/nios2eds/bin/gnu/h-i686-mingw32/bin/../lib/gcc/nios2-elf/4.1.2/../../../../nios2-elf/lib/mno-hw-mul\libstdc++.a(eh_exception.o)
                0x0201295c                vtable for std::exception
 .rodata._ZTSSt13bad_exception
                0x02012970       0x14 c:/altera/12.1/nios2eds/bin/gnu/h-i686-mingw32/bin/../lib/gcc/nios2-elf/4.1.2/../../../../nios2-elf/lib/mno-hw-mul\libstdc++.a(eh_exception.o)
                0x02012970                typeinfo name for std::bad_exception
 .rodata._ZTISt13bad_exception
                0x02012984        0xc c:/altera/12.1/nios2eds/bin/gnu/h-i686-mingw32/bin/../lib/gcc/nios2-elf/4.1.2/../../../../nios2-elf/lib/mno-hw-mul\libstdc++.a(eh_exception.o)
                0x02012984                typeinfo for std::bad_exception
 .rodata._ZTSSt9exception
                0x02012990       0x10 c:/altera/12.1/nios2eds/bin/gnu/h-i686-mingw32/bin/../lib/gcc/nios2-elf/4.1.2/../../../../nios2-elf/lib/mno-hw-mul\libstdc++.a(eh_exception.o)
                0x02012990                typeinfo name for std::exception
 .rodata._ZTVN10__cxxabiv117__class_type_infoE
                0x020129a0       0x2c c:/altera/12.1/nios2eds/bin/gnu/h-i686-mingw32/bin/../lib/gcc/nios2-elf/4.1.2/../../../../nios2-elf/lib/mno-hw-mul\libstdc++.a(class_type_info.o)
                0x020129a0                vtable for __cxxabiv1::__class_type_info
 .rodata._ZTSN10__cxxabiv117__class_type_infoE
                0x020129cc       0x24 c:/altera/12.1/nios2eds/bin/gnu/h-i686-mingw32/bin/../lib/gcc/nios2-elf/4.1.2/../../../../nios2-elf/lib/mno-hw-mul\libstdc++.a(class_type_info.o)
                0x020129cc                typeinfo name for __cxxabiv1::__class_type_info
 .rodata._ZTIN10__cxxabiv117__class_type_infoE
                0x020129f0        0xc c:/altera/12.1/nios2eds/bin/gnu/h-i686-mingw32/bin/../lib/gcc/nios2-elf/4.1.2/../../../../nios2-elf/lib/mno-hw-mul\libstdc++.a(class_type_info.o)
                0x020129f0                typeinfo for __cxxabiv1::__class_type_info
 .rodata._ZTVN10__cxxabiv120__si_class_type_infoE
                0x020129fc       0x2c c:/altera/12.1/nios2eds/bin/gnu/h-i686-mingw32/bin/../lib/gcc/nios2-elf/4.1.2/../../../../nios2-elf/lib/mno-hw-mul\libstdc++.a(si_class_type_info.o)
                0x020129fc                vtable for __cxxabiv1::__si_class_type_info
 .rodata._ZTSN10__cxxabiv120__si_class_type_infoE
                0x02012a28       0x28 c:/altera/12.1/nios2eds/bin/gnu/h-i686-mingw32/bin/../lib/gcc/nios2-elf/4.1.2/../../../../nios2-elf/lib/mno-hw-mul\libstdc++.a(si_class_type_info.o)
                0x02012a28                typeinfo name for __cxxabiv1::__si_class_type_info
 .rodata._ZTIN10__cxxabiv120__si_class_type_infoE
                0x02012a50        0xc c:/altera/12.1/nios2eds/bin/gnu/h-i686-mingw32/bin/../lib/gcc/nios2-elf/4.1.2/../../../../nios2-elf/lib/mno-hw-mul\libstdc++.a(si_class_type_info.o)
                0x02012a50                typeinfo for __cxxabiv1::__si_class_type_info
 .rodata._ZTVSt9type_info
                0x02012a5c       0x20 c:/altera/12.1/nios2eds/bin/gnu/h-i686-mingw32/bin/../lib/gcc/nios2-elf/4.1.2/../../../../nios2-elf/lib/mno-hw-mul\libstdc++.a(tinfo.o)
                0x02012a5c                vtable for std::type_info
 .rodata._ZTSSt9type_info
                0x02012a7c       0x10 c:/altera/12.1/nios2eds/bin/gnu/h-i686-mingw32/bin/../lib/gcc/nios2-elf/4.1.2/../../../../nios2-elf/lib/mno-hw-mul\libstdc++.a(tinfo.o)
                0x02012a7c                typeinfo name for std::type_info
 .rodata._ZTVSt9bad_alloc
                0x02012a8c       0x14 c:/altera/12.1/nios2eds/bin/gnu/h-i686-mingw32/bin/../lib/gcc/nios2-elf/4.1.2/../../../../nios2-elf/lib/mno-hw-mul\libstdc++.a(new_handler.o)
                0x02012a8c                vtable for std::bad_alloc
 .rodata._ZTSSt9bad_alloc
                0x02012aa0       0x10 c:/altera/12.1/nios2eds/bin/gnu/h-i686-mingw32/bin/../lib/gcc/nios2-elf/4.1.2/../../../../nios2-elf/lib/mno-hw-mul\libstdc++.a(new_handler.o)
                0x02012aa0                typeinfo name for std::bad_alloc
 .rodata._ZTISt9bad_alloc
                0x02012ab0        0xc c:/altera/12.1/nios2eds/bin/gnu/h-i686-mingw32/bin/../lib/gcc/nios2-elf/4.1.2/../../../../nios2-elf/lib/mno-hw-mul\libstdc++.a(new_handler.o)
                0x02012ab0                typeinfo for std::bad_alloc
 .rodata        0x02012abc      0x100 c:/altera/12.1/nios2eds/bin/gnu/h-i686-mingw32/bin/../lib/gcc/nios2-elf/4.1.2/mno-hw-mul\libgcc.a(_clz.o)
                0x02012abc                __clz_tab
 .rodata.str1.4
                0x02012bbc        0x4 c:/altera/12.1/nios2eds/bin/gnu/h-i686-mingw32/bin/../lib/gcc/nios2-elf/4.1.2/../../../../nios2-elf/lib/mno-hw-mul\libc.a(lib_a-impure.o)
 .rodata        0x02012bc0       0x10 ../Car2X_nanoMotorCtrl_bsp\libhal_bsp.a(alt_main.o)
 .rodata        0x02012bd0       0x28 ../Car2X_nanoMotorCtrl_bsp\libhal_bsp.a(alt_sys_init.o)
 .rodata        0x02012bf8        0xc ../Car2X_nanoMotorCtrl_bsp\libhal_bsp.a(alt_dev.o)
 *(.rodata1)
                0x02012c04                . = ALIGN (0x4)
                0x02012c04                PROVIDE (__ram_rodata_end, ABSOLUTE (.))
                0x020125ec                PROVIDE (__flash_rodata_start, LOADADDR (.rodata))

.rwdata         0x02012c04     0x1b74 load address 0x02014778
                0x02012c04                PROVIDE (__ram_rwdata_start, ABSOLUTE (.))
                0x02012c04                . = ALIGN (0x4)
 *(.got.plt)
 *(.got)
 *(.data1)
 *(.data .data.* .gnu.linkonce.d.*)
 .data          0x02012c04        0x0 ../Car2X_nanoMotorCtrl_bsp/obj/HAL/src/crt0.o
 .data          0x02012c04        0x0 obj/default/etc/utility.o
 .data          0x02012c04        0x0 obj/default/external_drivers/accelerometer_interface.o
 .data          0x02012c04        0x0 obj/default/external_drivers/adc_interface.o
 .data          0x02012c04        0x0 obj/default/external_drivers/eth_uart.o
 .data          0x02012c04        0x0 obj/default/external_drivers/motor_pwm.o
 .data          0x02012c04        0x0 obj/default/external_drivers/ultrasound_interface.o
 .data          0x02012c04        0x0 obj/default/main.o
 .data          0x02012c04        0x0 obj/default/pidcontroller.o
 .data          0x02012c04        0x0 obj/default/terasic_lib/I2C.o
 .data          0x02012c04        0x0 obj/default/terasic_lib/accelerometer_adxl345_spi.o
 .data          0x02012c04        0x0 obj/default/terasic_lib/adc_spi_read.o
 .data          0x02012c04        0x0 obj/default/terasic_lib/terasic_spi.o
 .data          0x02012c04        0x0 obj/default/ADCInfoMessage.o
 .data          0x02012c04        0x0 obj/default/ADCValuesMessage.o
 .data          0x02012c04        0x0 obj/default/AccelerationValuesMessage.o
 .data          0x02012c04        0x0 obj/default/CControlMessage.o
 .data          0x02012c04        0x0 obj/default/CEmergencyBrakeMessage.o
 .data          0x02012c04        0x0 obj/default/CInfoSensorMessage.o
 .data          0x02012c04        0x0 obj/default/CInfoStateMessage.o
 .data          0x02012c04        0x0 obj/default/CRemoteControlMessage.o
 .data          0x02012c04        0x0 obj/default/CarMessage.o
 .data          0x02012c04        0x0 obj/default/CarProtocol.o
 .data          0x02012c04        0x0 obj/default/MotorMeasurementMessage.o
 .data          0x02012c04        0x0 obj/default/MotorVelocityMessage.o
 .data          0x02012c04        0x0 obj/default/UltrasoundDistanceMessage.o
 .data          0x02012c04        0x0 obj/default/WelcomeMessage.o
 .data          0x02012c04        0x0 c:/altera/12.1/nios2eds/bin/gnu/h-i686-mingw32/bin/../lib/gcc/nios2-elf/4.1.2/../../../../nios2-elf/lib/mno-hw-mul\libstdc++.a(eh_personality.o)
 .data          0x02012c04        0x0 c:/altera/12.1/nios2eds/bin/gnu/h-i686-mingw32/bin/../lib/gcc/nios2-elf/4.1.2/../../../../nios2-elf/lib/mno-hw-mul\libstdc++.a(eh_exception.o)
 .data          0x02012c04        0x0 c:/altera/12.1/nios2eds/bin/gnu/h-i686-mingw32/bin/../lib/gcc/nios2-elf/4.1.2/../../../../nios2-elf/lib/mno-hw-mul\libstdc++.a(del_op.o)
 .data          0x02012c04        0x0 c:/altera/12.1/nios2eds/bin/gnu/h-i686-mingw32/bin/../lib/gcc/nios2-elf/4.1.2/../../../../nios2-elf/lib/mno-hw-mul\libstdc++.a(eh_call.o)
 .data          0x02012c04        0x0 c:/altera/12.1/nios2eds/bin/gnu/h-i686-mingw32/bin/../lib/gcc/nios2-elf/4.1.2/../../../../nios2-elf/lib/mno-hw-mul\libstdc++.a(class_type_info.o)
 .data          0x02012c04        0x0 c:/altera/12.1/nios2eds/bin/gnu/h-i686-mingw32/bin/../lib/gcc/nios2-elf/4.1.2/../../../../nios2-elf/lib/mno-hw-mul\libstdc++.a(new_op.o)
 .data          0x02012c04        0x0 c:/altera/12.1/nios2eds/bin/gnu/h-i686-mingw32/bin/../lib/gcc/nios2-elf/4.1.2/../../../../nios2-elf/lib/mno-hw-mul\libstdc++.a(si_class_type_info.o)
 .data          0x02012c04        0x0 c:/altera/12.1/nios2eds/bin/gnu/h-i686-mingw32/bin/../lib/gcc/nios2-elf/4.1.2/../../../../nios2-elf/lib/mno-hw-mul\libstdc++.a(eh_alloc.o)
 .data          0x02012c04        0x0 c:/altera/12.1/nios2eds/bin/gnu/h-i686-mingw32/bin/../lib/gcc/nios2-elf/4.1.2/../../../../nios2-elf/lib/mno-hw-mul\libstdc++.a(tinfo.o)
 .data          0x02012c04        0x0 c:/altera/12.1/nios2eds/bin/gnu/h-i686-mingw32/bin/../lib/gcc/nios2-elf/4.1.2/../../../../nios2-elf/lib/mno-hw-mul\libstdc++.a(eh_throw.o)
 .data          0x02012c04        0x0 c:/altera/12.1/nios2eds/bin/gnu/h-i686-mingw32/bin/../lib/gcc/nios2-elf/4.1.2/../../../../nios2-elf/lib/mno-hw-mul\libstdc++.a(eh_terminate.o)
 .data          0x02012c04        0x0 c:/altera/12.1/nios2eds/bin/gnu/h-i686-mingw32/bin/../lib/gcc/nios2-elf/4.1.2/../../../../nios2-elf/lib/mno-hw-mul\libstdc++.a(eh_globals.o)
 .data          0x02012c04        0x0 c:/altera/12.1/nios2eds/bin/gnu/h-i686-mingw32/bin/../lib/gcc/nios2-elf/4.1.2/../../../../nios2-elf/lib/mno-hw-mul\libstdc++.a(eh_unex_handler.o)
 .data          0x02012c04        0x0 c:/altera/12.1/nios2eds/bin/gnu/h-i686-mingw32/bin/../lib/gcc/nios2-elf/4.1.2/../../../../nios2-elf/lib/mno-hw-mul\libstdc++.a(new_handler.o)
 .data          0x02012c04        0x0 c:/altera/12.1/nios2eds/bin/gnu/h-i686-mingw32/bin/../lib/gcc/nios2-elf/4.1.2/../../../../nios2-elf/lib/mno-hw-mul\libstdc++.a(eh_catch.o)
 .data          0x02012c04        0x0 c:/altera/12.1/nios2eds/bin/gnu/h-i686-mingw32/bin/../lib/gcc/nios2-elf/4.1.2/../../../../nios2-elf/lib/mno-hw-mul\libstdc++.a(eh_term_handler.o)
 .data          0x02012c04        0x0 c:/altera/12.1/nios2eds/bin/gnu/h-i686-mingw32/bin/../lib/gcc/nios2-elf/4.1.2/mno-hw-mul\libgcc.a(_divdi3.o)
 .data          0x02012c04        0x0 c:/altera/12.1/nios2eds/bin/gnu/h-i686-mingw32/bin/../lib/gcc/nios2-elf/4.1.2/mno-hw-mul\libgcc.a(lib2-divmod.o)
 .data          0x02012c04        0x0 c:/altera/12.1/nios2eds/bin/gnu/h-i686-mingw32/bin/../lib/gcc/nios2-elf/4.1.2/mno-hw-mul\libgcc.a(lib2-mul.o)
 .data          0x02012c04        0x0 c:/altera/12.1/nios2eds/bin/gnu/h-i686-mingw32/bin/../lib/gcc/nios2-elf/4.1.2/mno-hw-mul\libgcc.a(unwind-sjlj.o)
 .data          0x02012c04        0x0 c:/altera/12.1/nios2eds/bin/gnu/h-i686-mingw32/bin/../lib/gcc/nios2-elf/4.1.2/mno-hw-mul\libgcc.a(_clz.o)
 .data          0x02012c04        0x0 c:/altera/12.1/nios2eds/bin/gnu/h-i686-mingw32/bin/../lib/gcc/nios2-elf/4.1.2/../../../../nios2-elf/lib/mno-hw-mul\libc.a(lib_a-abort.o)
 .data          0x02012c04        0x0 c:/altera/12.1/nios2eds/bin/gnu/h-i686-mingw32/bin/../lib/gcc/nios2-elf/4.1.2/../../../../nios2-elf/lib/mno-hw-mul\libc.a(lib_a-malloc.o)
 .data          0x02012c04      0x408 c:/altera/12.1/nios2eds/bin/gnu/h-i686-mingw32/bin/../lib/gcc/nios2-elf/4.1.2/../../../../nios2-elf/lib/mno-hw-mul\libc.a(lib_a-mallocr.o)
                0x02012c04                __malloc_av_
 .data          0x0201300c        0x0 c:/altera/12.1/nios2eds/bin/gnu/h-i686-mingw32/bin/../lib/gcc/nios2-elf/4.1.2/../../../../nios2-elf/lib/mno-hw-mul\libc.a(lib_a-memset.o)
 .data          0x0201300c        0x0 c:/altera/12.1/nios2eds/bin/gnu/h-i686-mingw32/bin/../lib/gcc/nios2-elf/4.1.2/../../../../nios2-elf/lib/mno-hw-mul\libc.a(lib_a-sbrkr.o)
 .data          0x0201300c        0x0 c:/altera/12.1/nios2eds/bin/gnu/h-i686-mingw32/bin/../lib/gcc/nios2-elf/4.1.2/../../../../nios2-elf/lib/mno-hw-mul\libc.a(lib_a-signal.o)
 .data          0x0201300c        0x0 c:/altera/12.1/nios2eds/bin/gnu/h-i686-mingw32/bin/../lib/gcc/nios2-elf/4.1.2/../../../../nios2-elf/lib/mno-hw-mul\libc.a(lib_a-signalr.o)
 .data          0x0201300c        0x0 c:/altera/12.1/nios2eds/bin/gnu/h-i686-mingw32/bin/../lib/gcc/nios2-elf/4.1.2/../../../../nios2-elf/lib/mno-hw-mul\libc.a(lib_a-freer.o)
 .data          0x0201300c      0x400 c:/altera/12.1/nios2eds/bin/gnu/h-i686-mingw32/bin/../lib/gcc/nios2-elf/4.1.2/../../../../nios2-elf/lib/mno-hw-mul\libc.a(lib_a-impure.o)
 .data          0x0201340c        0x0 c:/altera/12.1/nios2eds/bin/gnu/h-i686-mingw32/bin/../lib/gcc/nios2-elf/4.1.2/../../../../nios2-elf/lib/mno-hw-mul\libc.a(lib_a-int_errno.o)
 .data          0x0201340c        0x0 ../Car2X_nanoMotorCtrl_bsp\libhal_bsp.a(alt_alarm_start.o)
 .data          0x0201340c        0x0 ../Car2X_nanoMotorCtrl_bsp\libhal_bsp.a(alt_exit.o)
 .data          0x0201340c        0x0 ../Car2X_nanoMotorCtrl_bsp\libhal_bsp.a(alt_getpid.o)
 .data          0x0201340c        0x0 ../Car2X_nanoMotorCtrl_bsp\libhal_bsp.a(alt_kill.o)
 .data          0x0201340c        0x0 ../Car2X_nanoMotorCtrl_bsp\libhal_bsp.a(alt_load.o)
 .data          0x0201340c        0x0 ../Car2X_nanoMotorCtrl_bsp\libhal_bsp.a(alt_main.o)
 .data          0x0201340c        0x0 ../Car2X_nanoMotorCtrl_bsp\libhal_bsp.a(alt_malloc_lock.o)
 .data          0x0201340c        0x0 ../Car2X_nanoMotorCtrl_bsp\libhal_bsp.a(alt_sbrk.o)
 .data          0x0201340c        0x0 ../Car2X_nanoMotorCtrl_bsp\libhal_bsp.a(alt_tick.o)
 .data          0x0201340c        0x0 ../Car2X_nanoMotorCtrl_bsp\libhal_bsp.a(alt_usleep.o)
 .data          0x0201340c     0x1154 ../Car2X_nanoMotorCtrl_bsp\libhal_bsp.a(alt_sys_init.o)
 .data          0x02014560        0x0 ../Car2X_nanoMotorCtrl_bsp\libhal_bsp.a(altera_avalon_epcs_flash_controller.o)
 .data          0x02014560        0x0 ../Car2X_nanoMotorCtrl_bsp\libhal_bsp.a(altera_avalon_jtag_uart_fd.o)
 .data          0x02014560        0x0 ../Car2X_nanoMotorCtrl_bsp\libhal_bsp.a(altera_avalon_jtag_uart_init.o)
 .data          0x02014560        0x0 ../Car2X_nanoMotorCtrl_bsp\libhal_bsp.a(altera_avalon_jtag_uart_ioctl.o)
 .data          0x02014560        0x0 ../Car2X_nanoMotorCtrl_bsp\libhal_bsp.a(altera_avalon_jtag_uart_read.o)
 .data          0x02014560        0x0 ../Car2X_nanoMotorCtrl_bsp\libhal_bsp.a(altera_avalon_jtag_uart_write.o)
 .data          0x02014560        0x0 ../Car2X_nanoMotorCtrl_bsp\libhal_bsp.a(altera_avalon_timer_sc.o)
 .data          0x02014560        0x0 ../Car2X_nanoMotorCtrl_bsp\libhal_bsp.a(altera_up_avalon_rs232.o)
 .data          0x02014560        0x0 ../Car2X_nanoMotorCtrl_bsp\libhal_bsp.a(epcs_commands.o)
 .data          0x02014560        0x0 ../Car2X_nanoMotorCtrl_bsp\libhal_bsp.a(alt_busy_sleep.o)
 .data          0x02014560        0x0 ../Car2X_nanoMotorCtrl_bsp\libhal_bsp.a(alt_close.o)
 .data          0x02014560        0x0 ../Car2X_nanoMotorCtrl_bsp\libhal_bsp.a(alt_dcache_flush_all.o)
 .data          0x02014560      0x1a8 ../Car2X_nanoMotorCtrl_bsp\libhal_bsp.a(alt_dev.o)
                0x02014560                alt_dev_null
                0x02014588                alt_fd_list
 .data          0x02014708        0x0 ../Car2X_nanoMotorCtrl_bsp\libhal_bsp.a(alt_dev_llist_insert.o)
 .data          0x02014708        0x0 ../Car2X_nanoMotorCtrl_bsp\libhal_bsp.a(alt_do_ctors.o)
 .data          0x02014708        0x0 ../Car2X_nanoMotorCtrl_bsp\libhal_bsp.a(alt_do_dtors.o)
 .data          0x02014708        0x0 ../Car2X_nanoMotorCtrl_bsp\libhal_bsp.a(alt_errno.o)
 .data          0x02014708        0x0 ../Car2X_nanoMotorCtrl_bsp\libhal_bsp.a(alt_find_dev.o)
 .data          0x02014708        0x0 ../Car2X_nanoMotorCtrl_bsp\libhal_bsp.a(alt_flash_dev.o)
 .data          0x02014708        0x0 ../Car2X_nanoMotorCtrl_bsp\libhal_bsp.a(alt_icache_flush_all.o)
 .data          0x02014708        0x0 ../Car2X_nanoMotorCtrl_bsp\libhal_bsp.a(alt_io_redirect.o)
 .data          0x02014708        0x0 ../Car2X_nanoMotorCtrl_bsp\libhal_bsp.a(alt_irq_register.o)
 .data          0x02014708        0x0 ../Car2X_nanoMotorCtrl_bsp\libhal_bsp.a(alt_irq_vars.o)
 .data          0x02014708        0x0 ../Car2X_nanoMotorCtrl_bsp\libhal_bsp.a(alt_open.o)
 .data          0x02014708        0x0 ../Car2X_nanoMotorCtrl_bsp\libhal_bsp.a(alt_release_fd.o)
 .data          0x02014708        0x0 ../Car2X_nanoMotorCtrl_bsp\libhal_bsp.a(altera_nios2_irq.o)
 .data          0x02014708        0x0 ../Car2X_nanoMotorCtrl_bsp\libhal_bsp.a(altera_avalon_spi.o)
 .data          0x02014708        0x0 ../Car2X_nanoMotorCtrl_bsp\libhal_bsp.a(alt_find_file.o)
 .data          0x02014708        0x0 ../Car2X_nanoMotorCtrl_bsp\libhal_bsp.a(alt_get_fd.o)
 .data          0x02014708        0x0 ../Car2X_nanoMotorCtrl_bsp\libhal_bsp.a(alt_irq_entry.o)
 .data          0x02014708        0x0 ../Car2X_nanoMotorCtrl_bsp\libhal_bsp.a(alt_irq_handler.o)
 .data          0x02014708        0x0 ../Car2X_nanoMotorCtrl_bsp\libhal_bsp.a(alt_exception_entry.o)
 .data          0x02014708        0x0 c:/altera/12.1/nios2eds/bin/gnu/h-i686-mingw32/bin/../lib/gcc/nios2-elf/4.1.2/../../../../nios2-elf/lib/mno-hw-mul\libc.a(lib_a-atexit.o)
 .data          0x02014708        0x0 c:/altera/12.1/nios2eds/bin/gnu/h-i686-mingw32/bin/../lib/gcc/nios2-elf/4.1.2/../../../../nios2-elf/lib/mno-hw-mul\libc.a(lib_a-exit.o)
 .data          0x02014708        0x0 c:/altera/12.1/nios2eds/bin/gnu/h-i686-mingw32/bin/../lib/gcc/nios2-elf/4.1.2/../../../../nios2-elf/lib/mno-hw-mul\libc.a(lib_a-memcmp.o)
 .data          0x02014708        0x0 c:/altera/12.1/nios2eds/bin/gnu/h-i686-mingw32/bin/../lib/gcc/nios2-elf/4.1.2/../../../../nios2-elf/lib/mno-hw-mul\libc.a(lib_a-memcpy.o)
 .data          0x02014708        0x0 c:/altera/12.1/nios2eds/bin/gnu/h-i686-mingw32/bin/../lib/gcc/nios2-elf/4.1.2/../../../../nios2-elf/lib/mno-hw-mul\libc.a(lib_a-strlen.o)
 .data          0x02014708        0x0 c:/altera/12.1/nios2eds/bin/gnu/h-i686-mingw32/bin/../lib/gcc/nios2-elf/4.1.2/../../../../nios2-elf/lib/mno-hw-mul\libc.a(lib_a-__atexit.o)
 .data          0x02014708        0x0 c:/altera/12.1/nios2eds/bin/gnu/h-i686-mingw32/bin/../lib/gcc/nios2-elf/4.1.2/../../../../nios2-elf/lib/mno-hw-mul\libc.a(lib_a-__call_atexit.o)
                0x0201c708                _gp = ABSOLUTE ((. + 0x8000))
                0x0201c708                PROVIDE (gp, _gp)
 *(.rwdata .rwdata.*)
 *(.sdata .sdata.* .gnu.linkonce.s.*)
 .sdata         0x02014708        0x4 obj/default/main.o
                0x02014708                pLED
 .sdata._ZTI11CCarMessage
                0x0201470c        0x8 obj/default/CarMessage.o
                0x0201470c                typeinfo for CCarMessage
 .sdata._ZTI12CCarProtocol
                0x02014714        0x8 obj/default/CarProtocol.o
                0x02014714                typeinfo for CCarProtocol
 .sdata._ZTISt9exception
                0x0201471c        0x8 c:/altera/12.1/nios2eds/bin/gnu/h-i686-mingw32/bin/../lib/gcc/nios2-elf/4.1.2/../../../../nios2-elf/lib/mno-hw-mul\libstdc++.a(eh_exception.o)
                0x0201471c                typeinfo for std::exception
 .sdata._ZTISt9type_info
                0x02014724        0x8 c:/altera/12.1/nios2eds/bin/gnu/h-i686-mingw32/bin/../lib/gcc/nios2-elf/4.1.2/../../../../nios2-elf/lib/mno-hw-mul\libstdc++.a(tinfo.o)
                0x02014724                typeinfo for std::type_info
 .sdata         0x0201472c        0x4 c:/altera/12.1/nios2eds/bin/gnu/h-i686-mingw32/bin/../lib/gcc/nios2-elf/4.1.2/../../../../nios2-elf/lib/mno-hw-mul\libstdc++.a(eh_unex_handler.o)
                0x0201472c                __cxxabiv1::__unexpected_handler
 .sdata         0x02014730        0x1 c:/altera/12.1/nios2eds/bin/gnu/h-i686-mingw32/bin/../lib/gcc/nios2-elf/4.1.2/../../../../nios2-elf/lib/mno-hw-mul\libstdc++.a(new_handler.o)
                0x02014730                std::nothrow
 *fill*         0x02014731        0x3 00
 .sdata         0x02014734        0x4 c:/altera/12.1/nios2eds/bin/gnu/h-i686-mingw32/bin/../lib/gcc/nios2-elf/4.1.2/../../../../nios2-elf/lib/mno-hw-mul\libstdc++.a(eh_term_handler.o)
                0x02014734                __cxxabiv1::__terminate_handler
 .sdata         0x02014738        0x8 c:/altera/12.1/nios2eds/bin/gnu/h-i686-mingw32/bin/../lib/gcc/nios2-elf/4.1.2/../../../../nios2-elf/lib/mno-hw-mul\libc.a(lib_a-mallocr.o)
                0x02014738                __malloc_trim_threshold
                0x0201473c                __malloc_sbrk_base
 .sdata         0x02014740        0x8 c:/altera/12.1/nios2eds/bin/gnu/h-i686-mingw32/bin/../lib/gcc/nios2-elf/4.1.2/../../../../nios2-elf/lib/mno-hw-mul\libc.a(lib_a-impure.o)
                0x02014740                _impure_ptr
                0x02014744                _global_impure_ptr
 .sdata         0x02014748        0x4 ../Car2X_nanoMotorCtrl_bsp\libhal_bsp.a(alt_sbrk.o)
 .sdata         0x0201474c        0x8 ../Car2X_nanoMotorCtrl_bsp\libhal_bsp.a(alt_tick.o)
                0x0201474c                alt_alarm_list
 .sdata         0x02014754       0x14 ../Car2X_nanoMotorCtrl_bsp\libhal_bsp.a(alt_dev.o)
                0x02014754                alt_fs_list
                0x0201475c                alt_dev_list
                0x02014764                alt_max_fd
 .sdata         0x02014768        0x4 ../Car2X_nanoMotorCtrl_bsp\libhal_bsp.a(alt_errno.o)
                0x02014768                alt_errno
 .sdata         0x0201476c        0x8 ../Car2X_nanoMotorCtrl_bsp\libhal_bsp.a(alt_flash_dev.o)
                0x0201476c                alt_flash_dev_list
 .sdata         0x02014774        0x4 ../Car2X_nanoMotorCtrl_bsp\libhal_bsp.a(alt_irq_vars.o)
                0x02014774                alt_priority_mask
 *(.sdata2 .sdata2.* .gnu.linkonce.s2.*)
                0x02014778                . = ALIGN (0x4)
                0x02014778                _edata = ABSOLUTE (.)
                0x02014778                PROVIDE (edata, ABSOLUTE (.))
                0x02014778                PROVIDE (__ram_rwdata_end, ABSOLUTE (.))
                0x02014778                PROVIDE (__flash_rwdata_start, LOADADDR (.rwdata))

.bss            0x020162ec      0xb30
                0x020162ec                __bss_start = ABSOLUTE (.)
                0x020162ec                PROVIDE (__sbss_start, ABSOLUTE (.))
                0x020162ec                PROVIDE (___sbss_start, ABSOLUTE (.))
 *(.dynsbss)
 *(.sbss .sbss.* .gnu.linkonce.sb.*)
 .sbss          0x020162ec        0x1 obj/default/external_drivers/accelerometer_interface.o
                0x020162ec                bSPIReady
 *fill*         0x020162ed        0x3 00
 .sbss          0x020162f0       0x20 obj/default/main.o
                0x020162f0                uiAvailableOperations
                0x020162f4                iCurrentSpeed
                0x020162f8                iDesiredSpeed
                0x020162fc                uiMaxSpeed
                0x02016300                pController
                0x02016304                pSocket
                0x02016308                pProtocol
                0x0201630c                bCycleFinished
 .sbss          0x02016310        0x4 c:/altera/12.1/nios2eds/bin/gnu/h-i686-mingw32/bin/../lib/gcc/nios2-elf/4.1.2/../../../../nios2-elf/lib/mno-hw-mul\libstdc++.a(eh_alloc.o)
 .sbss          0x02016314        0x8 c:/altera/12.1/nios2eds/bin/gnu/h-i686-mingw32/bin/../lib/gcc/nios2-elf/4.1.2/../../../../nios2-elf/lib/mno-hw-mul\libstdc++.a(eh_globals.o)
 .sbss          0x0201631c        0x4 c:/altera/12.1/nios2eds/bin/gnu/h-i686-mingw32/bin/../lib/gcc/nios2-elf/4.1.2/../../../../nios2-elf/lib/mno-hw-mul\libstdc++.a(new_handler.o)
                0x0201631c                __new_handler
 .sbss          0x02016320        0x4 c:/altera/12.1/nios2eds/bin/gnu/h-i686-mingw32/bin/../lib/gcc/nios2-elf/4.1.2/mno-hw-mul\libgcc.a(unwind-sjlj.o)
 .sbss          0x02016324        0xc c:/altera/12.1/nios2eds/bin/gnu/h-i686-mingw32/bin/../lib/gcc/nios2-elf/4.1.2/../../../../nios2-elf/lib/mno-hw-mul\libc.a(lib_a-mallocr.o)
                0x02016324                __malloc_top_pad
                0x02016328                __malloc_max_sbrked_mem
                0x0201632c                __malloc_max_total_mem
 .sbss          0x02016330        0x4 c:/altera/12.1/nios2eds/bin/gnu/h-i686-mingw32/bin/../lib/gcc/nios2-elf/4.1.2/../../../../nios2-elf/lib/mno-hw-mul\libc.a(lib_a-int_errno.o)
                0x02016330                errno
 .sbss          0x02016334        0xc ../Car2X_nanoMotorCtrl_bsp\libhal_bsp.a(alt_main.o)
                0x02016334                alt_argc
                0x02016338                alt_argv
                0x0201633c                alt_envp
 .sbss          0x02016340        0x8 ../Car2X_nanoMotorCtrl_bsp\libhal_bsp.a(alt_tick.o)
                0x02016340                _alt_tick_rate
                0x02016344                _alt_nticks
 .sbss          0x02016348        0x4 ../Car2X_nanoMotorCtrl_bsp\libhal_bsp.a(alt_irq_vars.o)
                0x02016348                alt_irq_active
 *(.sbss2 .sbss2.* .gnu.linkonce.sb2.*)
 *(.scommon)
                0x0201634c                PROVIDE (__sbss_end, ABSOLUTE (.))
                0x0201634c                PROVIDE (___sbss_end, ABSOLUTE (.))
 *(.dynbss)
 *(.bss .bss.* .gnu.linkonce.b.*)
 .bss           0x0201634c        0x0 ../Car2X_nanoMotorCtrl_bsp/obj/HAL/src/crt0.o
 .bss           0x0201634c        0x0 obj/default/etc/utility.o
 .bss           0x0201634c        0x0 obj/default/external_drivers/accelerometer_interface.o
 .bss           0x0201634c        0x0 obj/default/external_drivers/adc_interface.o
 .bss           0x0201634c        0x0 obj/default/external_drivers/eth_uart.o
 .bss           0x0201634c        0x0 obj/default/external_drivers/motor_pwm.o
 .bss           0x0201634c        0x0 obj/default/external_drivers/ultrasound_interface.o
 .bss           0x0201634c       0x18 obj/default/main.o
 .bss           0x02016364        0x0 obj/default/pidcontroller.o
 .bss           0x02016364        0x0 obj/default/terasic_lib/I2C.o
 .bss           0x02016364        0x0 obj/default/terasic_lib/accelerometer_adxl345_spi.o
 .bss           0x02016364        0x0 obj/default/terasic_lib/adc_spi_read.o
 .bss           0x02016364        0x0 obj/default/terasic_lib/terasic_spi.o
 .bss           0x02016364        0x0 obj/default/ADCInfoMessage.o
 .bss           0x02016364        0x0 obj/default/ADCValuesMessage.o
 .bss           0x02016364        0x0 obj/default/AccelerationValuesMessage.o
 .bss           0x02016364        0x0 obj/default/CControlMessage.o
 .bss           0x02016364        0x0 obj/default/CEmergencyBrakeMessage.o
 .bss           0x02016364        0x0 obj/default/CInfoSensorMessage.o
 .bss           0x02016364        0x0 obj/default/CInfoStateMessage.o
 .bss           0x02016364        0x0 obj/default/CRemoteControlMessage.o
 .bss           0x02016364        0x0 obj/default/CarMessage.o
 .bss           0x02016364        0x0 obj/default/CarProtocol.o
 .bss           0x02016364        0x0 obj/default/MotorMeasurementMessage.o
 .bss           0x02016364        0x0 obj/default/MotorVelocityMessage.o
 .bss           0x02016364        0x0 obj/default/UltrasoundDistanceMessage.o
 .bss           0x02016364        0x0 obj/default/WelcomeMessage.o
 .bss           0x02016364        0x0 c:/altera/12.1/nios2eds/bin/gnu/h-i686-mingw32/bin/../lib/gcc/nios2-elf/4.1.2/../../../../nios2-elf/lib/mno-hw-mul\libstdc++.a(eh_personality.o)
 .bss           0x02016364        0x0 c:/altera/12.1/nios2eds/bin/gnu/h-i686-mingw32/bin/../lib/gcc/nios2-elf/4.1.2/../../../../nios2-elf/lib/mno-hw-mul\libstdc++.a(eh_exception.o)
 .bss           0x02016364        0x0 c:/altera/12.1/nios2eds/bin/gnu/h-i686-mingw32/bin/../lib/gcc/nios2-elf/4.1.2/../../../../nios2-elf/lib/mno-hw-mul\libstdc++.a(del_op.o)
 .bss           0x02016364        0x0 c:/altera/12.1/nios2eds/bin/gnu/h-i686-mingw32/bin/../lib/gcc/nios2-elf/4.1.2/../../../../nios2-elf/lib/mno-hw-mul\libstdc++.a(eh_call.o)
 .bss           0x02016364        0x0 c:/altera/12.1/nios2eds/bin/gnu/h-i686-mingw32/bin/../lib/gcc/nios2-elf/4.1.2/../../../../nios2-elf/lib/mno-hw-mul\libstdc++.a(class_type_info.o)
 .bss           0x02016364        0x0 c:/altera/12.1/nios2eds/bin/gnu/h-i686-mingw32/bin/../lib/gcc/nios2-elf/4.1.2/../../../../nios2-elf/lib/mno-hw-mul\libstdc++.a(new_op.o)
 .bss           0x02016364        0x0 c:/altera/12.1/nios2eds/bin/gnu/h-i686-mingw32/bin/../lib/gcc/nios2-elf/4.1.2/../../../../nios2-elf/lib/mno-hw-mul\libstdc++.a(si_class_type_info.o)
 .bss           0x02016364      0x800 c:/altera/12.1/nios2eds/bin/gnu/h-i686-mingw32/bin/../lib/gcc/nios2-elf/4.1.2/../../../../nios2-elf/lib/mno-hw-mul\libstdc++.a(eh_alloc.o)
 .bss           0x02016b64        0x0 c:/altera/12.1/nios2eds/bin/gnu/h-i686-mingw32/bin/../lib/gcc/nios2-elf/4.1.2/../../../../nios2-elf/lib/mno-hw-mul\libstdc++.a(tinfo.o)
 .bss           0x02016b64        0x0 c:/altera/12.1/nios2eds/bin/gnu/h-i686-mingw32/bin/../lib/gcc/nios2-elf/4.1.2/../../../../nios2-elf/lib/mno-hw-mul\libstdc++.a(eh_throw.o)
 .bss           0x02016b64        0x0 c:/altera/12.1/nios2eds/bin/gnu/h-i686-mingw32/bin/../lib/gcc/nios2-elf/4.1.2/../../../../nios2-elf/lib/mno-hw-mul\libstdc++.a(eh_terminate.o)
 .bss           0x02016b64        0x0 c:/altera/12.1/nios2eds/bin/gnu/h-i686-mingw32/bin/../lib/gcc/nios2-elf/4.1.2/../../../../nios2-elf/lib/mno-hw-mul\libstdc++.a(eh_globals.o)
 .bss           0x02016b64        0x0 c:/altera/12.1/nios2eds/bin/gnu/h-i686-mingw32/bin/../lib/gcc/nios2-elf/4.1.2/../../../../nios2-elf/lib/mno-hw-mul\libstdc++.a(eh_unex_handler.o)
 .bss           0x02016b64        0x0 c:/altera/12.1/nios2eds/bin/gnu/h-i686-mingw32/bin/../lib/gcc/nios2-elf/4.1.2/../../../../nios2-elf/lib/mno-hw-mul\libstdc++.a(new_handler.o)
 .bss           0x02016b64        0x0 c:/altera/12.1/nios2eds/bin/gnu/h-i686-mingw32/bin/../lib/gcc/nios2-elf/4.1.2/../../../../nios2-elf/lib/mno-hw-mul\libstdc++.a(eh_catch.o)
 .bss           0x02016b64        0x0 c:/altera/12.1/nios2eds/bin/gnu/h-i686-mingw32/bin/../lib/gcc/nios2-elf/4.1.2/../../../../nios2-elf/lib/mno-hw-mul\libstdc++.a(eh_term_handler.o)
 .bss           0x02016b64        0x0 c:/altera/12.1/nios2eds/bin/gnu/h-i686-mingw32/bin/../lib/gcc/nios2-elf/4.1.2/mno-hw-mul\libgcc.a(_divdi3.o)
 .bss           0x02016b64        0x0 c:/altera/12.1/nios2eds/bin/gnu/h-i686-mingw32/bin/../lib/gcc/nios2-elf/4.1.2/mno-hw-mul\libgcc.a(lib2-divmod.o)
 .bss           0x02016b64        0x0 c:/altera/12.1/nios2eds/bin/gnu/h-i686-mingw32/bin/../lib/gcc/nios2-elf/4.1.2/mno-hw-mul\libgcc.a(lib2-mul.o)
 .bss           0x02016b64        0x0 c:/altera/12.1/nios2eds/bin/gnu/h-i686-mingw32/bin/../lib/gcc/nios2-elf/4.1.2/mno-hw-mul\libgcc.a(unwind-sjlj.o)
 .bss           0x02016b64        0x0 c:/altera/12.1/nios2eds/bin/gnu/h-i686-mingw32/bin/../lib/gcc/nios2-elf/4.1.2/mno-hw-mul\libgcc.a(_clz.o)